Archive member included to satisfy reference by file (symbol)

../../components/newlib/newlib-3.1.0/armca5/libc.a(lib_a-atof.o)
                              components/app/init/CMakeFiles/APPIMAGE_APP.dir/__/gnss/hd_gnss_demo.c.obj (atof)
../../components/newlib/newlib-3.1.0/armca5/libc.a(lib_a-atoi.o)
                              components/app/init/CMakeFiles/APPIMAGE_APP.dir/__/gnss/hd_gnss_demo.c.obj (atoi)
../../components/newlib/newlib-3.1.0/armca5/libc.a(lib_a-ctype_.o)
                              components/app/init/CMakeFiles/APPIMAGE_APP.dir/__/t2n/cJSON.c.obj (_ctype_)
../../components/newlib/newlib-3.1.0/armca5/libc.a(lib_a-errno.o)
                              components/app/init/CMakeFiles/APPIMAGE_APP.dir/__/esp32_network/common/common.c.obj (__errno)
../../components/newlib/newlib-3.1.0/armca5/libc.a(lib_a-fflush.o)
                              components/app/init/CMakeFiles/APPIMAGE_APP.dir/__/esp32_flash/bootloader/example_common.c.obj (fflush)
../../components/newlib/newlib-3.1.0/armca5/libc.a(lib_a-findfp.o)
                              ../../components/newlib/newlib-3.1.0/armca5/libc.a(lib_a-fflush.o) (__sinit)
../../components/newlib/newlib-3.1.0/armca5/libc.a(lib_a-fwalk.o)
                              ../../components/newlib/newlib-3.1.0/armca5/libc.a(lib_a-findfp.o) (_fwalk)
../../components/newlib/newlib-3.1.0/armca5/libc.a(lib_a-impure.o)
                              ../../components/newlib/newlib-3.1.0/armca5/libc.a(lib_a-fflush.o) (_global_impure_ptr)
../../components/newlib/newlib-3.1.0/armca5/libc.a(lib_a-lock.o)
                              ../../components/newlib/newlib-3.1.0/armca5/libc.a(lib_a-findfp.o) (__retarget_lock_init_recursive)
../../components/newlib/newlib-3.1.0/armca5/libc.a(lib_a-memchr.o)
                              components/app/init/CMakeFiles/APPIMAGE_APP.dir/__/gnss/hd_gnss_demo.c.obj (memchr)
../../components/newlib/newlib-3.1.0/armca5/libc.a(lib_a-memcmp.o)
                              components/app/init/CMakeFiles/APPIMAGE_APP.dir/__/esp32_flash/bootloader/esp_loader.c.obj (memcmp)
../../components/newlib/newlib-3.1.0/armca5/libc.a(lib_a-memcpy-stub.o)
                              components/app/init/CMakeFiles/APPIMAGE_APP.dir/__/audio/audio_demo.c.obj (memcpy)
../../components/newlib/newlib-3.1.0/armca5/libc.a(lib_a-memmove.o)
                              components/app/init/CMakeFiles/APPIMAGE_APP.dir/__/gnss/hd_gnss_demo.c.obj (memmove)
../../components/newlib/newlib-3.1.0/armca5/libc.a(lib_a-memset.o)
                              components/app/init/CMakeFiles/APPIMAGE_APP.dir/__/audio/audio_demo.c.obj (memset)
../../components/newlib/newlib-3.1.0/armca5/libc.a(lib_a-mktime.o)
                              components/app/init/CMakeFiles/APPIMAGE_APP.dir/__/rtk/um982.c.obj (mktime)
../../components/newlib/newlib-3.1.0/armca5/libc.a(lib_a-snprintf.o)
                              components/app/init/CMakeFiles/APPIMAGE_APP.dir/__/esp32_network/app_host/control/control_utils.c.obj (snprintf)
../../components/newlib/newlib-3.1.0/armca5/libc.a(lib_a-sprintf.o)
                              components/app/init/CMakeFiles/APPIMAGE_APP.dir/__/t2n/cJSON.c.obj (sprintf)
../../components/newlib/newlib-3.1.0/armca5/libc.a(lib_a-sscanf.o)
                              components/app/init/CMakeFiles/APPIMAGE_APP.dir/__/t2n/cJSON.c.obj (sscanf)
../../components/newlib/newlib-3.1.0/armca5/libc.a(lib_a-stdio.o)
                              ../../components/newlib/newlib-3.1.0/armca5/libc.a(lib_a-findfp.o) (__sread)
../../components/newlib/newlib-3.1.0/armca5/libc.a(lib_a-strchr.o)
                              components/app/init/CMakeFiles/APPIMAGE_APP.dir/__/gnss/hd_gnss_demo.c.obj (strchr)
../../components/newlib/newlib-3.1.0/armca5/libc.a(lib_a-strcmp.o)
                              components/app/init/CMakeFiles/APPIMAGE_APP.dir/__/gnss/hd_gnss_demo.c.obj (strcmp)
../../components/newlib/newlib-3.1.0/armca5/libc.a(lib_a-strcpy.o)
                              components/app/init/CMakeFiles/APPIMAGE_APP.dir/__/t2n/cJSON.c.obj (strcpy)
../../components/newlib/newlib-3.1.0/armca5/libc.a(lib_a-strlen.o)
                              components/app/init/CMakeFiles/APPIMAGE_APP.dir/__/gnss/hd_gnss_demo.c.obj (strlen)
../../components/newlib/newlib-3.1.0/armca5/libc.a(lib_a-strncasecmp.o)
                              components/app/init/CMakeFiles/APPIMAGE_APP.dir/__/esp32_network/app_host/control/control.c.obj (strncasecmp)
../../components/newlib/newlib-3.1.0/armca5/libc.a(lib_a-strncmp.o)
                              components/app/init/CMakeFiles/APPIMAGE_APP.dir/__/gnss/hd_gnss_demo.c.obj (strncmp)
../../components/newlib/newlib-3.1.0/armca5/libc.a(lib_a-strncpy.o)
                              components/app/init/CMakeFiles/APPIMAGE_APP.dir/__/t2n/cfg.c.obj (strncpy)
../../components/newlib/newlib-3.1.0/armca5/libc.a(lib_a-strnstr.o)
[...]
Memory Configuration

Name             Origin             Length             Attributes
flash            0x60300100         0x0011ff00         xr
ram              0x807f0000         0x00010000         xrw
*default*        0x00000000         0xffffffff

Linker script and memory map

LOAD lib/core_stub.o
LOAD components/app/init/CMakeFiles/APPIMAGE_APP.dir/ql_init.c.obj
LOAD components/app/init/CMakeFiles/APPIMAGE_APP.dir/__/audio/audio_demo.c.obj
LOAD components/app/init/CMakeFiles/APPIMAGE_APP.dir/__/audio/audio_code_cfg.c.obj
LOAD components/app/init/CMakeFiles/APPIMAGE_APP.dir/__/gnss/hd_gnss_demo.c.obj
LOAD components/app/init/CMakeFiles/APPIMAGE_APP.dir/__/t2n/modbus-tcp.c.obj
LOAD components/app/init/CMakeFiles/APPIMAGE_APP.dir/__/t2n/modbus-udp.c.obj
LOAD components/app/init/CMakeFiles/APPIMAGE_APP.dir/__/t2n/ModbusS.c.obj
LOAD components/app/init/CMakeFiles/APPIMAGE_APP.dir/__/t2n/cJSON.c.obj
LOAD components/app/init/CMakeFiles/APPIMAGE_APP.dir/__/t2n/cfg.c.obj
LOAD components/app/init/CMakeFiles/APPIMAGE_APP.dir/__/t2n/md5.c.obj
LOAD components/app/init/CMakeFiles/APPIMAGE_APP.dir/__/t2n/network_ql.c.obj
LOAD components/app/init/CMakeFiles/APPIMAGE_APP.dir/__/t2n/t2n.c.obj
LOAD components/app/init/CMakeFiles/APPIMAGE_APP.dir/__/t2n/nmea_tcp.c.obj
LOAD components/app/init/CMakeFiles/APPIMAGE_APP.dir/__/t2n/udp_ota_shell.c.obj
LOAD components/app/init/CMakeFiles/APPIMAGE_APP.dir/__/rtk/um982.c.obj
LOAD components/app/init/CMakeFiles/APPIMAGE_APP.dir/__/rtk/minmea.c.obj
LOAD components/app/init/CMakeFiles/APPIMAGE_APP.dir/__/rtk/coordtrans.c.obj
LOAD components/app/init/CMakeFiles/APPIMAGE_APP.dir/__/rtk/gps_coord.c.obj
LOAD components/app/init/CMakeFiles/APPIMAGE_APP.dir/__/rs485/uart_text.c.obj
LOAD components/app/init/CMakeFiles/APPIMAGE_APP.dir/__/esp32_flash/esp32_flash.c.obj
LOAD components/app/init/CMakeFiles/APPIMAGE_APP.dir/__/esp32_flash/bootloader/ec600u_port.c.obj
LOAD components/app/init/CMakeFiles/APPIMAGE_APP.dir/__/esp32_flash/bootloader/esp_loader.c.obj
LOAD components/app/init/CMakeFiles/APPIMAGE_APP.dir/__/esp32_flash/bootloader/esp_targets.c.obj
LOAD components/app/init/CMakeFiles/APPIMAGE_APP.dir/__/esp32_flash/bootloader/example_common.c.obj
LOAD components/app/init/CMakeFiles/APPIMAGE_APP.dir/__/esp32_flash/bootloader/protocol_common.c.obj
LOAD components/app/init/CMakeFiles/APPIMAGE_APP.dir/__/esp32_flash/bootloader/protocol_uart.c.obj
LOAD components/app/init/CMakeFiles/APPIMAGE_APP.dir/__/esp32_flash/bootloader/slip.c.obj
LOAD components/app/init/CMakeFiles/APPIMAGE_APP.dir/__/esp32_flash/http_download.c.obj
LOAD components/app/init/CMakeFiles/APPIMAGE_APP.dir/__/modbus_rtu_slave/modbus_slave.c.obj
LOAD components/app/init/CMakeFiles/APPIMAGE_APP.dir/__/uart1_rs485/com_poll.c.obj
LOAD components/app/init/CMakeFiles/APPIMAGE_APP.dir/__/uart1_rs485/uart1_modbus_master.c.obj
LOAD components/app/init/CMakeFiles/APPIMAGE_APP.dir/__/usb_acm_netif/usb_acm_xcm.c.obj
LOAD components/app/init/CMakeFiles/APPIMAGE_APP.dir/__/ec600u_bl0939/ac_current.c.obj
LOAD components/app/init/CMakeFiles/APPIMAGE_APP.dir/__/ec600u_bl0939/app_can.c.obj
LOAD components/app/init/CMakeFiles/APPIMAGE_APP.dir/__/ec600u_bl0939/mcp2515.c.obj
LOAD components/app/init/CMakeFiles/APPIMAGE_APP.dir/__/esp32_network/app_host/control/control_utils.c.obj
LOAD components/app/init/CMakeFiles/APPIMAGE_APP.dir/__/esp32_network/app_host/control/control.c.obj
LOAD components/app/init/CMakeFiles/APPIMAGE_APP.dir/__/esp32_network/app_host/data/arp_server_stub.c.obj
LOAD components/app/init/CMakeFiles/APPIMAGE_APP.dir/__/esp32_network/app_host/app_main_api.c.obj
LOAD components/app/init/CMakeFiles/APPIMAGE_APP.dir/__/esp32_network/app_host/app_main.c.obj
LOAD components/app/init/CMakeFiles/APPIMAGE_APP.dir/__/esp32_network/common/common.c.obj
LOAD components/app/init/CMakeFiles/APPIMAGE_APP.dir/__/esp32_network/common/stats.c.obj
LOAD components/app/init/CMakeFiles/APPIMAGE_APP.dir/__/esp32_network/common/util.c.obj
LOAD components/app/init/CMakeFiles/APPIMAGE_APP.dir/__/esp32_network/component/src/esp_queue.c.obj
LOAD components/app/init/CMakeFiles/APPIMAGE_APP.dir/__/esp32_network/control_lib/src/ctrl_api.c.obj
LOAD components/app/init/CMakeFiles/APPIMAGE_APP.dir/__/esp32_network/control_lib/src/ctrl_core.c.obj
LOAD components/app/init/CMakeFiles/APPIMAGE_APP.dir/__/esp32_network/driver/network/netdev_api.c.obj
LOAD components/app/init/CMakeFiles/APPIMAGE_APP.dir/__/esp32_network/driver/network/netdev_stub.c.obj
LOAD components/app/init/CMakeFiles/APPIMAGE_APP.dir/__/esp32_network/driver/serial/serial_ll_if.c.obj
LOAD components/app/init/CMakeFiles/APPIMAGE_APP.dir/__/esp32_network/driver/serial/serial_if.c.obj
LOAD components/app/init/CMakeFiles/APPIMAGE_APP.dir/__/esp32_network/driver/transport/transport_drv.c.obj
LOAD components/app/init/CMakeFiles/APPIMAGE_APP.dir/__/esp32_network/driver/transport/spi/spi_drv.c.obj
LOAD components/app/init/CMakeFiles/APPIMAGE_APP.dir/__/esp32_network/port/src/platform_wrapper.c.obj
LOAD components/app/init/CMakeFiles/APPIMAGE_APP.dir/__/esp32_network/common_based/esp_hosted_config.pb-c.c.obj
LOAD components/app/init/CMakeFiles/APPIMAGE_APP.dir/__/esp32_network/common_based/protobuf-c/protobuf-c.c.obj
LOAD ../../components/newlib/newlib-3.1.0/armca5/libc.a
LOAD ../../components/newlib/newlib-3.1.0/armca5/libm.a
LOAD ../../prebuilts/win32/gcc-arm-none-eabi/gcc-arm-none-eabi-9.2.1/bin/../lib/gcc/arm-none-eabi/9.2.1/thumb/v7+fp/hard/libgcc.a
LOAD lib/libql_app_audio.a
LOAD lib/libql_app_hd_gnss.a
LOAD lib/libql_app_peripheral.a
LOAD lib/libt2n.a
LOAD lib/librtk.a
LOAD lib/librs485.a
LOAD lib/libesp32_flash.a
LOAD lib/libmodbus_rtu_slave.a
LOAD lib/libuart1_rs485.a
LOAD lib/libusb_acm_netif.a
LOAD lib/libec600u_bl0939.a
LOAD lib/libesp32_network.a
LOAD lib/libmqtt_test.a
LOAD lib/librtk.a
LOAD lib/libt2n.a
LOAD lib/libesp32_flash.a
LOAD lib/libmodbus_rtu_slave.a
LOAD lib/libhttp_fota.a
LOAD lib/libt2n.a
LOAD lib/libesp32_flash.a
LOAD lib/libmodbus_rtu_slave.a
LOAD lib/libhttp_fota.a
LOAD lib/libsdmmc.a
                0x00000000                PROVIDE (appimg_get_param = 0x0)
                0x00000000                PROVIDE (appimg_set_param = 0x0)
                0x60300100                . = ORIGIN (flash)
                0x60300100                __flash_start = .

.imageheader    0x60300100       0x80
                0x60300100        0x4 LONG 0x41505032
                0x60300104        0x4 LONG 0x0
                0x60300108        0x4 LONG 0x0
 *(.rodata.core_stub.header)
 .rodata.core_stub.header
                0x6030010c       0x14 lib/core_stub.o
                0x6030010c                gAppImageCoreHeader
                0x60300120        0x4 LONG 0x2
                0x60300124        0x4 LONG 0x80 (__corestub_load_start - __flash_start)
                0x60300128        0x4 LONG 0x230 (__corestub_end - __corestub_start)
                0x6030012c        0x4 LONG 0x807f0000 __corestub_start
                0x60300130        0x4 LONG 0x4
                0x60300134        0x4 LONG 0x700 (__text_load_start - __flash_start)
                0x60300138        0x4 LONG 0x1c516 (__text_end - __text_start)
                0x6030013c        0x4 LONG 0x60300800 __text_start
                0x60300140        0x4 LONG 0x4
                0x60300144        0x4 LONG 0x1cc40 (__init_array_load_start - __flash_start)
                0x60300148        0x4 LONG 0x0 (__init_array_end - __init_array_start)
                0x6030014c        0x4 LONG 0x6031cd40 __init_array_start
                0x60300150        0x4 LONG 0x1
                0x60300154        0x4 LONG 0x2c0 (__data_load_start - __flash_start)
                0x60300158        0x4 LONG 0x424 (__data_end - __data_start)
                0x6030015c        0x4 LONG 0x807f0240 __data_start
                0x60300160        0x4 LONG 0x3
                0x60300164        0x4 LONG 0x0
                0x60300168        0x4 LONG 0x988 (__bss_end - __bss_start)
                0x6030016c        0x4 LONG 0x807f0680 __bss_start
                0x60300170        0x4 LONG 0x0
                0x60300174        0x4 LONG 0x0
                0x60300178        0x4 LONG 0x0
                0x6030017c        0x4 LONG 0x0
                0x00000001                ASSERT ((SIZEOF (.imageheader) == 0x80), invalid app image header)
                0x807f0000                . = ORIGIN (ram)
                0x807f0000                __ram_start = .

.corestub       0x807f0000      0x240 load address 0x60300180
                0x807f0000                __corestub_start = .
 *(.text.core_stub.*)
 .text.core_stub.__getreent
                0x807f0000        0x8 lib/core_stub.o
                0x807f0000                __getreent
 .text.core_stub.add_static_route
                0x807f0008        0x8 lib/core_stub.o
                0x807f0008                add_static_route
 .text.core_stub.calloc
                0x807f0010        0x8 lib/core_stub.o
                0x807f0010                calloc
 .text.core_stub.etharp_output
                0x807f0018        0x8 lib/core_stub.o
                0x807f0018                etharp_output
 .text.core_stub.ethernet_input
                0x807f0020        0x8 lib/core_stub.o
                0x807f0020                ethernet_input
 .text.core_stub.free
                0x807f0028        0x8 lib/core_stub.o
                0x807f0028                free
 .text.core_stub.lwip_inet_ntop
                0x807f0030        0x8 lib/core_stub.o
                0x807f0030                lwip_inet_ntop
 .text.core_stub.malloc
                0x807f0038        0x8 lib/core_stub.o
                0x807f0038                malloc
 .text.core_stub.netif_add
                0x807f0040        0x8 lib/core_stub.o
                0x807f0040                netif_add
 .text.core_stub.netif_get_by_cid_type
                0x807f0048        0x8 lib/core_stub.o
                0x807f0048                netif_get_by_cid_type
 .text.core_stub.netif_set_down
                0x807f0050        0x8 lib/core_stub.o
                0x807f0050                netif_set_down
 .text.core_stub.netif_set_up
                0x807f0058        0x8 lib/core_stub.o
                0x807f0058                netif_set_up
 .text.core_stub.osiThreadExit
                0x807f0060        0x8 lib/core_stub.o
                0x807f0060                osiThreadExit
 .text.core_stub.osiTracePrintf
                0x807f0068        0x8 lib/core_stub.o
                0x807f0068                osiTracePrintf
 .text.core_stub.pbuf_alloc
                0x807f0070        0x8 lib/core_stub.o
                0x807f0070                pbuf_alloc
 .text.core_stub.pbuf_free
                0x807f0078        0x8 lib/core_stub.o
                0x807f0078                pbuf_free
 .text.core_stub.pbuf_header
                0x807f0080        0x8 lib/core_stub.o
                0x807f0080                pbuf_header
 .text.core_stub.ql_bind_sim_and_profile
                0x807f0088        0x8 lib/core_stub.o
                0x807f0088                ql_bind_sim_and_profile
 .text.core_stub.ql_dev_cfg_wdt
                0x807f0090        0x8 lib/core_stub.o
                0x807f0090                ql_dev_cfg_wdt
 .text.core_stub.ql_event_try_wait
                0x807f0098        0x8 lib/core_stub.o
                0x807f0098                ql_event_try_wait
 .text.core_stub.ql_get_data_call_info
                0x807f00a0        0x8 lib/core_stub.o
                0x807f00a0                ql_get_data_call_info
 .text.core_stub.ql_gettimeofday
                0x807f00a8        0x8 lib/core_stub.o
                0x807f00a8                ql_gettimeofday
 .text.core_stub.ql_gpio_get_level
                0x807f00b0        0x8 lib/core_stub.o
                0x807f00b0                ql_gpio_get_level
 .text.core_stub.ql_gpio_init
                0x807f00b8        0x8 lib/core_stub.o
                0x807f00b8                ql_gpio_init
 .text.core_stub.ql_gpio_set_level
                0x807f00c0        0x8 lib/core_stub.o
                0x807f00c0                ql_gpio_set_level
 .text.core_stub.ql_mqtt_client_deinit
                0x807f00c8        0x8 lib/core_stub.o
                0x807f00c8                ql_mqtt_client_deinit
 .text.core_stub.ql_mqtt_client_init
                0x807f00d0        0x8 lib/core_stub.o
                0x807f00d0                ql_mqtt_client_init
 .text.core_stub.ql_mqtt_connect
                0x807f00d8        0x8 lib/core_stub.o
                0x807f00d8                ql_mqtt_connect
 .text.core_stub.ql_mqtt_publish
                0x807f00e0        0x8 lib/core_stub.o
                0x807f00e0                ql_mqtt_publish
 .text.core_stub.ql_mqtt_set_inpub_callback
                0x807f00e8        0x8 lib/core_stub.o
                0x807f00e8                ql_mqtt_set_inpub_callback
 .text.core_stub.ql_mqtt_sub_unsub
                0x807f00f0        0x8 lib/core_stub.o
                0x807f00f0                ql_mqtt_sub_unsub
 .text.core_stub.ql_network_register_wait
                0x807f00f8        0x8 lib/core_stub.o
                0x807f00f8                ql_network_register_wait
 .text.core_stub.ql_nvm_fread
                0x807f0100        0x8 lib/core_stub.o
                0x807f0100                ql_nvm_fread
 .text.core_stub.ql_nvm_fwrite
                0x807f0108        0x8 lib/core_stub.o
                0x807f0108                ql_nvm_fwrite
 .text.core_stub.ql_pin_set_func
                0x807f0110        0x8 lib/core_stub.o
                0x807f0110                ql_pin_set_func
 .text.core_stub.ql_rtos_event_send
                0x807f0118        0x8 lib/core_stub.o
                0x807f0118                ql_rtos_event_send
 .text.core_stub.ql_rtos_mutex_create
                0x807f0120        0x8 lib/core_stub.o
                0x807f0120                ql_rtos_mutex_create
 .text.core_stub.ql_rtos_mutex_lock
                0x807f0128        0x8 lib/core_stub.o
                0x807f0128                ql_rtos_mutex_lock
 .text.core_stub.ql_rtos_mutex_unlock
                0x807f0130        0x8 lib/core_stub.o
                0x807f0130                ql_rtos_mutex_unlock
 .text.core_stub.ql_rtos_queue_create
                0x807f0138        0x8 lib/core_stub.o
                0x807f0138                ql_rtos_queue_create
 .text.core_stub.ql_rtos_queue_delete
                0x807f0140        0x8 lib/core_stub.o
                0x807f0140                ql_rtos_queue_delete
 .text.core_stub.ql_rtos_queue_get_cnt
                0x807f0148        0x8 lib/core_stub.o
                0x807f0148                ql_rtos_queue_get_cnt
 .text.core_stub.ql_rtos_queue_release
                0x807f0150        0x8 lib/core_stub.o
                0x807f0150                ql_rtos_queue_release
 .text.core_stub.ql_rtos_queue_wait
                0x807f0158        0x8 lib/core_stub.o
                0x807f0158                ql_rtos_queue_wait
 .text.core_stub.ql_rtos_semaphore_create
                0x807f0160        0x8 lib/core_stub.o
                0x807f0160                ql_rtos_semaphore_create
 .text.core_stub.ql_rtos_semaphore_delete
                0x807f0168        0x8 lib/core_stub.o
                0x807f0168                ql_rtos_semaphore_delete
 .text.core_stub.ql_rtos_semaphore_release
                0x807f0170        0x8 lib/core_stub.o
                0x807f0170                ql_rtos_semaphore_release
 .text.core_stub.ql_rtos_semaphore_wait
                0x807f0178        0x8 lib/core_stub.o
                0x807f0178                ql_rtos_semaphore_wait
 .text.core_stub.ql_rtos_task_create
                0x807f0180        0x8 lib/core_stub.o
                0x807f0180                ql_rtos_task_create
 .text.core_stub.ql_rtos_task_delete
                0x807f0188        0x8 lib/core_stub.o
                0x807f0188                ql_rtos_task_delete
 .text.core_stub.ql_rtos_task_sleep_ms
                0x807f0190        0x8 lib/core_stub.o
                0x807f0190                ql_rtos_task_sleep_ms
 .text.core_stub.ql_rtos_task_sleep_s
                0x807f0198        0x8 lib/core_stub.o
                0x807f0198                ql_rtos_task_sleep_s
 .text.core_stub.ql_rtos_timer_create
                0x807f01a0        0x8 lib/core_stub.o
                0x807f01a0                ql_rtos_timer_create
 .text.core_stub.ql_rtos_timer_delete
                0x807f01a8        0x8 lib/core_stub.o
                0x807f01a8                ql_rtos_timer_delete
 .text.core_stub.ql_rtos_timer_stop
                0x807f01b0        0x8 lib/core_stub.o
                0x807f01b0                ql_rtos_timer_stop
 .text.core_stub.ql_set_data_call_asyn_mode
                0x807f01b8        0x8 lib/core_stub.o
                0x807f01b8                ql_set_data_call_asyn_mode
 .text.core_stub.ql_spi_cs_high
                0x807f01c0        0x8 lib/core_stub.o
                0x807f01c0                ql_spi_cs_high
 .text.core_stub.ql_spi_cs_low
                0x807f01c8        0x8 lib/core_stub.o
                0x807f01c8                ql_spi_cs_low
 .text.core_stub.ql_spi_init_ext
                0x807f01d0        0x8 lib/core_stub.o
                0x807f01d0                ql_spi_init_ext
 .text.core_stub.ql_spi_set_irq
                0x807f01d8        0x8 lib/core_stub.o
                0x807f01d8                ql_spi_set_irq
 .text.core_stub.ql_spi_write_read
                0x807f01e0        0x8 lib/core_stub.o
                0x807f01e0                ql_spi_write_read
 .text.core_stub.ql_start_data_call
                0x807f01e8        0x8 lib/core_stub.o
                0x807f01e8                ql_start_data_call
 .text.core_stub.ql_stop_data_call
                0x807f01f0        0x8 lib/core_stub.o
                0x807f01f0                ql_stop_data_call
 .text.core_stub.ql_uart_open
                0x807f01f8        0x8 lib/core_stub.o
                0x807f01f8                ql_uart_open
 .text.core_stub.ql_uart_read
                0x807f0200        0x8 lib/core_stub.o
                0x807f0200                ql_uart_read
 .text.core_stub.ql_uart_register_cb
                0x807f0208        0x8 lib/core_stub.o
                0x807f0208                ql_uart_register_cb
 .text.core_stub.ql_uart_set_event_mask
                0x807f0210        0x8 lib/core_stub.o
                0x807f0210                ql_uart_set_event_mask
 .text.core_stub.ql_uart_write
                0x807f0218        0x8 lib/core_stub.o
                0x807f0218                ql_uart_write
 .text.core_stub.realloc
                0x807f0220        0x8 lib/core_stub.o
                0x807f0220                realloc
 .text.core_stub.remove_static_route
                0x807f0228        0x8 lib/core_stub.o
                0x807f0228                remove_static_route
                0x807f0230                __corestub_end = .
                0x807f0240                . = ALIGN (0x20)
 *fill*         0x807f0230       0x10 
                0x60300180                __corestub_load_start = LOADADDR (.corestub)

.data           0x807f0240      0x440 load address 0x603003c0
                0x807f0240                __data_start = .
 *(.data .data.* .gnu.linkonce.d.*)
 .data.global_hooks
                0x807f0240        0xc components/app/init/CMakeFiles/APPIMAGE_APP.dir/__/t2n/cJSON.c.obj
 .data.arp_req_tx
                0x807f024c       0x2a components/app/init/CMakeFiles/APPIMAGE_APP.dir/__/esp32_network/app_host/data/arp_server_stub.c.obj
 *fill*         0x807f0276        0x2 
 .data.expected_resp_uid
                0x807f0278        0x4 components/app/init/CMakeFiles/APPIMAGE_APP.dir/__/esp32_network/control_lib/src/ctrl_core.c.obj
 .data.serial_ll_fops
                0x807f027c       0x10 components/app/init/CMakeFiles/APPIMAGE_APP.dir/__/esp32_network/driver/serial/serial_ll_if.c.obj
 .data.chip_type
                0x807f028c        0x1 components/app/init/CMakeFiles/APPIMAGE_APP.dir/__/esp32_network/driver/transport/transport_drv.c.obj
 *fill*         0x807f028d        0x3 
 .data.esp_net_ops
                0x807f0290        0xc components/app/init/CMakeFiles/APPIMAGE_APP.dir/__/esp32_network/driver/transport/spi/spi_drv.c.obj
 .data.hardware_type
                0x807f029c        0x1 components/app/init/CMakeFiles/APPIMAGE_APP.dir/__/esp32_network/driver/transport/spi/spi_drv.c.obj
 *fill*         0x807f029d        0x3 
 .data.protobuf_c__allocator
                0x807f02a0        0xc components/app/init/CMakeFiles/APPIMAGE_APP.dir/__/esp32_network/common_based/protobuf-c/protobuf-c.c.obj
 .data.numempty
                0x807f02ac        0x2 ../../components/newlib/newlib-3.1.0/armca5/libc.a(lib_a-lnumeric.o)
 *fill*         0x807f02ae        0x2 
 .data.__global_locale
                0x807f02b0      0x16c ../../components/newlib/newlib-3.1.0/armca5/libc.a(lib_a-locale.o)
                0x807f02b0                __global_locale
 .data.cmdversion
                0x807f041c        0x4 lib/libmqtt_test.a(data_init.c.obj)
                0x807f041c                cmdversion
 .data.sensor_attribute
                0x807f0420      0x140 lib/libmqtt_test.a(data_init.c.obj)
                0x807f0420                sensor_attribute
 .data.sensor_time
                0x807f0560       0xf0 lib/libmqtt_test.a(data_init.c.obj)
                0x807f0560                sensor_time
 .data.sensor_type
                0x807f0650        0x8 lib/libmqtt_test.a(data_init.c.obj)
                0x807f0650                sensor_type
 .data.speaker_data
                0x807f0658        0xc lib/libmqtt_test.a(data_init.c.obj)
                0x807f0658                speaker_data
                0x807f0664                __data_end = .
                0x807f0680                . = ALIGN (0x20)
 *fill*         0x807f0664       0x1c 
                0x603003c0                __data_load_start = LOADADDR (.data)

.igot.plt       0x60300800        0x0
 .igot.plt      0x60300800        0x0 lib/core_stub.o

.bss            0x807f0680      0x9a0
                0x807f0680                __bss_start = .
 *(.bss .bss.* COMMON .scommon .sbss .sbss.* .sbss2 .sbss2.* .gnu.linkonce.b.*)
 .bss.eth_net_if
                0x807f0680      0x1b4 components/app/init/CMakeFiles/APPIMAGE_APP.dir/__/usb_acm_netif/usb_acm_xcm.c.obj
 .bss.mutex_send
                0x807f0834        0x4 components/app/init/CMakeFiles/APPIMAGE_APP.dir/__/usb_acm_netif/usb_acm_xcm.c.obj
 .bss.nat_entry
                0x807f0838        0x4 components/app/init/CMakeFiles/APPIMAGE_APP.dir/__/usb_acm_netif/usb_acm_xcm.c.obj
 .bss.rx_pkt_buf.15939
                0x807f083c        0x4 components/app/init/CMakeFiles/APPIMAGE_APP.dir/__/usb_acm_netif/usb_acm_xcm.c.obj
 .bss.sem_send  0x807f0840        0x4 components/app/init/CMakeFiles/APPIMAGE_APP.dir/__/usb_acm_netif/usb_acm_xcm.c.obj
 .bss.usb_acm_slip_task
                0x807f0844        0x4 components/app/init/CMakeFiles/APPIMAGE_APP.dir/__/usb_acm_netif/usb_acm_xcm.c.obj
                0x807f0844                usb_acm_slip_task
 .bss.usb_fifo_full
                0x807f0848        0x4 components/app/init/CMakeFiles/APPIMAGE_APP.dir/__/usb_acm_netif/usb_acm_xcm.c.obj
                0x807f0848                usb_fifo_full
 .bss.usb_rx_buf
                0x807f084c       0x46 components/app/init/CMakeFiles/APPIMAGE_APP.dir/__/usb_acm_netif/usb_acm_xcm.c.obj
 *fill*         0x807f0892        0x2 
 .bss.control_path_evt_handler_fp
                0x807f0894        0x4 components/app/init/CMakeFiles/APPIMAGE_APP.dir/__/esp32_network/app_host/control/control.c.obj
 .bss.mode      0x807f0898        0x4 components/app/init/CMakeFiles/APPIMAGE_APP.dir/__/esp32_network/app_host/control/control.c.obj
 .bss.self_softap_mac
                0x807f089c        0x6 components/app/init/CMakeFiles/APPIMAGE_APP.dir/__/esp32_network/app_host/control/control.c.obj
 .bss.self_station_mac
                0x807f08a2        0x6 components/app/init/CMakeFiles/APPIMAGE_APP.dir/__/esp32_network/app_host/control/control.c.obj
 .bss.count.8254
                0x807f08a8        0x4 components/app/init/CMakeFiles/APPIMAGE_APP.dir/__/esp32_network/app_host/data/arp_server_stub.c.obj
 COMMON         0x807f08ac        0x8 components/app/init/CMakeFiles/APPIMAGE_APP.dir/__/esp32_network/app_host/app_main.c.obj
                0x807f08ac                sta_handle
                0x807f08b0                ap_handle
 .bss.async_timer_handle
                0x807f08b4        0x4 components/app/init/CMakeFiles/APPIMAGE_APP.dir/__/esp32_network/control_lib/src/ctrl_core.c.obj
 .bss.ctrl_event_cb_table
                0x807f08b8       0x1c components/app/init/CMakeFiles/APPIMAGE_APP.dir/__/esp32_network/control_lib/src/ctrl_core.c.obj
 .bss.ctrl_lib_ctxt
                0x807f08d4        0x4 components/app/init/CMakeFiles/APPIMAGE_APP.dir/__/esp32_network/control_lib/src/ctrl_core.c.obj
 .bss.ctrl_msg_Q
                0x807f08d8        0x4 components/app/init/CMakeFiles/APPIMAGE_APP.dir/__/esp32_network/control_lib/src/ctrl_core.c.obj
                0x807f08d8                ctrl_msg_Q
 .bss.ctrl_req_sem
                0x807f08dc        0x4 components/app/init/CMakeFiles/APPIMAGE_APP.dir/__/esp32_network/control_lib/src/ctrl_core.c.obj
 .bss.ctrl_resp_cb_table
                0x807f08e0       0x68 components/app/init/CMakeFiles/APPIMAGE_APP.dir/__/esp32_network/control_lib/src/ctrl_core.c.obj
 .bss.ctrl_rx_thread_handle
                0x807f0948        0x4 components/app/init/CMakeFiles/APPIMAGE_APP.dir/__/esp32_network/control_lib/src/ctrl_core.c.obj
 .bss.read_sem  0x807f094c        0x4 components/app/init/CMakeFiles/APPIMAGE_APP.dir/__/esp32_network/control_lib/src/ctrl_core.c.obj
 .bss.uid       0x807f0950        0x4 components/app/init/CMakeFiles/APPIMAGE_APP.dir/__/esp32_network/control_lib/src/ctrl_core.c.obj
 .bss.ndev_index
                0x807f0954        0x1 components/app/init/CMakeFiles/APPIMAGE_APP.dir/__/esp32_network/driver/network/netdev_stub.c.obj
 *fill*         0x807f0955        0x3 
 COMMON         0x807f0958        0x8 components/app/init/CMakeFiles/APPIMAGE_APP.dir/__/esp32_network/driver/network/netdev_stub.c.obj
                0x807f0958                ndev_db
 .bss.conn_num  0x807f0960        0x1 components/app/init/CMakeFiles/APPIMAGE_APP.dir/__/esp32_network/driver/serial/serial_ll_if.c.obj
 *fill*         0x807f0961        0x3 
 .bss.interface_handle_g
                0x807f0964        0x8 components/app/init/CMakeFiles/APPIMAGE_APP.dir/__/esp32_network/driver/serial/serial_ll_if.c.obj
 .bss.r         0x807f096c        0x8 components/app/init/CMakeFiles/APPIMAGE_APP.dir/__/esp32_network/driver/serial/serial_ll_if.c.obj
 .bss.serial_handle
                0x807f0974        0x4 components/app/init/CMakeFiles/APPIMAGE_APP.dir/__/esp32_network/driver/serial/serial_if.c.obj
                0x807f0974                serial_handle
 .bss.esp_priv  0x807f0978        0x8 components/app/init/CMakeFiles/APPIMAGE_APP.dir/__/esp32_network/driver/transport/spi/spi_drv.c.obj
 .bss.from_slave_queue
                0x807f0980        0x4 components/app/init/CMakeFiles/APPIMAGE_APP.dir/__/esp32_network/driver/transport/spi/spi_drv.c.obj
 .bss.gpio_level_high_flag
                0x807f0984        0x4 components/app/init/CMakeFiles/APPIMAGE_APP.dir/__/esp32_network/driver/transport/spi/spi_drv.c.obj
                0x807f0984                gpio_level_high_flag
 .bss.gpio_level_low_flag
                0x807f0988        0x4 components/app/init/CMakeFiles/APPIMAGE_APP.dir/__/esp32_network/driver/transport/spi/spi_drv.c.obj
                0x807f0988                gpio_level_low_flag
 .bss.mutex_spi_trans
                0x807f098c        0x4 components/app/init/CMakeFiles/APPIMAGE_APP.dir/__/esp32_network/driver/transport/spi/spi_drv.c.obj
 .bss.osSemaphore
                0x807f0990        0x4 components/app/init/CMakeFiles/APPIMAGE_APP.dir/__/esp32_network/driver/transport/spi/spi_drv.c.obj
 .bss.spi_demo_wait_write_read
                0x807f0994        0x1 components/app/init/CMakeFiles/APPIMAGE_APP.dir/__/esp32_network/driver/transport/spi/spi_drv.c.obj
                0x807f0994                spi_demo_wait_write_read
 *fill*         0x807f0995        0x3 
 .bss.spi_drv_evt_handler_fp
                0x807f0998        0x4 components/app/init/CMakeFiles/APPIMAGE_APP.dir/__/esp32_network/driver/transport/spi/spi_drv.c.obj
 *fill*         0x807f099c        0x4 
 .bss.spi_rxbuf
                0x807f09a0      0x200 components/app/init/CMakeFiles/APPIMAGE_APP.dir/__/esp32_network/driver/transport/spi/spi_drv.c.obj
 .bss.spi_txbuf
                0x807f0ba0      0x200 components/app/init/CMakeFiles/APPIMAGE_APP.dir/__/esp32_network/driver/transport/spi/spi_drv.c.obj
 .bss.to_slave_queue
                0x807f0da0        0x4 components/app/init/CMakeFiles/APPIMAGE_APP.dir/__/esp32_network/driver/transport/spi/spi_drv.c.obj
 COMMON         0x807f0da4        0x8 components/app/init/CMakeFiles/APPIMAGE_APP.dir/__/esp32_network/driver/transport/spi/spi_drv.c.obj
                0x807f0da4                spi_demo_write
                0x807f0da8                spi_demo_read
 .bss.readSemaphore
                0x807f0dac        0x4 components/app/init/CMakeFiles/APPIMAGE_APP.dir/__/esp32_network/port/src/platform_wrapper.c.obj
 .bss.serial_ll_if_g
                0x807f0db0        0x4 components/app/init/CMakeFiles/APPIMAGE_APP.dir/__/esp32_network/port/src/platform_wrapper.c.obj
 .bss.timerNew  0x807f0db4        0x4 components/app/init/CMakeFiles/APPIMAGE_APP.dir/__/esp32_network/port/src/platform_wrapper.c.obj
                0x807f0db4                timerNew
 .bss.mqtt_connected
                0x807f0db8        0x4 lib/libmqtt_test.a(mqtt_demo.c.obj)
 .bss.mqtt_semp
                0x807f0dbc        0x4 lib/libmqtt_test.a(mqtt_demo.c.obj)
 .bss.mqtt_task
                0x807f0dc0        0x4 lib/libmqtt_test.a(mqtt_demo.c.obj)
 COMMON         0x807f0dc4        0x4 lib/libmqtt_test.a(mqtt_demo.c.obj)
                0x807f0dc4                mqtt_cli
 .bss.i         0x807f0dc8        0x4 lib/libmqtt_test.a(process_para.c.obj)
                0x807f0dc8                i
 .bss.last_report_flag
                0x807f0dcc        0x4 lib/libmqtt_test.a(data_init.c.obj)
                0x807f0dcc                last_report_flag
 .bss.last_sensor_attribute
                0x807f0dd0      0x140 lib/libmqtt_test.a(data_init.c.obj)
                0x807f0dd0                last_sensor_attribute
 .bss.last_sensor_time
                0x807f0f10       0xf0 lib/libmqtt_test.a(data_init.c.obj)
                0x807f0f10                last_sensor_time
 .bss.report_flag
                0x807f1000        0x4 lib/libmqtt_test.a(data_init.c.obj)
                0x807f1000                report_flag
 COMMON         0x807f1004        0x4 lib/libmqtt_test.a(data_init.c.obj)
                0x807f1004                Time
                0x807f1008                __bss_end = .
                0x807f1020                . = ALIGN (0x20)
 *fill*         0x807f1008       0x18 
                0x60300800                . = ((LOADADDR (.corestub) + SIZEOF (.corestub)) + SIZEOF (.data))

.text           0x60300800    0x1c520
                0x60300800                __text_start = .
 *(.text .text.* .gnu.linkonce.t.* .rdata .rodata .rodata.* .gnu.linkonce.r.* .glue_7 .glue_7t .vfp11_veneer .v4_bx)
 .glue_7        0x60300800        0x0 linker stubs
 .glue_7t       0x60300800        0x0 linker stubs
 .vfp11_veneer  0x60300800        0x0 linker stubs
 .v4_bx         0x60300800        0x0 linker stubs
 .rodata.ql_init_app_thread.str1.1
                0x60300800       0x31 components/app/init/CMakeFiles/APPIMAGE_APP.dir/ql_init.c.obj
 *fill*         0x60300831        0x3 
 .text.ql_init_app_thread
                0x60300834       0x34 components/app/init/CMakeFiles/APPIMAGE_APP.dir/ql_init.c.obj
 .rodata.ql_pin_cfg_init.str1.1
                0x60300868       0x1c components/app/init/CMakeFiles/APPIMAGE_APP.dir/ql_init.c.obj
 .text.ql_pin_cfg_init
                0x60300884       0x68 components/app/init/CMakeFiles/APPIMAGE_APP.dir/ql_init.c.obj
                0x60300884                ql_pin_cfg_init
 .rodata.appimg_enter.str1.1
                0x603008ec       0x22 components/app/init/CMakeFiles/APPIMAGE_APP.dir/ql_init.c.obj
 *fill*         0x6030090e        0x2 
 .text.appimg_enter
                0x60300910       0x8c components/app/init/CMakeFiles/APPIMAGE_APP.dir/ql_init.c.obj
                0x60300910                appimg_enter
 .rodata.appimg_exit.str1.1
                0x6030099c       0x1c components/app/init/CMakeFiles/APPIMAGE_APP.dir/ql_init.c.obj
 .text.appimg_exit
                0x603009b8       0x1c components/app/init/CMakeFiles/APPIMAGE_APP.dir/ql_init.c.obj
                0x603009b8                appimg_exit
 .rodata.__FUNCTION__.9410
                0x603009d4       0x10 components/app/init/CMakeFiles/APPIMAGE_APP.dir/ql_init.c.obj
 .rodata.__FUNCTION__.9429
                0x603009e4       0x13 components/app/init/CMakeFiles/APPIMAGE_APP.dir/ql_init.c.obj
 .rodata.__FUNCTION__.9468
                0x603009f7        0xd components/app/init/CMakeFiles/APPIMAGE_APP.dir/ql_init.c.obj
 .rodata.__FUNCTION__.9472
                0x60300a04        0xc components/app/init/CMakeFiles/APPIMAGE_APP.dir/ql_init.c.obj
 .rodata._ql_gpio_cfg1
                0x60300a10       0x46 components/app/init/CMakeFiles/APPIMAGE_APP.dir/ql_init.c.obj
 .text.update_offset
                0x60300a56       0x18 components/app/init/CMakeFiles/APPIMAGE_APP.dir/__/t2n/cJSON.c.obj
 .text.ensure   0x60300a6e       0x82 components/app/init/CMakeFiles/APPIMAGE_APP.dir/__/t2n/cJSON.c.obj
 .text.add_item_to_array
                0x60300af0       0x2a components/app/init/CMakeFiles/APPIMAGE_APP.dir/__/t2n/cJSON.c.obj
 .rodata.print_string_ptr.str1.1
                0x60300b1a        0x9 components/app/init/CMakeFiles/APPIMAGE_APP.dir/__/t2n/cJSON.c.obj
 *fill*         0x60300b23        0x1 
 .text.print_string_ptr
                0x60300b24      0x130 components/app/init/CMakeFiles/APPIMAGE_APP.dir/__/t2n/cJSON.c.obj
 .text.cJSON_New_Item.isra.0
                0x60300c54       0x18 components/app/init/CMakeFiles/APPIMAGE_APP.dir/__/t2n/cJSON.c.obj
 .text.cJSON_strdup.isra.0.constprop.0
                0x60300c6c       0x2c components/app/init/CMakeFiles/APPIMAGE_APP.dir/__/t2n/cJSON.c.obj
 .text.add_item_to_object.constprop.0
                0x60300c98       0x54 components/app/init/CMakeFiles/APPIMAGE_APP.dir/__/t2n/cJSON.c.obj
 .rodata.print_value.str1.1
                0x60300cec       0x22 components/app/init/CMakeFiles/APPIMAGE_APP.dir/__/t2n/cJSON.c.obj
                                 0x25 (size before relaxing)
 *fill*         0x60300d0e        0x2 
 .text.print_value
                0x60300d10      0x3bc components/app/init/CMakeFiles/APPIMAGE_APP.dir/__/t2n/cJSON.c.obj
 .text.print.constprop.0
                0x603010cc       0x98 components/app/init/CMakeFiles/APPIMAGE_APP.dir/__/t2n/cJSON.c.obj
 .text.cJSON_Delete
                0x60301164       0x48 components/app/init/CMakeFiles/APPIMAGE_APP.dir/__/t2n/cJSON.c.obj
                0x60301164                cJSON_Delete
 .text.cJSON_PrintUnformatted
                0x603011ac        0x6 components/app/init/CMakeFiles/APPIMAGE_APP.dir/__/t2n/cJSON.c.obj
                0x603011ac                cJSON_PrintUnformatted
 .text.cJSON_AddItemToObject
                0x603011b2        0x6 components/app/init/CMakeFiles/APPIMAGE_APP.dir/__/t2n/cJSON.c.obj
                0x603011b2                cJSON_AddItemToObject
 .text.cJSON_CreateNumber
                0x603011b8       0x6c components/app/init/CMakeFiles/APPIMAGE_APP.dir/__/t2n/cJSON.c.obj
                0x603011b8                cJSON_CreateNumber
 .text.cJSON_AddNumberToObject
                0x60301224       0x28 components/app/init/CMakeFiles/APPIMAGE_APP.dir/__/t2n/cJSON.c.obj
                0x60301224                cJSON_AddNumberToObject
 .text.cJSON_CreateString
                0x6030124c       0x30 components/app/init/CMakeFiles/APPIMAGE_APP.dir/__/t2n/cJSON.c.obj
                0x6030124c                cJSON_CreateString
 .text.cJSON_AddStringToObject
                0x6030127c       0x2a components/app/init/CMakeFiles/APPIMAGE_APP.dir/__/t2n/cJSON.c.obj
                0x6030127c                cJSON_AddStringToObject
 *fill*         0x603012a6        0x2 
 .text.cJSON_CreateObject
                0x603012a8       0x18 components/app/init/CMakeFiles/APPIMAGE_APP.dir/__/t2n/cJSON.c.obj
                0x603012a8                cJSON_CreateObject
 .rodata.acm_net_output.str1.1
                0x603012c0       0xdb components/app/init/CMakeFiles/APPIMAGE_APP.dir/__/usb_acm_netif/usb_acm_xcm.c.obj
 *fill*         0x6030139b        0x1 
 .text.acm_net_output
                0x6030139c      0x13c components/app/init/CMakeFiles/APPIMAGE_APP.dir/__/usb_acm_netif/usb_acm_xcm.c.obj
 .rodata.usb_acm_net_thread.str1.1
                0x603014d8      0x124 components/app/init/CMakeFiles/APPIMAGE_APP.dir/__/usb_acm_netif/usb_acm_xcm.c.obj
 .text.usb_acm_net_thread
                0x603015fc      0x30c components/app/init/CMakeFiles/APPIMAGE_APP.dir/__/usb_acm_netif/usb_acm_xcm.c.obj
                0x603015fc                usb_acm_net_thread
 .rodata.acm_netif_init.str1.1
                0x60301908       0x30 components/app/init/CMakeFiles/APPIMAGE_APP.dir/__/usb_acm_netif/usb_acm_xcm.c.obj
 .text.acm_netif_init
                0x60301938       0x6c components/app/init/CMakeFiles/APPIMAGE_APP.dir/__/usb_acm_netif/usb_acm_xcm.c.obj
                0x60301938                acm_netif_init
 .rodata.acm_uart_notify_cb.str1.1
                0x603019a4       0x34 components/app/init/CMakeFiles/APPIMAGE_APP.dir/__/usb_acm_netif/usb_acm_xcm.c.obj
 .text.acm_uart_notify_cb
                0x603019d8       0x74 components/app/init/CMakeFiles/APPIMAGE_APP.dir/__/usb_acm_netif/usb_acm_xcm.c.obj
                0x603019d8                acm_uart_notify_cb
 .rodata.usb_acm_slip_init.str1.1
                0x60301a4c       0x6c components/app/init/CMakeFiles/APPIMAGE_APP.dir/__/usb_acm_netif/usb_acm_xcm.c.obj
 .text.usb_acm_slip_init
                0x60301ab8       0x60 components/app/init/CMakeFiles/APPIMAGE_APP.dir/__/usb_acm_netif/usb_acm_xcm.c.obj
                0x60301ab8                usb_acm_slip_init
 .rodata        0x60301b18        0x6 components/app/init/CMakeFiles/APPIMAGE_APP.dir/__/usb_acm_netif/usb_acm_xcm.c.obj
 .rodata.__FUNCTION__.15911
                0x60301b1e       0x13 components/app/init/CMakeFiles/APPIMAGE_APP.dir/__/usb_acm_netif/usb_acm_xcm.c.obj
 .rodata.__FUNCTION__.15921
                0x60301b31        0xf components/app/init/CMakeFiles/APPIMAGE_APP.dir/__/usb_acm_netif/usb_acm_xcm.c.obj
 .rodata.__FUNCTION__.15935
                0x60301b40        0xf components/app/init/CMakeFiles/APPIMAGE_APP.dir/__/usb_acm_netif/usb_acm_xcm.c.obj
 .rodata.__FUNCTION__.15949
                0x60301b4f       0x13 components/app/init/CMakeFiles/APPIMAGE_APP.dir/__/usb_acm_netif/usb_acm_xcm.c.obj
 .rodata.__FUNCTION__.15973
                0x60301b62       0x12 components/app/init/CMakeFiles/APPIMAGE_APP.dir/__/usb_acm_netif/usb_acm_xcm.c.obj
 .rodata.eth_broadcast_mac
                0x60301b74        0x6 components/app/init/CMakeFiles/APPIMAGE_APP.dir/__/usb_acm_netif/usb_acm_xcm.c.obj
                0x60301b74                eth_broadcast_mac
 .rodata.eth_mac
                0x60301b7a        0x6 components/app/init/CMakeFiles/APPIMAGE_APP.dir/__/usb_acm_netif/usb_acm_xcm.c.obj
                0x60301b7a                eth_mac
 .rodata.ctrl_app_resp_callback.str1.1
                0x60301b80      0xc03 components/app/init/CMakeFiles/APPIMAGE_APP.dir/__/esp32_network/app_host/control/control_utils.c.obj
 *fill*         0x60302783        0x1 
 .text.ctrl_app_resp_callback
                0x60302784      0x598 components/app/init/CMakeFiles/APPIMAGE_APP.dir/__/esp32_network/app_host/control/control_utils.c.obj
                0x60302784                ctrl_app_resp_callback
 .rodata.get_timestamp.part.0.constprop.0.str1.1
                0x60302d1c        0x5 components/app/init/CMakeFiles/APPIMAGE_APP.dir/__/esp32_network/app_host/control/control_utils.c.obj
 *fill*         0x60302d21        0x3 
 .text.get_timestamp.part.0.constprop.0
                0x60302d24       0x3c components/app/init/CMakeFiles/APPIMAGE_APP.dir/__/esp32_network/app_host/control/control_utils.c.obj
 .rodata.ctrl_app_event_callback.str1.1
                0x60302d60      0x18d components/app/init/CMakeFiles/APPIMAGE_APP.dir/__/esp32_network/app_host/control/control_utils.c.obj
 *fill*         0x60302eed        0x3 
 .text.ctrl_app_event_callback
                0x60302ef0      0x11c components/app/init/CMakeFiles/APPIMAGE_APP.dir/__/esp32_network/app_host/control/control_utils.c.obj
 .rodata.register_event_callbacks.str1.1
                0x6030300c       0x43 components/app/init/CMakeFiles/APPIMAGE_APP.dir/__/esp32_network/app_host/control/control_utils.c.obj
 *fill*         0x6030304f        0x1 
 .text.register_event_callbacks
                0x60303050       0x58 components/app/init/CMakeFiles/APPIMAGE_APP.dir/__/esp32_network/app_host/control/control_utils.c.obj
                0x60303050                register_event_callbacks
 .text.test_set_wifi_mode
                0x603030a8       0x3a components/app/init/CMakeFiles/APPIMAGE_APP.dir/__/esp32_network/app_host/control/control_utils.c.obj
                0x603030a8                test_set_wifi_mode
 .text.test_set_wifi_mode_station
                0x603030e2        0x6 components/app/init/CMakeFiles/APPIMAGE_APP.dir/__/esp32_network/app_host/control/control_utils.c.obj
                0x603030e2                test_set_wifi_mode_station
 .rodata.test_get_wifi_mac_addr.str1.1
                0x603030e8       0x28 components/app/init/CMakeFiles/APPIMAGE_APP.dir/__/esp32_network/app_host/control/control_utils.c.obj
 .text.test_get_wifi_mac_addr
                0x60303110       0x84 components/app/init/CMakeFiles/APPIMAGE_APP.dir/__/esp32_network/app_host/control/control_utils.c.obj
                0x60303110                test_get_wifi_mac_addr
 .text.test_station_mode_get_mac_addr
                0x60303194        0x8 components/app/init/CMakeFiles/APPIMAGE_APP.dir/__/esp32_network/app_host/control/control_utils.c.obj
                0x60303194                test_station_mode_get_mac_addr
 .text.test_softap_mode_get_mac_addr
                0x6030319c        0x8 components/app/init/CMakeFiles/APPIMAGE_APP.dir/__/esp32_network/app_host/control/control_utils.c.obj
                0x6030319c                test_softap_mode_get_mac_addr
 .text.test_station_mode_connect
                0x603031a4       0x6e components/app/init/CMakeFiles/APPIMAGE_APP.dir/__/esp32_network/app_host/control/control_utils.c.obj
                0x603031a4                test_station_mode_connect
 .text.test_get_available_wifi
                0x60303212        0x6 components/app/init/CMakeFiles/APPIMAGE_APP.dir/__/esp32_network/app_host/control/control_utils.c.obj
                0x60303212                test_get_available_wifi
 .text.test_softap_mode_start
                0x60303218       0x28 components/app/init/CMakeFiles/APPIMAGE_APP.dir/__/esp32_network/app_host/control/control_utils.c.obj
                0x60303218                test_softap_mode_start
 .rodata        0x60303240       0x20 components/app/init/CMakeFiles/APPIMAGE_APP.dir/__/esp32_network/app_host/control/control_utils.c.obj
 .rodata.__FUNCTION__.11067
                0x60303260       0x18 components/app/init/CMakeFiles/APPIMAGE_APP.dir/__/esp32_network/app_host/control/control_utils.c.obj
 .rodata.__FUNCTION__.11081
                0x60303278       0x19 components/app/init/CMakeFiles/APPIMAGE_APP.dir/__/esp32_network/app_host/control/control_utils.c.obj
 .rodata.__FUNCTION__.11116
                0x60303291       0x19 components/app/init/CMakeFiles/APPIMAGE_APP.dir/__/esp32_network/app_host/control/control_utils.c.obj
 .rodata.__FUNCTION__.11124
                0x603032aa       0x17 components/app/init/CMakeFiles/APPIMAGE_APP.dir/__/esp32_network/app_host/control/control_utils.c.obj
 .rodata.__FUNCTION__.11199
                0x603032c1       0x17 components/app/init/CMakeFiles/APPIMAGE_APP.dir/__/esp32_network/app_host/control/control_utils.c.obj
 .rodata.get_boolean_param.str1.1
                0x603032d8        0x4 components/app/init/CMakeFiles/APPIMAGE_APP.dir/__/esp32_network/app_host/control/control.c.obj
 .text.get_boolean_param
                0x603032dc       0x18 components/app/init/CMakeFiles/APPIMAGE_APP.dir/__/esp32_network/app_host/control/control.c.obj
 .rodata.control_path_task.str1.1
                0x603032f4      0x3a8 components/app/init/CMakeFiles/APPIMAGE_APP.dir/__/esp32_network/app_host/control/control.c.obj
                                0x3c8 (size before relaxing)
 .text.control_path_task
                0x6030369c      0x46c components/app/init/CMakeFiles/APPIMAGE_APP.dir/__/esp32_network/app_host/control/control.c.obj
 .rodata.get_self_ip_station.str1.1
                0x60303b08       0x4f components/app/init/CMakeFiles/APPIMAGE_APP.dir/__/esp32_network/app_host/control/control.c.obj
 *fill*         0x60303b57        0x1 
 .text.get_self_ip_station
                0x60303b58       0x34 components/app/init/CMakeFiles/APPIMAGE_APP.dir/__/esp32_network/app_host/control/control.c.obj
                0x60303b58                get_self_ip_station
 .rodata.get_self_ip_softap.str1.1
                0x60303b8c       0x4c components/app/init/CMakeFiles/APPIMAGE_APP.dir/__/esp32_network/app_host/control/control.c.obj
 .text.get_self_ip_softap
                0x60303bd8       0x34 components/app/init/CMakeFiles/APPIMAGE_APP.dir/__/esp32_network/app_host/control/control.c.obj
                0x60303bd8                get_self_ip_softap
 .text.get_self_mac_station
                0x60303c0c        0x8 components/app/init/CMakeFiles/APPIMAGE_APP.dir/__/esp32_network/app_host/control/control.c.obj
                0x60303c0c                get_self_mac_station
 .text.get_self_mac_softap
                0x60303c14        0x8 components/app/init/CMakeFiles/APPIMAGE_APP.dir/__/esp32_network/app_host/control/control.c.obj
                0x60303c14                get_self_mac_softap
 .rodata.get_arp_dst_ip_station.str1.1
                0x60303c1c       0x53 components/app/init/CMakeFiles/APPIMAGE_APP.dir/__/esp32_network/app_host/control/control.c.obj
 *fill*         0x60303c6f        0x1 
 .text.get_arp_dst_ip_station
                0x60303c70       0x34 components/app/init/CMakeFiles/APPIMAGE_APP.dir/__/esp32_network/app_host/control/control.c.obj
                0x60303c70                get_arp_dst_ip_station
 .rodata.get_arp_dst_ip_softap.str1.1
                0x60303ca4       0x52 components/app/init/CMakeFiles/APPIMAGE_APP.dir/__/esp32_network/app_host/control/control.c.obj
 *fill*         0x60303cf6        0x2 
 .text.get_arp_dst_ip_softap
                0x60303cf8       0x34 components/app/init/CMakeFiles/APPIMAGE_APP.dir/__/esp32_network/app_host/control/control.c.obj
                0x60303cf8                get_arp_dst_ip_softap
 .rodata.control_path_init.str1.1
                0x60303d2c      0x6e4 components/app/init/CMakeFiles/APPIMAGE_APP.dir/__/esp32_network/app_host/control/control.c.obj
                                0x6e5 (size before relaxing)
 .text.control_path_init
                0x60304410      0x2dc components/app/init/CMakeFiles/APPIMAGE_APP.dir/__/esp32_network/app_host/control/control.c.obj
                0x60304410                control_path_init
 .rodata.__FUNCTION__.10901
                0x603046ec       0x14 components/app/init/CMakeFiles/APPIMAGE_APP.dir/__/esp32_network/app_host/control/control.c.obj
 .rodata.__FUNCTION__.10905
                0x60304700       0x13 components/app/init/CMakeFiles/APPIMAGE_APP.dir/__/esp32_network/app_host/control/control.c.obj
 .rodata.__FUNCTION__.10913
                0x60304713       0x17 components/app/init/CMakeFiles/APPIMAGE_APP.dir/__/esp32_network/app_host/control/control.c.obj
 .rodata.__FUNCTION__.10917
                0x6030472a       0x16 components/app/init/CMakeFiles/APPIMAGE_APP.dir/__/esp32_network/app_host/control/control.c.obj
 .rodata.__FUNCTION__.10922
                0x60304740       0x12 components/app/init/CMakeFiles/APPIMAGE_APP.dir/__/esp32_network/app_host/control/control.c.obj
 .rodata.__FUNCTION__.10951
                0x60304752       0x1f components/app/init/CMakeFiles/APPIMAGE_APP.dir/__/esp32_network/app_host/control/control.c.obj
 .rodata.__FUNCTION__.10963
                0x60304771       0x10 components/app/init/CMakeFiles/APPIMAGE_APP.dir/__/esp32_network/app_host/control/control.c.obj
 .rodata.__FUNCTION__.10977
                0x60304781        0xd components/app/init/CMakeFiles/APPIMAGE_APP.dir/__/esp32_network/app_host/control/control.c.obj
 .rodata.__FUNCTION__.10993
                0x6030478e       0x12 components/app/init/CMakeFiles/APPIMAGE_APP.dir/__/esp32_network/app_host/control/control.c.obj
 .rodata.arp_req_handler.str1.1
                0x603047a0       0xd5 components/app/init/CMakeFiles/APPIMAGE_APP.dir/__/esp32_network/app_host/data/arp_server_stub.c.obj
 *fill*         0x60304875        0x3 
 .text.arp_req_handler
                0x60304878      0x20c components/app/init/CMakeFiles/APPIMAGE_APP.dir/__/esp32_network/app_host/data/arp_server_stub.c.obj
                0x60304878                arp_req_handler
 .rodata.send_arp_req.str1.1
                0x60304a84       0x28 components/app/init/CMakeFiles/APPIMAGE_APP.dir/__/esp32_network/app_host/data/arp_server_stub.c.obj
 .text.send_arp_req
                0x60304aac      0x108 components/app/init/CMakeFiles/APPIMAGE_APP.dir/__/esp32_network/app_host/data/arp_server_stub.c.obj
                0x60304aac                send_arp_req
 .rodata        0x60304bb4       0x28 components/app/init/CMakeFiles/APPIMAGE_APP.dir/__/esp32_network/app_host/data/arp_server_stub.c.obj
 .rodata.__FUNCTION__.8255
                0x60304bdc        0xc components/app/init/CMakeFiles/APPIMAGE_APP.dir/__/esp32_network/app_host/data/arp_server_stub.c.obj
 .rodata.__FUNCTION__.8270
                0x60304be8       0x10 components/app/init/CMakeFiles/APPIMAGE_APP.dir/__/esp32_network/app_host/data/arp_server_stub.c.obj
 .rodata.__FUNCTION__.8279
                0x60304bf8        0xd components/app/init/CMakeFiles/APPIMAGE_APP.dir/__/esp32_network/app_host/data/arp_server_stub.c.obj
 *fill*         0x60304c05        0x1 
 .text.stream_set
                0x60304c06       0x14 components/app/init/CMakeFiles/APPIMAGE_APP.dir/__/esp32_network/app_host/app_main_api.c.obj
                0x60304c06                stream_set
 .rodata.stream_get.str1.1
                0x60304c1a       0x62 components/app/init/CMakeFiles/APPIMAGE_APP.dir/__/esp32_network/app_host/app_main_api.c.obj
 .text.stream_get
                0x60304c7c       0x30 components/app/init/CMakeFiles/APPIMAGE_APP.dir/__/esp32_network/app_host/app_main_api.c.obj
                0x60304c7c                stream_get
 .rodata.__FUNCTION__.6954
                0x60304cac        0xb components/app/init/CMakeFiles/APPIMAGE_APP.dir/__/esp32_network/app_host/app_main_api.c.obj
 .rodata.sta_rx_callback.str1.1
                0x60304cb7       0xbc components/app/init/CMakeFiles/APPIMAGE_APP.dir/__/esp32_network/app_host/app_main.c.obj
 *fill*         0x60304d73        0x1 
 .text.sta_rx_callback
                0x60304d74       0xbc components/app/init/CMakeFiles/APPIMAGE_APP.dir/__/esp32_network/app_host/app_main.c.obj
 .rodata.ap_rx_callback.str1.1
                0x60304e30       0x30 components/app/init/CMakeFiles/APPIMAGE_APP.dir/__/esp32_network/app_host/app_main.c.obj
 .text.ap_rx_callback
                0x60304e60       0xbc components/app/init/CMakeFiles/APPIMAGE_APP.dir/__/esp32_network/app_host/app_main.c.obj
 .rodata.arping_task.str1.1
                0x60304f1c        0x7 components/app/init/CMakeFiles/APPIMAGE_APP.dir/__/esp32_network/app_host/app_main.c.obj
 *fill*         0x60304f23        0x1 
 .text.arping_task
                0x60304f24       0x80 components/app/init/CMakeFiles/APPIMAGE_APP.dir/__/esp32_network/app_host/app_main.c.obj
                0x60304f24                arping_task
 .rodata.transport_driver_event_handler.str1.1
                0x60304fa4       0x4f components/app/init/CMakeFiles/APPIMAGE_APP.dir/__/esp32_network/app_host/app_main.c.obj
 *fill*         0x60304ff3        0x1 
 .text.transport_driver_event_handler
                0x60304ff4       0x48 components/app/init/CMakeFiles/APPIMAGE_APP.dir/__/esp32_network/app_host/app_main.c.obj
 .rodata.control_path_event_handler.str1.1
                0x6030503c       0x5d components/app/init/CMakeFiles/APPIMAGE_APP.dir/__/esp32_network/app_host/app_main.c.obj
 *fill*         0x60305099        0x3 
 .text.control_path_event_handler
                0x6030509c       0xb0 components/app/init/CMakeFiles/APPIMAGE_APP.dir/__/esp32_network/app_host/app_main.c.obj
 .rodata.MX_FREERTOS_Init.str1.1
                0x6030514c       0x2c components/app/init/CMakeFiles/APPIMAGE_APP.dir/__/esp32_network/app_host/app_main.c.obj
 .text.MX_FREERTOS_Init
                0x60305178       0x94 components/app/init/CMakeFiles/APPIMAGE_APP.dir/__/esp32_network/app_host/app_main.c.obj
                0x60305178                MX_FREERTOS_Init
 .rodata.__FUNCTION__.15930
                0x6030520c       0x1b components/app/init/CMakeFiles/APPIMAGE_APP.dir/__/esp32_network/app_host/app_main.c.obj
 .rodata.__FUNCTION__.15937
                0x60305227       0x1f components/app/init/CMakeFiles/APPIMAGE_APP.dir/__/esp32_network/app_host/app_main.c.obj
 .rodata.__FUNCTION__.15948
                0x60305246       0x11 components/app/init/CMakeFiles/APPIMAGE_APP.dir/__/esp32_network/app_host/app_main.c.obj
 .rodata.__FUNCTION__.16210
                0x60305257       0x10 components/app/init/CMakeFiles/APPIMAGE_APP.dir/__/esp32_network/app_host/app_main.c.obj
 .rodata.__FUNCTION__.16222
                0x60305267        0xf components/app/init/CMakeFiles/APPIMAGE_APP.dir/__/esp32_network/app_host/app_main.c.obj
 .rodata.__FUNCTION__.16228
                0x60305276        0x9 components/app/init/CMakeFiles/APPIMAGE_APP.dir/__/esp32_network/app_host/app_main.c.obj
 .rodata.__FUNCTION__.16233
                0x6030527f        0x8 components/app/init/CMakeFiles/APPIMAGE_APP.dir/__/esp32_network/app_host/app_main.c.obj
 .rodata.__func__.16212
                0x60305287       0x10 components/app/init/CMakeFiles/APPIMAGE_APP.dir/__/esp32_network/app_host/app_main.c.obj
 .rodata.__func__.16224
                0x60305297        0xf components/app/init/CMakeFiles/APPIMAGE_APP.dir/__/esp32_network/app_host/app_main.c.obj
 .text.hton_short
                0x603052a6        0x6 components/app/init/CMakeFiles/APPIMAGE_APP.dir/__/esp32_network/common/common.c.obj
                0x603052a6                hton_short
 .text.hton_long
                0x603052ac        0x4 components/app/init/CMakeFiles/APPIMAGE_APP.dir/__/esp32_network/common/common.c.obj
                0x603052ac                hton_long
 .text.print_hex_dump
                0x603052b0        0x2 components/app/init/CMakeFiles/APPIMAGE_APP.dir/__/esp32_network/common/common.c.obj
                0x603052b0                print_hex_dump
 .text.min      0x603052b2        0x8 components/app/init/CMakeFiles/APPIMAGE_APP.dir/__/esp32_network/common/common.c.obj
                0x603052b2                min
 .text.hard_delay
                0x603052ba       0x1e components/app/init/CMakeFiles/APPIMAGE_APP.dir/__/esp32_network/common/common.c.obj
                0x603052ba                hard_delay
 .rodata.get_num_from_string.str1.1
                0x603052d8       0x66 components/app/init/CMakeFiles/APPIMAGE_APP.dir/__/esp32_network/common/common.c.obj
 *fill*         0x6030533e        0x2 
 .text.get_num_from_string
                0x60305340       0x84 components/app/init/CMakeFiles/APPIMAGE_APP.dir/__/esp32_network/common/common.c.obj
                0x60305340                get_num_from_string
 .rodata.__FUNCTION__.7398
                0x603053c4       0x14 components/app/init/CMakeFiles/APPIMAGE_APP.dir/__/esp32_network/common/common.c.obj
 .text.ipv4_addr_aton
                0x603053d8       0xf8 components/app/init/CMakeFiles/APPIMAGE_APP.dir/__/esp32_network/common/util.c.obj
                0x603053d8                ipv4_addr_aton
 .text.ipv4_addr_ntoa
                0x603054d0       0xa8 components/app/init/CMakeFiles/APPIMAGE_APP.dir/__/esp32_network/common/util.c.obj
                0x603054d0                ipv4_addr_ntoa
 .rodata.convert_mac_to_bytes.str1.1
                0x60305578       0x18 components/app/init/CMakeFiles/APPIMAGE_APP.dir/__/esp32_network/common/util.c.obj
 .text.convert_mac_to_bytes
                0x60305590       0x80 components/app/init/CMakeFiles/APPIMAGE_APP.dir/__/esp32_network/common/util.c.obj
                0x60305590                convert_mac_to_bytes
 .text.is_same_buff
                0x60305610       0x2c components/app/init/CMakeFiles/APPIMAGE_APP.dir/__/esp32_network/common/util.c.obj
                0x60305610                is_same_buff
 .text.get_ipaddr_from_str
                0x6030563c       0x24 components/app/init/CMakeFiles/APPIMAGE_APP.dir/__/esp32_network/common/util.c.obj
                0x6030563c                get_ipaddr_from_str
 .text.create_esp_queue
                0x60305660       0x12 components/app/init/CMakeFiles/APPIMAGE_APP.dir/__/esp32_network/component/src/esp_queue.c.obj
                0x60305660                create_esp_queue
 .rodata.esp_queue_put.str1.1
                0x60305672       0x49 components/app/init/CMakeFiles/APPIMAGE_APP.dir/__/esp32_network/component/src/esp_queue.c.obj
 *fill*         0x603056bb        0x1 
 .text.esp_queue_put
                0x603056bc       0x60 components/app/init/CMakeFiles/APPIMAGE_APP.dir/__/esp32_network/component/src/esp_queue.c.obj
                0x603056bc                esp_queue_put
 .text.esp_queue_get
                0x6030571c       0x26 components/app/init/CMakeFiles/APPIMAGE_APP.dir/__/esp32_network/component/src/esp_queue.c.obj
                0x6030571c                esp_queue_get
 .text.esp_queue_destroy
                0x60305742       0x2e components/app/init/CMakeFiles/APPIMAGE_APP.dir/__/esp32_network/component/src/esp_queue.c.obj
                0x60305742                esp_queue_destroy
 .rodata.__FUNCTION__.7351
                0x60305770        0xe components/app/init/CMakeFiles/APPIMAGE_APP.dir/__/esp32_network/component/src/esp_queue.c.obj
 .text.init_hosted_control_lib
                0x6030577e        0x4 components/app/init/CMakeFiles/APPIMAGE_APP.dir/__/esp32_network/control_lib/src/ctrl_api.c.obj
                0x6030577e                init_hosted_control_lib
 .rodata.wifi_get_mac.str1.1
                0x60305782       0x2e components/app/init/CMakeFiles/APPIMAGE_APP.dir/__/esp32_network/control_lib/src/ctrl_api.c.obj
 .text.wifi_get_mac
                0x603057b0       0x64 components/app/init/CMakeFiles/APPIMAGE_APP.dir/__/esp32_network/control_lib/src/ctrl_api.c.obj
                0x603057b0                wifi_get_mac
 .text.wifi_set_mode
                0x60305814       0x64 components/app/init/CMakeFiles/APPIMAGE_APP.dir/__/esp32_network/control_lib/src/ctrl_api.c.obj
                0x60305814                wifi_set_mode
 .text.wifi_connect_ap
                0x60305878       0x64 components/app/init/CMakeFiles/APPIMAGE_APP.dir/__/esp32_network/control_lib/src/ctrl_api.c.obj
                0x60305878                wifi_connect_ap
 .rodata.__FUNCTION__.9214
                0x603058dc        0xd components/app/init/CMakeFiles/APPIMAGE_APP.dir/__/esp32_network/control_lib/src/ctrl_api.c.obj
 .rodata.__FUNCTION__.9226
                0x603058e9        0xe components/app/init/CMakeFiles/APPIMAGE_APP.dir/__/esp32_network/control_lib/src/ctrl_api.c.obj
 .rodata.__FUNCTION__.9246
                0x603058f7       0x10 components/app/init/CMakeFiles/APPIMAGE_APP.dir/__/esp32_network/control_lib/src/ctrl_api.c.obj
 *fill*         0x60305907        0x1 
 .text.ctrl_rx_ind
                0x60305908        0xc components/app/init/CMakeFiles/APPIMAGE_APP.dir/__/esp32_network/control_lib/src/ctrl_core.c.obj
 .rodata.ctrl_async_timeout_handler.str1.1
                0x60305914       0x61 components/app/init/CMakeFiles/APPIMAGE_APP.dir/__/esp32_network/control_lib/src/ctrl_core.c.obj
 *fill*         0x60305975        0x3 
 .text.ctrl_async_timeout_handler
                0x60305978       0x74 components/app/init/CMakeFiles/APPIMAGE_APP.dir/__/esp32_network/control_lib/src/ctrl_core.c.obj
 .rodata.ctrl_rx_thread.str1.1
                0x603059ec      0x4cf components/app/init/CMakeFiles/APPIMAGE_APP.dir/__/esp32_network/control_lib/src/ctrl_core.c.obj
                                0x4d7 (size before relaxing)
 *fill*         0x60305ebb        0x1 
 .text.ctrl_rx_thread
                0x60305ebc      0xb40 components/app/init/CMakeFiles/APPIMAGE_APP.dir/__/esp32_network/control_lib/src/ctrl_core.c.obj
 .rodata.is_async_resp_callback_registered.str1.1
                0x603069fc       0x49 components/app/init/CMakeFiles/APPIMAGE_APP.dir/__/esp32_network/control_lib/src/ctrl_core.c.obj
 *fill*         0x60306a45        0x3 
 .text.is_async_resp_callback_registered
                0x60306a48       0x50 components/app/init/CMakeFiles/APPIMAGE_APP.dir/__/esp32_network/control_lib/src/ctrl_core.c.obj
                0x60306a48                is_async_resp_callback_registered
 .text.set_event_callback
                0x60306a98       0x44 components/app/init/CMakeFiles/APPIMAGE_APP.dir/__/esp32_network/control_lib/src/ctrl_core.c.obj
                0x60306a98                set_event_callback
 .rodata.ctrl_wait_and_parse_sync_resp.str1.1
                0x60306adc       0xc9 components/app/init/CMakeFiles/APPIMAGE_APP.dir/__/esp32_network/control_lib/src/ctrl_core.c.obj
 *fill*         0x60306ba5        0x3 
 .text.ctrl_wait_and_parse_sync_resp
                0x60306ba8       0xd8 components/app/init/CMakeFiles/APPIMAGE_APP.dir/__/esp32_network/control_lib/src/ctrl_core.c.obj
                0x60306ba8                ctrl_wait_and_parse_sync_resp
 .rodata.ctrl_app_send_req.str1.1
                0x60306c80      0x5f4 components/app/init/CMakeFiles/APPIMAGE_APP.dir/__/esp32_network/control_lib/src/ctrl_core.c.obj
                                0x5f7 (size before relaxing)
 .text.ctrl_app_send_req
                0x60307274      0x770 components/app/init/CMakeFiles/APPIMAGE_APP.dir/__/esp32_network/control_lib/src/ctrl_core.c.obj
                0x60307274                ctrl_app_send_req
 .rodata.deinit_hosted_control_lib_internal.str1.1
                0x603079e4       0xd0 components/app/init/CMakeFiles/APPIMAGE_APP.dir/__/esp32_network/control_lib/src/ctrl_core.c.obj
 .text.deinit_hosted_control_lib_internal
                0x60307ab4       0xe4 components/app/init/CMakeFiles/APPIMAGE_APP.dir/__/esp32_network/control_lib/src/ctrl_core.c.obj
                0x60307ab4                deinit_hosted_control_lib_internal
 .rodata.init_hosted_control_lib_internal.str1.1
                0x60307b98       0xbd components/app/init/CMakeFiles/APPIMAGE_APP.dir/__/esp32_network/control_lib/src/ctrl_core.c.obj
 *fill*         0x60307c55        0x3 
 .text.init_hosted_control_lib_internal
                0x60307c58       0xc0 components/app/init/CMakeFiles/APPIMAGE_APP.dir/__/esp32_network/control_lib/src/ctrl_core.c.obj
                0x60307c58                init_hosted_control_lib_internal
 .rodata.__FUNCTION__.10462
                0x60307d18       0x15 components/app/init/CMakeFiles/APPIMAGE_APP.dir/__/esp32_network/control_lib/src/ctrl_core.c.obj
 .rodata.__FUNCTION__.10477
                0x60307d2d       0x14 components/app/init/CMakeFiles/APPIMAGE_APP.dir/__/esp32_network/control_lib/src/ctrl_core.c.obj
 .rodata.__FUNCTION__.10549
                0x60307d41       0x1d components/app/init/CMakeFiles/APPIMAGE_APP.dir/__/esp32_network/control_lib/src/ctrl_core.c.obj
 .rodata.__FUNCTION__.10557
                0x60307d5e       0x14 components/app/init/CMakeFiles/APPIMAGE_APP.dir/__/esp32_network/control_lib/src/ctrl_core.c.obj
 .rodata.__FUNCTION__.10565
                0x60307d72        0xf components/app/init/CMakeFiles/APPIMAGE_APP.dir/__/esp32_network/control_lib/src/ctrl_core.c.obj
 .rodata.__FUNCTION__.10575
                0x60307d81       0x15 components/app/init/CMakeFiles/APPIMAGE_APP.dir/__/esp32_network/control_lib/src/ctrl_core.c.obj
 .rodata.__FUNCTION__.10580
                0x60307d96       0x16 components/app/init/CMakeFiles/APPIMAGE_APP.dir/__/esp32_network/control_lib/src/ctrl_core.c.obj
 .rodata.__FUNCTION__.10589
                0x60307dac        0xd components/app/init/CMakeFiles/APPIMAGE_APP.dir/__/esp32_network/control_lib/src/ctrl_core.c.obj
 .rodata.__FUNCTION__.10601
                0x60307db9       0x18 components/app/init/CMakeFiles/APPIMAGE_APP.dir/__/esp32_network/control_lib/src/ctrl_core.c.obj
 .rodata.__FUNCTION__.10605
                0x60307dd1       0x31 components/app/init/CMakeFiles/APPIMAGE_APP.dir/__/esp32_network/control_lib/src/ctrl_core.c.obj
 .rodata.__FUNCTION__.10610
                0x60307e02       0x22 components/app/init/CMakeFiles/APPIMAGE_APP.dir/__/esp32_network/control_lib/src/ctrl_core.c.obj
 .rodata.__FUNCTION__.10616
                0x60307e24       0x13 components/app/init/CMakeFiles/APPIMAGE_APP.dir/__/esp32_network/control_lib/src/ctrl_core.c.obj
 .rodata.__FUNCTION__.10625
                0x60307e37       0x1e components/app/init/CMakeFiles/APPIMAGE_APP.dir/__/esp32_network/control_lib/src/ctrl_core.c.obj
 .rodata.__FUNCTION__.10630
                0x60307e55       0x1b components/app/init/CMakeFiles/APPIMAGE_APP.dir/__/esp32_network/control_lib/src/ctrl_core.c.obj
 .rodata.__FUNCTION__.10635
                0x60307e70       0x12 components/app/init/CMakeFiles/APPIMAGE_APP.dir/__/esp32_network/control_lib/src/ctrl_core.c.obj
 .rodata.__FUNCTION__.10698
                0x60307e82       0x23 components/app/init/CMakeFiles/APPIMAGE_APP.dir/__/esp32_network/control_lib/src/ctrl_core.c.obj
 .rodata.__FUNCTION__.10703
                0x60307ea5       0x21 components/app/init/CMakeFiles/APPIMAGE_APP.dir/__/esp32_network/control_lib/src/ctrl_core.c.obj
 .rodata.__func__.10559
                0x60307ec6       0x14 components/app/init/CMakeFiles/APPIMAGE_APP.dir/__/esp32_network/control_lib/src/ctrl_core.c.obj
 .rodata.__func__.10569
                0x60307eda        0xf components/app/init/CMakeFiles/APPIMAGE_APP.dir/__/esp32_network/control_lib/src/ctrl_core.c.obj
 *fill*         0x60307ee9        0x1 
 .text.network_init
                0x60307eea        0xa components/app/init/CMakeFiles/APPIMAGE_APP.dir/__/esp32_network/driver/network/netdev_api.c.obj
                0x60307eea                network_init
 .rodata.network_open.str1.1
                0x60307ef4       0x52 components/app/init/CMakeFiles/APPIMAGE_APP.dir/__/esp32_network/driver/network/netdev_api.c.obj
 *fill*         0x60307f46        0x2 
 .text.network_open
                0x60307f48       0x60 components/app/init/CMakeFiles/APPIMAGE_APP.dir/__/esp32_network/driver/network/netdev_api.c.obj
                0x60307f48                network_open
 .text.network_read
                0x60307fa8       0x42 components/app/init/CMakeFiles/APPIMAGE_APP.dir/__/esp32_network/driver/network/netdev_api.c.obj
                0x60307fa8                network_read
 .text.network_write
                0x60307fea       0x24 components/app/init/CMakeFiles/APPIMAGE_APP.dir/__/esp32_network/driver/network/netdev_api.c.obj
                0x60307fea                network_write
 .rodata.__FUNCTION__.7942
                0x6030800e        0xd components/app/init/CMakeFiles/APPIMAGE_APP.dir/__/esp32_network/driver/network/netdev_api.c.obj
 *fill*         0x6030801b        0x1 
 .text.netdev_init
                0x6030801c       0x10 components/app/init/CMakeFiles/APPIMAGE_APP.dir/__/esp32_network/driver/network/netdev_stub.c.obj
                0x6030801c                netdev_init
 .text.netdev_open
                0x6030802c       0x3a components/app/init/CMakeFiles/APPIMAGE_APP.dir/__/esp32_network/driver/network/netdev_stub.c.obj
                0x6030802c                netdev_open
 *fill*         0x60308066        0x2 
 .text.netdev_get
                0x60308068       0x3c components/app/init/CMakeFiles/APPIMAGE_APP.dir/__/esp32_network/driver/network/netdev_stub.c.obj
                0x60308068                netdev_get
 .rodata.netdev_alloc.str1.1
                0x603080a4       0x6f components/app/init/CMakeFiles/APPIMAGE_APP.dir/__/esp32_network/driver/network/netdev_stub.c.obj
 *fill*         0x60308113        0x1 
 .text.netdev_alloc
                0x60308114       0x70 components/app/init/CMakeFiles/APPIMAGE_APP.dir/__/esp32_network/driver/network/netdev_stub.c.obj
                0x60308114                netdev_alloc
 .text.netdev_free
                0x60308184       0x26 components/app/init/CMakeFiles/APPIMAGE_APP.dir/__/esp32_network/driver/network/netdev_stub.c.obj
                0x60308184                netdev_free
 .text.netdev_get_priv
                0x603081aa        0x8 components/app/init/CMakeFiles/APPIMAGE_APP.dir/__/esp32_network/driver/network/netdev_stub.c.obj
                0x603081aa                netdev_get_priv
 .rodata.netdev_register.str1.1
                0x603081b2       0x25 components/app/init/CMakeFiles/APPIMAGE_APP.dir/__/esp32_network/driver/network/netdev_stub.c.obj
 *fill*         0x603081d7        0x1 
 .text.netdev_register
                0x603081d8       0x48 components/app/init/CMakeFiles/APPIMAGE_APP.dir/__/esp32_network/driver/network/netdev_stub.c.obj
                0x603081d8                netdev_register
 .text.netdev_unregister
                0x60308220       0x30 components/app/init/CMakeFiles/APPIMAGE_APP.dir/__/esp32_network/driver/network/netdev_stub.c.obj
                0x60308220                netdev_unregister
 .rodata.netdev_rx.str1.1
                0x60308250       0x35 components/app/init/CMakeFiles/APPIMAGE_APP.dir/__/esp32_network/driver/network/netdev_stub.c.obj
 *fill*         0x60308285        0x3 
 .text.netdev_rx
                0x60308288       0x94 components/app/init/CMakeFiles/APPIMAGE_APP.dir/__/esp32_network/driver/network/netdev_stub.c.obj
                0x60308288                netdev_rx
 .rodata.__FUNCTION__.8924
                0x6030831c        0xd components/app/init/CMakeFiles/APPIMAGE_APP.dir/__/esp32_network/driver/network/netdev_stub.c.obj
 .rodata.__FUNCTION__.8938
                0x60308329       0x10 components/app/init/CMakeFiles/APPIMAGE_APP.dir/__/esp32_network/driver/network/netdev_stub.c.obj
 .rodata.__FUNCTION__.8943
                0x60308339       0x12 components/app/init/CMakeFiles/APPIMAGE_APP.dir/__/esp32_network/driver/network/netdev_stub.c.obj
 .rodata.__FUNCTION__.8951
                0x6030834b        0xa components/app/init/CMakeFiles/APPIMAGE_APP.dir/__/esp32_network/driver/network/netdev_stub.c.obj
 *fill*         0x60308355        0x3 
 .text.serial_ll_close
                0x60308358       0x3c components/app/init/CMakeFiles/APPIMAGE_APP.dir/__/esp32_network/driver/serial/serial_ll_if.c.obj
 .rodata.serial_ll_write.str1.1
                0x60308394       0x38 components/app/init/CMakeFiles/APPIMAGE_APP.dir/__/esp32_network/driver/serial/serial_ll_if.c.obj
 .text.serial_ll_write
                0x603083cc       0x38 components/app/init/CMakeFiles/APPIMAGE_APP.dir/__/esp32_network/driver/serial/serial_ll_if.c.obj
 .rodata.serial_ll_read.str1.1
                0x60308404       0x5d components/app/init/CMakeFiles/APPIMAGE_APP.dir/__/esp32_network/driver/serial/serial_ll_if.c.obj
 *fill*         0x60308461        0x3 
 .text.serial_ll_read
                0x60308464       0x70 components/app/init/CMakeFiles/APPIMAGE_APP.dir/__/esp32_network/driver/serial/serial_ll_if.c.obj
 .rodata.serial_ll_open.str1.1
                0x603084d4       0x28 components/app/init/CMakeFiles/APPIMAGE_APP.dir/__/esp32_network/driver/serial/serial_ll_if.c.obj
 .text.serial_ll_open
                0x603084fc       0x48 components/app/init/CMakeFiles/APPIMAGE_APP.dir/__/esp32_network/driver/serial/serial_ll_if.c.obj
 .rodata.serial_ll_rx_handler.str1.1
                0x60308544       0xfc components/app/init/CMakeFiles/APPIMAGE_APP.dir/__/esp32_network/driver/serial/serial_ll_if.c.obj
 .text.serial_ll_rx_handler
                0x60308640      0x194 components/app/init/CMakeFiles/APPIMAGE_APP.dir/__/esp32_network/driver/serial/serial_ll_if.c.obj
                0x60308640                serial_ll_rx_handler
 .rodata.serial_ll_init.str1.1
                0x603087d4       0x7b components/app/init/CMakeFiles/APPIMAGE_APP.dir/__/esp32_network/driver/serial/serial_ll_if.c.obj
 *fill*         0x6030884f        0x1 
 .text.serial_ll_init
                0x60308850       0x6c components/app/init/CMakeFiles/APPIMAGE_APP.dir/__/esp32_network/driver/serial/serial_ll_if.c.obj
                0x60308850                serial_ll_init
 .rodata.__FUNCTION__.8733
                0x603088bc        0xf components/app/init/CMakeFiles/APPIMAGE_APP.dir/__/esp32_network/driver/serial/serial_ll_if.c.obj
 .rodata.__FUNCTION__.8746
                0x603088cb        0xf components/app/init/CMakeFiles/APPIMAGE_APP.dir/__/esp32_network/driver/serial/serial_ll_if.c.obj
 .rodata.__FUNCTION__.8752
                0x603088da       0x10 components/app/init/CMakeFiles/APPIMAGE_APP.dir/__/esp32_network/driver/serial/serial_ll_if.c.obj
 .rodata.__FUNCTION__.8759
                0x603088ea       0x15 components/app/init/CMakeFiles/APPIMAGE_APP.dir/__/esp32_network/driver/serial/serial_ll_if.c.obj
 .rodata.__FUNCTION__.8768
                0x603088ff        0xf components/app/init/CMakeFiles/APPIMAGE_APP.dir/__/esp32_network/driver/serial/serial_ll_if.c.obj
 .rodata.__func__.8760
                0x6030890e       0x15 components/app/init/CMakeFiles/APPIMAGE_APP.dir/__/esp32_network/driver/serial/serial_ll_if.c.obj
 .rodata.compose_tlv.str1.1
                0x60308923        0x9 components/app/init/CMakeFiles/APPIMAGE_APP.dir/__/esp32_network/driver/serial/serial_if.c.obj
 .text.compose_tlv
                0x6030892c       0x40 components/app/init/CMakeFiles/APPIMAGE_APP.dir/__/esp32_network/driver/serial/serial_if.c.obj
                0x6030892c                compose_tlv
 .rodata.parse_tlv.str1.1
                0x6030896c      0x125 components/app/init/CMakeFiles/APPIMAGE_APP.dir/__/esp32_network/driver/serial/serial_if.c.obj
 *fill*         0x60308a91        0x3 
 .text.parse_tlv
                0x60308a94       0xd0 components/app/init/CMakeFiles/APPIMAGE_APP.dir/__/esp32_network/driver/serial/serial_if.c.obj
                0x60308a94                parse_tlv
 .rodata.transport_pserial_close.str1.1
                0x60308b64       0x33 components/app/init/CMakeFiles/APPIMAGE_APP.dir/__/esp32_network/driver/serial/serial_if.c.obj
 *fill*         0x60308b97        0x1 
 .text.transport_pserial_close
                0x60308b98       0x34 components/app/init/CMakeFiles/APPIMAGE_APP.dir/__/esp32_network/driver/serial/serial_if.c.obj
                0x60308b98                transport_pserial_close
 .rodata.transport_pserial_open.str1.1
                0x60308bcc       0x9f components/app/init/CMakeFiles/APPIMAGE_APP.dir/__/esp32_network/driver/serial/serial_if.c.obj
 *fill*         0x60308c6b        0x1 
 .text.transport_pserial_open
                0x60308c6c       0x70 components/app/init/CMakeFiles/APPIMAGE_APP.dir/__/esp32_network/driver/serial/serial_if.c.obj
                0x60308c6c                transport_pserial_open
 .rodata.transport_pserial_send.str1.1
                0x60308cdc       0xb2 components/app/init/CMakeFiles/APPIMAGE_APP.dir/__/esp32_network/driver/serial/serial_if.c.obj
 *fill*         0x60308d8e        0x2 
 .text.transport_pserial_send
                0x60308d90       0x98 components/app/init/CMakeFiles/APPIMAGE_APP.dir/__/esp32_network/driver/serial/serial_if.c.obj
                0x60308d90                transport_pserial_send
 .text.transport_pserial_read
                0x60308e28       0x10 components/app/init/CMakeFiles/APPIMAGE_APP.dir/__/esp32_network/driver/serial/serial_if.c.obj
                0x60308e28                transport_pserial_read
 .rodata.__FUNCTION__.8095
                0x60308e38        0xa components/app/init/CMakeFiles/APPIMAGE_APP.dir/__/esp32_network/driver/serial/serial_if.c.obj
 .rodata.__FUNCTION__.8100
                0x60308e42       0x18 components/app/init/CMakeFiles/APPIMAGE_APP.dir/__/esp32_network/driver/serial/serial_if.c.obj
 .rodata.__FUNCTION__.8106
                0x60308e5a       0x17 components/app/init/CMakeFiles/APPIMAGE_APP.dir/__/esp32_network/driver/serial/serial_if.c.obj
 .rodata.__FUNCTION__.8116
                0x60308e71       0x17 components/app/init/CMakeFiles/APPIMAGE_APP.dir/__/esp32_network/driver/serial/serial_if.c.obj
 .rodata.__func__.8117
                0x60308e88       0x17 components/app/init/CMakeFiles/APPIMAGE_APP.dir/__/esp32_network/driver/serial/serial_if.c.obj
 *fill*         0x60308e9f        0x1 
 .text.esp_netdev_open
                0x60308ea0        0x4 components/app/init/CMakeFiles/APPIMAGE_APP.dir/__/esp32_network/driver/transport/transport_drv.c.obj
                0x60308ea0                esp_netdev_open
 .text.esp_netdev_close
                0x60308ea4        0x4 components/app/init/CMakeFiles/APPIMAGE_APP.dir/__/esp32_network/driver/transport/transport_drv.c.obj
                0x60308ea4                esp_netdev_close
 .text.esp_netdev_xmit
                0x60308ea8       0x30 components/app/init/CMakeFiles/APPIMAGE_APP.dir/__/esp32_network/driver/transport/transport_drv.c.obj
                0x60308ea8                esp_netdev_xmit
 .rodata.process_capabilities.str1.1
                0x60308ed8       0x29 components/app/init/CMakeFiles/APPIMAGE_APP.dir/__/esp32_network/driver/transport/transport_drv.c.obj
 *fill*         0x60308f01        0x3 
 .text.process_capabilities
                0x60308f04       0x24 components/app/init/CMakeFiles/APPIMAGE_APP.dir/__/esp32_network/driver/transport/transport_drv.c.obj
                0x60308f04                process_capabilities
 .rodata.print_capabilities.str1.1
                0x60308f28      0x13c components/app/init/CMakeFiles/APPIMAGE_APP.dir/__/esp32_network/driver/transport/transport_drv.c.obj
 .text.print_capabilities
                0x60309064       0xac components/app/init/CMakeFiles/APPIMAGE_APP.dir/__/esp32_network/driver/transport/transport_drv.c.obj
                0x60309064                print_capabilities
 .rodata.process_init_event.str1.1
                0x60309110      0x10f components/app/init/CMakeFiles/APPIMAGE_APP.dir/__/esp32_network/driver/transport/transport_drv.c.obj
 *fill*         0x6030921f        0x1 
 .text.process_init_event
                0x60309220       0xe0 components/app/init/CMakeFiles/APPIMAGE_APP.dir/__/esp32_network/driver/transport/transport_drv.c.obj
                0x60309220                process_init_event
 .rodata.process_event.str1.1
                0x60309300       0xa0 components/app/init/CMakeFiles/APPIMAGE_APP.dir/__/esp32_network/driver/transport/transport_drv.c.obj
 .text.process_event
                0x603093a0       0x60 components/app/init/CMakeFiles/APPIMAGE_APP.dir/__/esp32_network/driver/transport/transport_drv.c.obj
                0x603093a0                process_event
 .rodata.process_priv_communication.str1.1
                0x60309400       0x28 components/app/init/CMakeFiles/APPIMAGE_APP.dir/__/esp32_network/driver/transport/transport_drv.c.obj
 .text.process_priv_communication
                0x60309428       0x3c components/app/init/CMakeFiles/APPIMAGE_APP.dir/__/esp32_network/driver/transport/transport_drv.c.obj
                0x60309428                process_priv_communication
 .rodata.__FUNCTION__.15121
                0x60309464       0x15 components/app/init/CMakeFiles/APPIMAGE_APP.dir/__/esp32_network/driver/transport/transport_drv.c.obj
 .rodata.__FUNCTION__.15128
                0x60309479       0x1b components/app/init/CMakeFiles/APPIMAGE_APP.dir/__/esp32_network/driver/transport/transport_drv.c.obj
 .rodata.__FUNCTION__.15132
                0x60309494       0x13 components/app/init/CMakeFiles/APPIMAGE_APP.dir/__/esp32_network/driver/transport/transport_drv.c.obj
 .rodata.__FUNCTION__.15139
                0x603094a7        0xe components/app/init/CMakeFiles/APPIMAGE_APP.dir/__/esp32_network/driver/transport/transport_drv.c.obj
 .rodata.__FUNCTION__.15147
                0x603094b5       0x13 components/app/init/CMakeFiles/APPIMAGE_APP.dir/__/esp32_network/driver/transport/transport_drv.c.obj
 .rodata.process_rx_task.str1.1
                0x603094c8      0x1f8 components/app/init/CMakeFiles/APPIMAGE_APP.dir/__/esp32_network/driver/transport/spi/spi_drv.c.obj
 .text.process_rx_task
                0x603096c0      0x224 components/app/init/CMakeFiles/APPIMAGE_APP.dir/__/esp32_network/driver/transport/spi/spi_drv.c.obj
 .rodata.ql_spi_demo_cb_handler.str1.1
                0x603098e4       0x46 components/app/init/CMakeFiles/APPIMAGE_APP.dir/__/esp32_network/driver/transport/spi/spi_drv.c.obj
 *fill*         0x6030992a        0x2 
 .text.ql_spi_demo_cb_handler
                0x6030992c       0x80 components/app/init/CMakeFiles/APPIMAGE_APP.dir/__/esp32_network/driver/transport/spi/spi_drv.c.obj
                0x6030992c                ql_spi_demo_cb_handler
 .text.deinit_netdev
                0x603099ac       0x3c components/app/init/CMakeFiles/APPIMAGE_APP.dir/__/esp32_network/driver/transport/spi/spi_drv.c.obj
 .rodata.spi_transaction_v2.str1.1
                0x603099e8       0xf7 components/app/init/CMakeFiles/APPIMAGE_APP.dir/__/esp32_network/driver/transport/spi/spi_drv.c.obj
 *fill*         0x60309adf        0x1 
 .text.spi_transaction_v2
                0x60309ae0      0x238 components/app/init/CMakeFiles/APPIMAGE_APP.dir/__/esp32_network/driver/transport/spi/spi_drv.c.obj
 .rodata.check_and_execute_spi_transaction.str1.1
                0x60309d18       0x64 components/app/init/CMakeFiles/APPIMAGE_APP.dir/__/esp32_network/driver/transport/spi/spi_drv.c.obj
 .text.check_and_execute_spi_transaction
                0x60309d7c      0x148 components/app/init/CMakeFiles/APPIMAGE_APP.dir/__/esp32_network/driver/transport/spi/spi_drv.c.obj
 .rodata.transaction_task.str1.1
                0x60309ec4       0xa0 components/app/init/CMakeFiles/APPIMAGE_APP.dir/__/esp32_network/driver/transport/spi/spi_drv.c.obj
 .text.transaction_task
                0x60309f64       0xa4 components/app/init/CMakeFiles/APPIMAGE_APP.dir/__/esp32_network/driver/transport/spi/spi_drv.c.obj
 .rodata.spi_transaction_v1.str1.1
                0x6030a008       0x2b components/app/init/CMakeFiles/APPIMAGE_APP.dir/__/esp32_network/driver/transport/spi/spi_drv.c.obj
 *fill*         0x6030a033        0x1 
 .text.spi_transaction_v1
                0x6030a034      0x184 components/app/init/CMakeFiles/APPIMAGE_APP.dir/__/esp32_network/driver/transport/spi/spi_drv.c.obj
 .rodata.transport_init.str1.1
                0x6030a1b8      0x1e2 components/app/init/CMakeFiles/APPIMAGE_APP.dir/__/esp32_network/driver/transport/spi/spi_drv.c.obj
                                0x1f9 (size before relaxing)
 *fill*         0x6030a39a        0x2 
 .text.transport_init
                0x6030a39c      0x2d4 components/app/init/CMakeFiles/APPIMAGE_APP.dir/__/esp32_network/driver/transport/spi/spi_drv.c.obj
                0x6030a39c                transport_init
 .text.gpio_exit_call_back
                0x6030a670       0x3c components/app/init/CMakeFiles/APPIMAGE_APP.dir/__/esp32_network/driver/transport/spi/spi_drv.c.obj
                0x6030a670                gpio_exit_call_back
 .rodata.gpio_exit_task.str1.1
                0x6030a6ac       0x1d components/app/init/CMakeFiles/APPIMAGE_APP.dir/__/esp32_network/driver/transport/spi/spi_drv.c.obj
 *fill*         0x6030a6c9        0x3 
 .text.gpio_exit_task
                0x6030a6cc       0x30 components/app/init/CMakeFiles/APPIMAGE_APP.dir/__/esp32_network/driver/transport/spi/spi_drv.c.obj
                0x6030a6cc                gpio_exit_task
 .rodata.send_to_slave.str1.1
                0x6030a6fc       0x7f components/app/init/CMakeFiles/APPIMAGE_APP.dir/__/esp32_network/driver/transport/spi/spi_drv.c.obj
 *fill*         0x6030a77b        0x1 
 .text.send_to_slave
                0x6030a77c       0xac components/app/init/CMakeFiles/APPIMAGE_APP.dir/__/esp32_network/driver/transport/spi/spi_drv.c.obj
                0x6030a77c                send_to_slave
 .rodata.spi_init.str1.1
                0x6030a828       0x1d components/app/init/CMakeFiles/APPIMAGE_APP.dir/__/esp32_network/driver/transport/spi/spi_drv.c.obj
 *fill*         0x6030a845        0x3 
 .text.spi_init
                0x6030a848       0xa8 components/app/init/CMakeFiles/APPIMAGE_APP.dir/__/esp32_network/driver/transport/spi/spi_drv.c.obj
                0x6030a848                spi_init
 .rodata.__FUNCTION__.15994
                0x6030a8f0        0xc components/app/init/CMakeFiles/APPIMAGE_APP.dir/__/esp32_network/driver/transport/spi/spi_drv.c.obj
 .rodata.__FUNCTION__.16024
                0x6030a8fc        0xf components/app/init/CMakeFiles/APPIMAGE_APP.dir/__/esp32_network/driver/transport/spi/spi_drv.c.obj
 .rodata.__FUNCTION__.16054
                0x6030a90b        0xf components/app/init/CMakeFiles/APPIMAGE_APP.dir/__/esp32_network/driver/transport/spi/spi_drv.c.obj
 .rodata.__FUNCTION__.16064
                0x6030a91a       0x22 components/app/init/CMakeFiles/APPIMAGE_APP.dir/__/esp32_network/driver/transport/spi/spi_drv.c.obj
 .rodata.__FUNCTION__.16072
                0x6030a93c        0xe components/app/init/CMakeFiles/APPIMAGE_APP.dir/__/esp32_network/driver/transport/spi/spi_drv.c.obj
 .rodata.__FUNCTION__.16086
                0x6030a94a       0x13 components/app/init/CMakeFiles/APPIMAGE_APP.dir/__/esp32_network/driver/transport/spi/spi_drv.c.obj
 .rodata.__FUNCTION__.16105
                0x6030a95d       0x17 components/app/init/CMakeFiles/APPIMAGE_APP.dir/__/esp32_network/driver/transport/spi/spi_drv.c.obj
 .rodata.__FUNCTION__.16113
                0x6030a974        0xf components/app/init/CMakeFiles/APPIMAGE_APP.dir/__/esp32_network/driver/transport/spi/spi_drv.c.obj
 .rodata.__FUNCTION__.16126
                0x6030a983        0x9 components/app/init/CMakeFiles/APPIMAGE_APP.dir/__/esp32_network/driver/transport/spi/spi_drv.c.obj
 .rodata.__FUNCTION__.16140
                0x6030a98c       0x13 components/app/init/CMakeFiles/APPIMAGE_APP.dir/__/esp32_network/driver/transport/spi/spi_drv.c.obj
 .rodata.__FUNCTION__.16157
                0x6030a99f       0x11 components/app/init/CMakeFiles/APPIMAGE_APP.dir/__/esp32_network/driver/transport/spi/spi_drv.c.obj
 .rodata.__FUNCTION__.16163
                0x6030a9b0       0x10 components/app/init/CMakeFiles/APPIMAGE_APP.dir/__/esp32_network/driver/transport/spi/spi_drv.c.obj
 .rodata.__FUNCTION__.16184
                0x6030a9c0        0xe components/app/init/CMakeFiles/APPIMAGE_APP.dir/__/esp32_network/driver/transport/spi/spi_drv.c.obj
 *fill*         0x6030a9ce        0x2 
 .rodata.spi_trans_func
                0x6030a9d0        0x8 components/app/init/CMakeFiles/APPIMAGE_APP.dir/__/esp32_network/driver/transport/spi/spi_drv.c.obj
 .text.control_path_rx_indication
                0x6030a9d8       0x10 components/app/init/CMakeFiles/APPIMAGE_APP.dir/__/esp32_network/port/src/platform_wrapper.c.obj
 .rodata.control_path_platform_init.str1.1
                0x6030a9e8      0x112 components/app/init/CMakeFiles/APPIMAGE_APP.dir/__/esp32_network/port/src/platform_wrapper.c.obj
 *fill*         0x6030aafa        0x2 
 .text.control_path_platform_init
                0x6030aafc       0xb0 components/app/init/CMakeFiles/APPIMAGE_APP.dir/__/esp32_network/port/src/platform_wrapper.c.obj
                0x6030aafc                control_path_platform_init
 .text.hosted_malloc
                0x6030abac        0x4 components/app/init/CMakeFiles/APPIMAGE_APP.dir/__/esp32_network/port/src/platform_wrapper.c.obj
                0x6030abac                hosted_malloc
 .text.hosted_calloc
                0x6030abb0       0x1c components/app/init/CMakeFiles/APPIMAGE_APP.dir/__/esp32_network/port/src/platform_wrapper.c.obj
                0x6030abb0                hosted_calloc
 .text.hosted_free
                0x6030abcc        0x8 components/app/init/CMakeFiles/APPIMAGE_APP.dir/__/esp32_network/port/src/platform_wrapper.c.obj
                0x6030abcc                hosted_free
 .text.hosted_realloc
                0x6030abd4       0x32 components/app/init/CMakeFiles/APPIMAGE_APP.dir/__/esp32_network/port/src/platform_wrapper.c.obj
                0x6030abd4                hosted_realloc
 .rodata.hosted_thread_create.str1.1
                0x6030ac06       0xc4 components/app/init/CMakeFiles/APPIMAGE_APP.dir/__/esp32_network/port/src/platform_wrapper.c.obj
 *fill*         0x6030acca        0x2 
 .text.hosted_thread_create
                0x6030accc       0x80 components/app/init/CMakeFiles/APPIMAGE_APP.dir/__/esp32_network/port/src/platform_wrapper.c.obj
                0x6030accc                hosted_thread_create
 .rodata.hosted_thread_cancel.str1.1
                0x6030ad4c       0x74 components/app/init/CMakeFiles/APPIMAGE_APP.dir/__/esp32_network/port/src/platform_wrapper.c.obj
 .text.hosted_thread_cancel
                0x6030adc0       0x50 components/app/init/CMakeFiles/APPIMAGE_APP.dir/__/esp32_network/port/src/platform_wrapper.c.obj
                0x6030adc0                hosted_thread_cancel
 .rodata.hosted_create_semaphore.str1.1
                0x6030ae10       0x2e components/app/init/CMakeFiles/APPIMAGE_APP.dir/__/esp32_network/port/src/platform_wrapper.c.obj
 *fill*         0x6030ae3e        0x2 
 .text.hosted_create_semaphore
                0x6030ae40       0x38 components/app/init/CMakeFiles/APPIMAGE_APP.dir/__/esp32_network/port/src/platform_wrapper.c.obj
                0x6030ae40                hosted_create_semaphore
 .text.sleep    0x6030ae78       0x10 components/app/init/CMakeFiles/APPIMAGE_APP.dir/__/esp32_network/port/src/platform_wrapper.c.obj
                0x6030ae78                sleep
 .text.msleep   0x6030ae88        0xa components/app/init/CMakeFiles/APPIMAGE_APP.dir/__/esp32_network/port/src/platform_wrapper.c.obj
                0x6030ae88                msleep
 .rodata.hosted_get_semaphore.str1.1
                0x6030ae92       0x60 components/app/init/CMakeFiles/APPIMAGE_APP.dir/__/esp32_network/port/src/platform_wrapper.c.obj
 *fill*         0x6030aef2        0x2 
 .text.hosted_get_semaphore
                0x6030aef4       0x54 components/app/init/CMakeFiles/APPIMAGE_APP.dir/__/esp32_network/port/src/platform_wrapper.c.obj
                0x6030aef4                hosted_get_semaphore
 .rodata.hosted_post_semaphore.str1.1
                0x6030af48       0x2f components/app/init/CMakeFiles/APPIMAGE_APP.dir/__/esp32_network/port/src/platform_wrapper.c.obj
 *fill*         0x6030af77        0x1 
 .text.hosted_post_semaphore
                0x6030af78       0x30 components/app/init/CMakeFiles/APPIMAGE_APP.dir/__/esp32_network/port/src/platform_wrapper.c.obj
                0x6030af78                hosted_post_semaphore
 .rodata.hosted_destroy_semaphore.str1.1
                0x6030afa8       0x5d components/app/init/CMakeFiles/APPIMAGE_APP.dir/__/esp32_network/port/src/platform_wrapper.c.obj
 *fill*         0x6030b005        0x3 
 .text.hosted_destroy_semaphore
                0x6030b008       0x4c components/app/init/CMakeFiles/APPIMAGE_APP.dir/__/esp32_network/port/src/platform_wrapper.c.obj
                0x6030b008                hosted_destroy_semaphore
 .rodata.hosted_timer_stop.str1.1
                0x6030b054       0x5c components/app/init/CMakeFiles/APPIMAGE_APP.dir/__/esp32_network/port/src/platform_wrapper.c.obj
 .text.hosted_timer_stop
                0x6030b0b0       0x54 components/app/init/CMakeFiles/APPIMAGE_APP.dir/__/esp32_network/port/src/platform_wrapper.c.obj
                0x6030b0b0                hosted_timer_stop
 .rodata.hosted_timer_start.str1.1
                0x6030b104       0x3b components/app/init/CMakeFiles/APPIMAGE_APP.dir/__/esp32_network/port/src/platform_wrapper.c.obj
 *fill*         0x6030b13f        0x1 
 .text.hosted_timer_start
                0x6030b140       0x3c components/app/init/CMakeFiles/APPIMAGE_APP.dir/__/esp32_network/port/src/platform_wrapper.c.obj
                0x6030b140                hosted_timer_start
 .rodata.serial_drv_open.str1.1
                0x6030b17c       0x67 components/app/init/CMakeFiles/APPIMAGE_APP.dir/__/esp32_network/port/src/platform_wrapper.c.obj
 *fill*         0x6030b1e3        0x1 
 .text.serial_drv_open
                0x6030b1e4       0x40 components/app/init/CMakeFiles/APPIMAGE_APP.dir/__/esp32_network/port/src/platform_wrapper.c.obj
                0x6030b1e4                serial_drv_open
 .rodata.serial_drv_write.str1.1
                0x6030b224       0x97 components/app/init/CMakeFiles/APPIMAGE_APP.dir/__/esp32_network/port/src/platform_wrapper.c.obj
 *fill*         0x6030b2bb        0x1 
 .text.serial_drv_write
                0x6030b2bc       0x6c components/app/init/CMakeFiles/APPIMAGE_APP.dir/__/esp32_network/port/src/platform_wrapper.c.obj
                0x6030b2bc                serial_drv_write
 .rodata.serial_drv_read.str1.1
                0x6030b328      0x1fb components/app/init/CMakeFiles/APPIMAGE_APP.dir/__/esp32_network/port/src/platform_wrapper.c.obj
 *fill*         0x6030b523        0x1 
 .text.serial_drv_read
                0x6030b524      0x18c components/app/init/CMakeFiles/APPIMAGE_APP.dir/__/esp32_network/port/src/platform_wrapper.c.obj
                0x6030b524                serial_drv_read
 .rodata.serial_drv_close.str1.1
                0x6030b6b0       0x35 components/app/init/CMakeFiles/APPIMAGE_APP.dir/__/esp32_network/port/src/platform_wrapper.c.obj
 *fill*         0x6030b6e5        0x3 
 .text.serial_drv_close