Archive member included to satisfy reference by file (symbol)

../../components/newlib/newlib-3.1.0/armca5/libc.a(lib_a-atof.o)
                              components/app/init/CMakeFiles/VOLITE_APP.dir/__/gnss/hd_gnss_demo.c.obj (atof)
../../components/newlib/newlib-3.1.0/armca5/libc.a(lib_a-atoi.o)
                              components/app/init/CMakeFiles/VOLITE_APP.dir/__/gnss/hd_gnss_demo.c.obj (atoi)
../../components/newlib/newlib-3.1.0/armca5/libc.a(lib_a-ctype_.o)
                              components/app/init/CMakeFiles/VOLITE_APP.dir/__/t2n/cJSON.c.obj (_ctype_)
../../components/newlib/newlib-3.1.0/armca5/libc.a(lib_a-errno.o)
                              components/app/init/CMakeFiles/VOLITE_APP.dir/__/esp32_network/common/common.c.obj (__errno)
../../components/newlib/newlib-3.1.0/armca5/libc.a(lib_a-fflush.o)
                              components/app/init/CMakeFiles/VOLITE_APP.dir/__/esp32_flash/bootloader/example_common.c.obj (fflush)
../../components/newlib/newlib-3.1.0/armca5/libc.a(lib_a-findfp.o)
                              ../../components/newlib/newlib-3.1.0/armca5/libc.a(lib_a-fflush.o) (__sinit)
../../components/newlib/newlib-3.1.0/armca5/libc.a(lib_a-fwalk.o)
                              ../../components/newlib/newlib-3.1.0/armca5/libc.a(lib_a-findfp.o) (_fwalk)
../../components/newlib/newlib-3.1.0/armca5/libc.a(lib_a-impure.o)
                              ../../components/newlib/newlib-3.1.0/armca5/libc.a(lib_a-fflush.o) (_global_impure_ptr)
../../components/newlib/newlib-3.1.0/armca5/libc.a(lib_a-lock.o)
                              ../../components/newlib/newlib-3.1.0/armca5/libc.a(lib_a-findfp.o) (__retarget_lock_init_recursive)
../../components/newlib/newlib-3.1.0/armca5/libc.a(lib_a-memchr.o)
                              components/app/init/CMakeFiles/VOLITE_APP.dir/__/gnss/hd_gnss_demo.c.obj (memchr)
../../components/newlib/newlib-3.1.0/armca5/libc.a(lib_a-memcmp.o)
                              components/app/init/CMakeFiles/VOLITE_APP.dir/__/esp32_flash/bootloader/esp_loader.c.obj (memcmp)
../../components/newlib/newlib-3.1.0/armca5/libc.a(lib_a-memcpy-stub.o)
                              components/app/init/CMakeFiles/VOLITE_APP.dir/__/audio/audio_demo.c.obj (memcpy)
../../components/newlib/newlib-3.1.0/armca5/libc.a(lib_a-memmove.o)
                              components/app/init/CMakeFiles/VOLITE_APP.dir/__/gnss/hd_gnss_demo.c.obj (memmove)
../../components/newlib/newlib-3.1.0/armca5/libc.a(lib_a-memset.o)
                              components/app/init/CMakeFiles/VOLITE_APP.dir/__/audio/audio_demo.c.obj (memset)
../../components/newlib/newlib-3.1.0/armca5/libc.a(lib_a-mktime.o)
                              components/app/init/CMakeFiles/VOLITE_APP.dir/__/rtk/um982.c.obj (mktime)
../../components/newlib/newlib-3.1.0/armca5/libc.a(lib_a-snprintf.o)
                              components/app/init/CMakeFiles/VOLITE_APP.dir/__/esp32_network/app_host/control/control_utils.c.obj (snprintf)
../../components/newlib/newlib-3.1.0/armca5/libc.a(lib_a-sprintf.o)
                              components/app/init/CMakeFiles/VOLITE_APP.dir/__/t2n/cJSON.c.obj (sprintf)
../../components/newlib/newlib-3.1.0/armca5/libc.a(lib_a-sscanf.o)
                              components/app/init/CMakeFiles/VOLITE_APP.dir/__/t2n/cJSON.c.obj (sscanf)
../../components/newlib/newlib-3.1.0/armca5/libc.a(lib_a-stdio.o)
                              ../../components/newlib/newlib-3.1.0/armca5/libc.a(lib_a-findfp.o) (__sread)
../../components/newlib/newlib-3.1.0/armca5/libc.a(lib_a-strchr.o)
                              components/app/init/CMakeFiles/VOLITE_APP.dir/__/gnss/hd_gnss_demo.c.obj (strchr)
../../components/newlib/newlib-3.1.0/armca5/libc.a(lib_a-strcmp.o)
                              components/app/init/CMakeFiles/VOLITE_APP.dir/__/gnss/hd_gnss_demo.c.obj (strcmp)
../../components/newlib/newlib-3.1.0/armca5/libc.a(lib_a-strcpy.o)
                              components/app/init/CMakeFiles/VOLITE_APP.dir/__/t2n/cJSON.c.obj (strcpy)
../../components/newlib/newlib-3.1.0/armca5/libc.a(lib_a-strlen.o)
                              components/app/init/CMakeFiles/VOLITE_APP.dir/__/gnss/hd_gnss_demo.c.obj (strlen)
../../components/newlib/newlib-3.1.0/armca5/libc.a(lib_a-strncasecmp.o)
                              components/app/init/CMakeFiles/VOLITE_APP.dir/__/esp32_network/app_host/control/control.c.obj (strncasecmp)
../../components/newlib/newlib-3.1.0/armca5/libc.a(lib_a-strncmp.o)
                              components/app/init/CMakeFiles/VOLITE_APP.dir/__/gnss/hd_gnss_demo.c.obj (strncmp)
../../components/newlib/newlib-3.1.0/armca5/libc.a(lib_a-strncpy.o)
                              components/app/init/CMakeFiles/VOLITE_APP.dir/__/t2n/cfg.c.obj (strncpy)
../../components/newlib/newlib-3.1.0/armca5/libc.a(lib_a-strnstr.o)
                              components/app/init/CMakeFiles/VOLITE_APP.dir/__/t2n/udp_ota_shell.c.obj (strnstr)
[...]
Memory Configuration

Name             Origin             Length             Attributes
flash            0x60400100         0x0011ff00         xr
ram              0x807f0000         0x00010000         xrw
*default*        0x00000000         0xffffffff

Linker script and memory map

LOAD lib/core_stub.o
LOAD components/app/init/CMakeFiles/VOLITE_APP.dir/ql_init.c.obj
LOAD components/app/init/CMakeFiles/VOLITE_APP.dir/__/audio/audio_demo.c.obj
LOAD components/app/init/CMakeFiles/VOLITE_APP.dir/__/audio/audio_code_cfg.c.obj
LOAD components/app/init/CMakeFiles/VOLITE_APP.dir/__/gnss/hd_gnss_demo.c.obj
LOAD components/app/init/CMakeFiles/VOLITE_APP.dir/__/t2n/modbus-tcp.c.obj
LOAD components/app/init/CMakeFiles/VOLITE_APP.dir/__/t2n/modbus-udp.c.obj
LOAD components/app/init/CMakeFiles/VOLITE_APP.dir/__/t2n/ModbusS.c.obj
LOAD components/app/init/CMakeFiles/VOLITE_APP.dir/__/t2n/cJSON.c.obj
LOAD components/app/init/CMakeFiles/VOLITE_APP.dir/__/t2n/cfg.c.obj
LOAD components/app/init/CMakeFiles/VOLITE_APP.dir/__/t2n/md5.c.obj
LOAD components/app/init/CMakeFiles/VOLITE_APP.dir/__/t2n/network_ql.c.obj
LOAD components/app/init/CMakeFiles/VOLITE_APP.dir/__/t2n/t2n.c.obj
LOAD components/app/init/CMakeFiles/VOLITE_APP.dir/__/t2n/nmea_tcp.c.obj
LOAD components/app/init/CMakeFiles/VOLITE_APP.dir/__/t2n/udp_ota_shell.c.obj
LOAD components/app/init/CMakeFiles/VOLITE_APP.dir/__/rtk/um982.c.obj
LOAD components/app/init/CMakeFiles/VOLITE_APP.dir/__/rtk/minmea.c.obj
LOAD components/app/init/CMakeFiles/VOLITE_APP.dir/__/rtk/coordtrans.c.obj
LOAD components/app/init/CMakeFiles/VOLITE_APP.dir/__/rtk/gps_coord.c.obj
LOAD components/app/init/CMakeFiles/VOLITE_APP.dir/__/rs485/uart_text.c.obj
LOAD components/app/init/CMakeFiles/VOLITE_APP.dir/__/esp32_flash/esp32_flash.c.obj
LOAD components/app/init/CMakeFiles/VOLITE_APP.dir/__/esp32_flash/bootloader/ec600u_port.c.obj
LOAD components/app/init/CMakeFiles/VOLITE_APP.dir/__/esp32_flash/bootloader/esp_loader.c.obj
LOAD components/app/init/CMakeFiles/VOLITE_APP.dir/__/esp32_flash/bootloader/esp_targets.c.obj
LOAD components/app/init/CMakeFiles/VOLITE_APP.dir/__/esp32_flash/bootloader/example_common.c.obj
LOAD components/app/init/CMakeFiles/VOLITE_APP.dir/__/esp32_flash/bootloader/protocol_common.c.obj
LOAD components/app/init/CMakeFiles/VOLITE_APP.dir/__/esp32_flash/bootloader/protocol_uart.c.obj
LOAD components/app/init/CMakeFiles/VOLITE_APP.dir/__/esp32_flash/bootloader/slip.c.obj
LOAD components/app/init/CMakeFiles/VOLITE_APP.dir/__/esp32_flash/http_download.c.obj
LOAD components/app/init/CMakeFiles/VOLITE_APP.dir/__/modbus_rtu_slave/modbus_slave.c.obj
LOAD components/app/init/CMakeFiles/VOLITE_APP.dir/__/uart1_rs485/com_poll.c.obj
LOAD components/app/init/CMakeFiles/VOLITE_APP.dir/__/uart1_rs485/uart1_modbus_master.c.obj
LOAD components/app/init/CMakeFiles/VOLITE_APP.dir/__/usb_acm_netif/usb_acm_xcm.c.obj
LOAD components/app/init/CMakeFiles/VOLITE_APP.dir/__/ec600u_bl0939/ac_current.c.obj
LOAD components/app/init/CMakeFiles/VOLITE_APP.dir/__/ec600u_bl0939/app_can.c.obj
LOAD components/app/init/CMakeFiles/VOLITE_APP.dir/__/ec600u_bl0939/mcp2515.c.obj
LOAD components/app/init/CMakeFiles/VOLITE_APP.dir/__/esp32_network/app_host/control/control_utils.c.obj
LOAD components/app/init/CMakeFiles/VOLITE_APP.dir/__/esp32_network/app_host/control/control.c.obj
LOAD components/app/init/CMakeFiles/VOLITE_APP.dir/__/esp32_network/app_host/data/arp_server_stub.c.obj
LOAD components/app/init/CMakeFiles/VOLITE_APP.dir/__/esp32_network/app_host/app_main_api.c.obj
LOAD components/app/init/CMakeFiles/VOLITE_APP.dir/__/esp32_network/app_host/app_main.c.obj
LOAD components/app/init/CMakeFiles/VOLITE_APP.dir/__/esp32_network/common/common.c.obj
LOAD components/app/init/CMakeFiles/VOLITE_APP.dir/__/esp32_network/common/stats.c.obj
LOAD components/app/init/CMakeFiles/VOLITE_APP.dir/__/esp32_network/common/util.c.obj
LOAD components/app/init/CMakeFiles/VOLITE_APP.dir/__/esp32_network/component/src/esp_queue.c.obj
LOAD components/app/init/CMakeFiles/VOLITE_APP.dir/__/esp32_network/control_lib/src/ctrl_api.c.obj
LOAD components/app/init/CMakeFiles/VOLITE_APP.dir/__/esp32_network/control_lib/src/ctrl_core.c.obj
LOAD components/app/init/CMakeFiles/VOLITE_APP.dir/__/esp32_network/driver/network/netdev_api.c.obj
LOAD components/app/init/CMakeFiles/VOLITE_APP.dir/__/esp32_network/driver/network/netdev_stub.c.obj
LOAD components/app/init/CMakeFiles/VOLITE_APP.dir/__/esp32_network/driver/serial/serial_ll_if.c.obj
LOAD components/app/init/CMakeFiles/VOLITE_APP.dir/__/esp32_network/driver/serial/serial_if.c.obj
LOAD components/app/init/CMakeFiles/VOLITE_APP.dir/__/esp32_network/driver/transport/transport_drv.c.obj
LOAD components/app/init/CMakeFiles/VOLITE_APP.dir/__/esp32_network/driver/transport/spi/spi_drv.c.obj
LOAD components/app/init/CMakeFiles/VOLITE_APP.dir/__/esp32_network/port/src/platform_wrapper.c.obj
LOAD components/app/init/CMakeFiles/VOLITE_APP.dir/__/esp32_network/common_based/esp_hosted_config.pb-c.c.obj
LOAD components/app/init/CMakeFiles/VOLITE_APP.dir/__/esp32_network/common_based/protobuf-c/protobuf-c.c.obj
LOAD ../../components/newlib/newlib-3.1.0/armca5/libc.a
LOAD ../../components/newlib/newlib-3.1.0/armca5/libm.a
LOAD ../../prebuilts/win32/gcc-arm-none-eabi/gcc-arm-none-eabi-9.2.1/bin/../lib/gcc/arm-none-eabi/9.2.1/thumb/v7+fp/hard/libgcc.a
LOAD lib/libql_app_audio.a
LOAD lib/libql_app_hd_gnss.a
LOAD lib/libql_app_peripheral.a
LOAD lib/libt2n.a
LOAD lib/librtk.a
LOAD lib/librs485.a
LOAD lib/libesp32_flash.a
LOAD lib/libmodbus_rtu_slave.a
LOAD lib/libuart1_rs485.a
LOAD lib/libusb_acm_netif.a
LOAD lib/libec600u_bl0939.a
LOAD lib/libesp32_network.a
LOAD lib/librtk.a
LOAD lib/libt2n.a
LOAD lib/libesp32_flash.a
LOAD lib/libmodbus_rtu_slave.a
LOAD lib/libhttp_fota.a
LOAD lib/libt2n.a
LOAD lib/libesp32_flash.a
LOAD lib/libmodbus_rtu_slave.a
LOAD lib/libhttp_fota.a
LOAD lib/libsdmmc.a
                0x00000000                PROVIDE (appimg_get_param = 0x0)
                0x00000000                PROVIDE (appimg_set_param = 0x0)
                0x60400100                . = ORIGIN (flash)
                0x60400100                __flash_start = .

.imageheader    0x60400100       0x80
                0x60400100        0x4 LONG 0x41505032
                0x60400104        0x4 LONG 0x0
                0x60400108        0x4 LONG 0x0
 *(.rodata.core_stub.header)
 .rodata.core_stub.header
                0x6040010c       0x14 lib/core_stub.o
                0x6040010c                gAppImageCoreHeader
                0x60400120        0x4 LONG 0x2
                0x60400124        0x4 LONG 0x80 (__corestub_load_start - __flash_start)
                0x60400128        0x4 LONG 0x1b0 (__corestub_end - __corestub_start)
                0x6040012c        0x4 LONG 0x807f0000 __corestub_start
                0x60400130        0x4 LONG 0x4
                0x60400134        0x4 LONG 0x420 (__text_load_start - __flash_start)
                0x60400138        0x4 LONG 0x189c0 (__text_end - __text_start)
                0x6040013c        0x4 LONG 0x60400520 __text_start
                0x60400140        0x4 LONG 0x4
                0x60400144        0x4 LONG 0x18e00 (__init_array_load_start - __flash_start)
                0x60400148        0x4 LONG 0x0 (__init_array_end - __init_array_start)
                0x6040014c        0x4 LONG 0x60418f00 __init_array_start
                0x60400150        0x4 LONG 0x1
                0x60400154        0x4 LONG 0x240 (__data_load_start - __flash_start)
                0x60400158        0x4 LONG 0x1d0 (__data_end - __data_start)
                0x6040015c        0x4 LONG 0x807f01c0 __data_start
                0x60400160        0x4 LONG 0x3
                0x60400164        0x4 LONG 0x0
                0x60400168        0x4 LONG 0x738 (__bss_end - __bss_start)
                0x6040016c        0x4 LONG 0x807f03a0 __bss_start
                0x60400170        0x4 LONG 0x0
                0x60400174        0x4 LONG 0x0
                0x60400178        0x4 LONG 0x0
                0x6040017c        0x4 LONG 0x0
                0x00000001                ASSERT ((SIZEOF (.imageheader) == 0x80), invalid app image header)
                0x807f0000                . = ORIGIN (ram)
                0x807f0000                __ram_start = .

.corestub       0x807f0000      0x1c0 load address 0x60400180
                0x807f0000                __corestub_start = .
 *(.text.core_stub.*)
 .text.core_stub.__getreent
                0x807f0000        0x8 lib/core_stub.o
                0x807f0000                __getreent
 .text.core_stub.add_static_route
                0x807f0008        0x8 lib/core_stub.o
                0x807f0008                add_static_route
 .text.core_stub.calloc
                0x807f0010        0x8 lib/core_stub.o
                0x807f0010                calloc
 .text.core_stub.etharp_output
                0x807f0018        0x8 lib/core_stub.o
                0x807f0018                etharp_output
 .text.core_stub.ethernet_input
                0x807f0020        0x8 lib/core_stub.o
                0x807f0020                ethernet_input
 .text.core_stub.free
                0x807f0028        0x8 lib/core_stub.o
                0x807f0028                free
 .text.core_stub.malloc
                0x807f0030        0x8 lib/core_stub.o
                0x807f0030                malloc
 .text.core_stub.netif_add
                0x807f0038        0x8 lib/core_stub.o
                0x807f0038                netif_add
 .text.core_stub.netif_get_by_cid_type
                0x807f0040        0x8 lib/core_stub.o
                0x807f0040                netif_get_by_cid_type
 .text.core_stub.netif_set_down
                0x807f0048        0x8 lib/core_stub.o
                0x807f0048                netif_set_down
 .text.core_stub.netif_set_up
                0x807f0050        0x8 lib/core_stub.o
                0x807f0050                netif_set_up
 .text.core_stub.osiThreadExit
                0x807f0058        0x8 lib/core_stub.o
                0x807f0058                osiThreadExit
 .text.core_stub.osiTracePrintf
                0x807f0060        0x8 lib/core_stub.o
                0x807f0060                osiTracePrintf
 .text.core_stub.pbuf_alloc
                0x807f0068        0x8 lib/core_stub.o
                0x807f0068                pbuf_alloc
 .text.core_stub.pbuf_free
                0x807f0070        0x8 lib/core_stub.o
                0x807f0070                pbuf_free
 .text.core_stub.pbuf_header
                0x807f0078        0x8 lib/core_stub.o
                0x807f0078                pbuf_header
 .text.core_stub.ql_dev_cfg_wdt
                0x807f0080        0x8 lib/core_stub.o
                0x807f0080                ql_dev_cfg_wdt
 .text.core_stub.ql_event_try_wait
                0x807f0088        0x8 lib/core_stub.o
                0x807f0088                ql_event_try_wait
 .text.core_stub.ql_gettimeofday
                0x807f0090        0x8 lib/core_stub.o
                0x807f0090                ql_gettimeofday
 .text.core_stub.ql_gpio_get_level
                0x807f0098        0x8 lib/core_stub.o
                0x807f0098                ql_gpio_get_level
 .text.core_stub.ql_gpio_init
                0x807f00a0        0x8 lib/core_stub.o
                0x807f00a0                ql_gpio_init
 .text.core_stub.ql_gpio_set_level
                0x807f00a8        0x8 lib/core_stub.o
                0x807f00a8                ql_gpio_set_level
 .text.core_stub.ql_pin_set_func
                0x807f00b0        0x8 lib/core_stub.o
                0x807f00b0                ql_pin_set_func
 .text.core_stub.ql_rtos_event_send
                0x807f00b8        0x8 lib/core_stub.o
                0x807f00b8                ql_rtos_event_send
 .text.core_stub.ql_rtos_mutex_create
                0x807f00c0        0x8 lib/core_stub.o
                0x807f00c0                ql_rtos_mutex_create
 .text.core_stub.ql_rtos_mutex_lock
                0x807f00c8        0x8 lib/core_stub.o
                0x807f00c8                ql_rtos_mutex_lock
 .text.core_stub.ql_rtos_mutex_unlock
                0x807f00d0        0x8 lib/core_stub.o
                0x807f00d0                ql_rtos_mutex_unlock
 .text.core_stub.ql_rtos_queue_create
                0x807f00d8        0x8 lib/core_stub.o
                0x807f00d8                ql_rtos_queue_create
 .text.core_stub.ql_rtos_queue_delete
                0x807f00e0        0x8 lib/core_stub.o
                0x807f00e0                ql_rtos_queue_delete
 .text.core_stub.ql_rtos_queue_get_cnt
                0x807f00e8        0x8 lib/core_stub.o
                0x807f00e8                ql_rtos_queue_get_cnt
 .text.core_stub.ql_rtos_queue_release
                0x807f00f0        0x8 lib/core_stub.o
                0x807f00f0                ql_rtos_queue_release
 .text.core_stub.ql_rtos_queue_wait
                0x807f00f8        0x8 lib/core_stub.o
                0x807f00f8                ql_rtos_queue_wait
 .text.core_stub.ql_rtos_semaphore_create
                0x807f0100        0x8 lib/core_stub.o
                0x807f0100                ql_rtos_semaphore_create
 .text.core_stub.ql_rtos_semaphore_delete
                0x807f0108        0x8 lib/core_stub.o
                0x807f0108                ql_rtos_semaphore_delete
 .text.core_stub.ql_rtos_semaphore_release
                0x807f0110        0x8 lib/core_stub.o
                0x807f0110                ql_rtos_semaphore_release
 .text.core_stub.ql_rtos_semaphore_wait
                0x807f0118        0x8 lib/core_stub.o
                0x807f0118                ql_rtos_semaphore_wait
 .text.core_stub.ql_rtos_task_create
                0x807f0120        0x8 lib/core_stub.o
                0x807f0120                ql_rtos_task_create
 .text.core_stub.ql_rtos_task_delete
                0x807f0128        0x8 lib/core_stub.o
                0x807f0128                ql_rtos_task_delete
 .text.core_stub.ql_rtos_task_sleep_ms
                0x807f0130        0x8 lib/core_stub.o
                0x807f0130                ql_rtos_task_sleep_ms
 .text.core_stub.ql_rtos_timer_create
                0x807f0138        0x8 lib/core_stub.o
                0x807f0138                ql_rtos_timer_create
 .text.core_stub.ql_rtos_timer_delete
                0x807f0140        0x8 lib/core_stub.o
                0x807f0140                ql_rtos_timer_delete
 .text.core_stub.ql_rtos_timer_stop
                0x807f0148        0x8 lib/core_stub.o
                0x807f0148                ql_rtos_timer_stop
 .text.core_stub.ql_spi_cs_high
                0x807f0150        0x8 lib/core_stub.o
                0x807f0150                ql_spi_cs_high
 .text.core_stub.ql_spi_cs_low
                0x807f0158        0x8 lib/core_stub.o
                0x807f0158                ql_spi_cs_low
 .text.core_stub.ql_spi_init_ext
                0x807f0160        0x8 lib/core_stub.o
                0x807f0160                ql_spi_init_ext
 .text.core_stub.ql_spi_set_irq
                0x807f0168        0x8 lib/core_stub.o
                0x807f0168                ql_spi_set_irq
 .text.core_stub.ql_spi_write_read
                0x807f0170        0x8 lib/core_stub.o
                0x807f0170                ql_spi_write_read
 .text.core_stub.ql_uart_open
                0x807f0178        0x8 lib/core_stub.o
                0x807f0178                ql_uart_open
 .text.core_stub.ql_uart_read
                0x807f0180        0x8 lib/core_stub.o
                0x807f0180                ql_uart_read
 .text.core_stub.ql_uart_register_cb
                0x807f0188        0x8 lib/core_stub.o
                0x807f0188                ql_uart_register_cb
 .text.core_stub.ql_uart_set_event_mask
                0x807f0190        0x8 lib/core_stub.o
                0x807f0190                ql_uart_set_event_mask
 .text.core_stub.ql_uart_write
                0x807f0198        0x8 lib/core_stub.o
                0x807f0198                ql_uart_write
 .text.core_stub.realloc
                0x807f01a0        0x8 lib/core_stub.o
                0x807f01a0                realloc
 .text.core_stub.remove_static_route
                0x807f01a8        0x8 lib/core_stub.o
                0x807f01a8                remove_static_route
                0x807f01b0                __corestub_end = .
                0x807f01c0                . = ALIGN (0x20)
 *fill*         0x807f01b0       0x10 
                0x60400180                __corestub_load_start = LOADADDR (.corestub)

.data           0x807f01c0      0x1e0 load address 0x60400340
                0x807f01c0                __data_start = .
 *(.data .data.* .gnu.linkonce.d.*)
 .data.arp_req_tx
                0x807f01c0       0x2a components/app/init/CMakeFiles/VOLITE_APP.dir/__/esp32_network/app_host/data/arp_server_stub.c.obj
 *fill*         0x807f01ea        0x2 
 .data.expected_resp_uid
                0x807f01ec        0x4 components/app/init/CMakeFiles/VOLITE_APP.dir/__/esp32_network/control_lib/src/ctrl_core.c.obj
 .data.serial_ll_fops
                0x807f01f0       0x10 components/app/init/CMakeFiles/VOLITE_APP.dir/__/esp32_network/driver/serial/serial_ll_if.c.obj
 .data.chip_type
                0x807f0200        0x1 components/app/init/CMakeFiles/VOLITE_APP.dir/__/esp32_network/driver/transport/transport_drv.c.obj
 *fill*         0x807f0201        0x3 
 .data.esp_net_ops
                0x807f0204        0xc components/app/init/CMakeFiles/VOLITE_APP.dir/__/esp32_network/driver/transport/spi/spi_drv.c.obj
 .data.hardware_type
                0x807f0210        0x1 components/app/init/CMakeFiles/VOLITE_APP.dir/__/esp32_network/driver/transport/spi/spi_drv.c.obj
 *fill*         0x807f0211        0x3 
 .data.protobuf_c__allocator
                0x807f0214        0xc components/app/init/CMakeFiles/VOLITE_APP.dir/__/esp32_network/common_based/protobuf-c/protobuf-c.c.obj
 .data.numempty
                0x807f0220        0x2 ../../components/newlib/newlib-3.1.0/armca5/libc.a(lib_a-lnumeric.o)
 *fill*         0x807f0222        0x2 
 .data.__global_locale
                0x807f0224      0x16c ../../components/newlib/newlib-3.1.0/armca5/libc.a(lib_a-locale.o)
                0x807f0224                __global_locale
                0x807f0390                __data_end = .
                0x807f03a0                . = ALIGN (0x20)
 *fill*         0x807f0390       0x10 
                0x60400340                __data_load_start = LOADADDR (.data)

.igot.plt       0x60400520        0x0
 .igot.plt      0x60400520        0x0 lib/core_stub.o

.bss            0x807f03a0      0x740
                0x807f03a0                __bss_start = .
 *(.bss .bss.* COMMON .scommon .sbss .sbss.* .sbss2 .sbss2.* .gnu.linkonce.b.*)
 .bss.eth_net_if
                0x807f03a0      0x1b4 components/app/init/CMakeFiles/VOLITE_APP.dir/__/usb_acm_netif/usb_acm_xcm.c.obj
 .bss.mutex_send
                0x807f0554        0x4 components/app/init/CMakeFiles/VOLITE_APP.dir/__/usb_acm_netif/usb_acm_xcm.c.obj
 .bss.nat_entry
                0x807f0558        0x4 components/app/init/CMakeFiles/VOLITE_APP.dir/__/usb_acm_netif/usb_acm_xcm.c.obj
 .bss.rx_pkt_buf.15945
                0x807f055c        0x4 components/app/init/CMakeFiles/VOLITE_APP.dir/__/usb_acm_netif/usb_acm_xcm.c.obj
 .bss.sem_send  0x807f0560        0x4 components/app/init/CMakeFiles/VOLITE_APP.dir/__/usb_acm_netif/usb_acm_xcm.c.obj
 .bss.usb_acm_slip_task
                0x807f0564        0x4 components/app/init/CMakeFiles/VOLITE_APP.dir/__/usb_acm_netif/usb_acm_xcm.c.obj
                0x807f0564                usb_acm_slip_task
 .bss.usb_fifo_full
                0x807f0568        0x4 components/app/init/CMakeFiles/VOLITE_APP.dir/__/usb_acm_netif/usb_acm_xcm.c.obj
                0x807f0568                usb_fifo_full
 .bss.usb_rx_buf
                0x807f056c       0x46 components/app/init/CMakeFiles/VOLITE_APP.dir/__/usb_acm_netif/usb_acm_xcm.c.obj
 *fill*         0x807f05b2        0x2 
 .bss.control_path_evt_handler_fp
                0x807f05b4        0x4 components/app/init/CMakeFiles/VOLITE_APP.dir/__/esp32_network/app_host/control/control.c.obj
 .bss.mode      0x807f05b8        0x4 components/app/init/CMakeFiles/VOLITE_APP.dir/__/esp32_network/app_host/control/control.c.obj
 .bss.self_softap_mac
                0x807f05bc        0x6 components/app/init/CMakeFiles/VOLITE_APP.dir/__/esp32_network/app_host/control/control.c.obj
 .bss.self_station_mac
                0x807f05c2        0x6 components/app/init/CMakeFiles/VOLITE_APP.dir/__/esp32_network/app_host/control/control.c.obj
 .bss.count.8254
                0x807f05c8        0x4 components/app/init/CMakeFiles/VOLITE_APP.dir/__/esp32_network/app_host/data/arp_server_stub.c.obj
 COMMON         0x807f05cc        0x8 components/app/init/CMakeFiles/VOLITE_APP.dir/__/esp32_network/app_host/app_main.c.obj
                0x807f05cc                sta_handle
                0x807f05d0                ap_handle
 .bss.async_timer_handle
                0x807f05d4        0x4 components/app/init/CMakeFiles/VOLITE_APP.dir/__/esp32_network/control_lib/src/ctrl_core.c.obj
 .bss.ctrl_event_cb_table
                0x807f05d8       0x1c components/app/init/CMakeFiles/VOLITE_APP.dir/__/esp32_network/control_lib/src/ctrl_core.c.obj
 .bss.ctrl_lib_ctxt
                0x807f05f4        0x4 components/app/init/CMakeFiles/VOLITE_APP.dir/__/esp32_network/control_lib/src/ctrl_core.c.obj
 .bss.ctrl_msg_Q
                0x807f05f8        0x4 components/app/init/CMakeFiles/VOLITE_APP.dir/__/esp32_network/control_lib/src/ctrl_core.c.obj
                0x807f05f8                ctrl_msg_Q
 .bss.ctrl_req_sem
                0x807f05fc        0x4 components/app/init/CMakeFiles/VOLITE_APP.dir/__/esp32_network/control_lib/src/ctrl_core.c.obj
 .bss.ctrl_resp_cb_table
                0x807f0600       0x68 components/app/init/CMakeFiles/VOLITE_APP.dir/__/esp32_network/control_lib/src/ctrl_core.c.obj
 .bss.ctrl_rx_thread_handle
                0x807f0668        0x4 components/app/init/CMakeFiles/VOLITE_APP.dir/__/esp32_network/control_lib/src/ctrl_core.c.obj
 .bss.read_sem  0x807f066c        0x4 components/app/init/CMakeFiles/VOLITE_APP.dir/__/esp32_network/control_lib/src/ctrl_core.c.obj
 .bss.uid       0x807f0670        0x4 components/app/init/CMakeFiles/VOLITE_APP.dir/__/esp32_network/control_lib/src/ctrl_core.c.obj
 .bss.ndev_index
                0x807f0674        0x1 components/app/init/CMakeFiles/VOLITE_APP.dir/__/esp32_network/driver/network/netdev_stub.c.obj
 *fill*         0x807f0675        0x3 
 COMMON         0x807f0678        0x8 components/app/init/CMakeFiles/VOLITE_APP.dir/__/esp32_network/driver/network/netdev_stub.c.obj
                0x807f0678                ndev_db
 .bss.conn_num  0x807f0680        0x1 components/app/init/CMakeFiles/VOLITE_APP.dir/__/esp32_network/driver/serial/serial_ll_if.c.obj
 *fill*         0x807f0681        0x3 
 .bss.interface_handle_g
                0x807f0684        0x8 components/app/init/CMakeFiles/VOLITE_APP.dir/__/esp32_network/driver/serial/serial_ll_if.c.obj
 .bss.r         0x807f068c        0x8 components/app/init/CMakeFiles/VOLITE_APP.dir/__/esp32_network/driver/serial/serial_ll_if.c.obj
 .bss.serial_handle
                0x807f0694        0x4 components/app/init/CMakeFiles/VOLITE_APP.dir/__/esp32_network/driver/serial/serial_if.c.obj
                0x807f0694                serial_handle
 .bss.esp_priv  0x807f0698        0x8 components/app/init/CMakeFiles/VOLITE_APP.dir/__/esp32_network/driver/transport/spi/spi_drv.c.obj
 .bss.from_slave_queue
                0x807f06a0        0x4 components/app/init/CMakeFiles/VOLITE_APP.dir/__/esp32_network/driver/transport/spi/spi_drv.c.obj
 .bss.gpio_level_high_flag
                0x807f06a4        0x4 components/app/init/CMakeFiles/VOLITE_APP.dir/__/esp32_network/driver/transport/spi/spi_drv.c.obj
                0x807f06a4                gpio_level_high_flag
 .bss.gpio_level_low_flag
                0x807f06a8        0x4 components/app/init/CMakeFiles/VOLITE_APP.dir/__/esp32_network/driver/transport/spi/spi_drv.c.obj
                0x807f06a8                gpio_level_low_flag
 .bss.mutex_spi_trans
                0x807f06ac        0x4 components/app/init/CMakeFiles/VOLITE_APP.dir/__/esp32_network/driver/transport/spi/spi_drv.c.obj
 .bss.osSemaphore
                0x807f06b0        0x4 components/app/init/CMakeFiles/VOLITE_APP.dir/__/esp32_network/driver/transport/spi/spi_drv.c.obj
 .bss.spi_demo_wait_write_read
                0x807f06b4        0x1 components/app/init/CMakeFiles/VOLITE_APP.dir/__/esp32_network/driver/transport/spi/spi_drv.c.obj
                0x807f06b4                spi_demo_wait_write_read
 *fill*         0x807f06b5        0x3 
 .bss.spi_drv_evt_handler_fp
                0x807f06b8        0x4 components/app/init/CMakeFiles/VOLITE_APP.dir/__/esp32_network/driver/transport/spi/spi_drv.c.obj
 *fill*         0x807f06bc        0x4 
 .bss.spi_rxbuf
                0x807f06c0      0x200 components/app/init/CMakeFiles/VOLITE_APP.dir/__/esp32_network/driver/transport/spi/spi_drv.c.obj
 .bss.spi_txbuf
                0x807f08c0      0x200 components/app/init/CMakeFiles/VOLITE_APP.dir/__/esp32_network/driver/transport/spi/spi_drv.c.obj
 .bss.to_slave_queue
                0x807f0ac0        0x4 components/app/init/CMakeFiles/VOLITE_APP.dir/__/esp32_network/driver/transport/spi/spi_drv.c.obj
 COMMON         0x807f0ac4        0x8 components/app/init/CMakeFiles/VOLITE_APP.dir/__/esp32_network/driver/transport/spi/spi_drv.c.obj
                0x807f0ac4                spi_demo_write
                0x807f0ac8                spi_demo_read
 .bss.readSemaphore
                0x807f0acc        0x4 components/app/init/CMakeFiles/VOLITE_APP.dir/__/esp32_network/port/src/platform_wrapper.c.obj
 .bss.serial_ll_if_g
                0x807f0ad0        0x4 components/app/init/CMakeFiles/VOLITE_APP.dir/__/esp32_network/port/src/platform_wrapper.c.obj
 .bss.timerNew  0x807f0ad4        0x4 components/app/init/CMakeFiles/VOLITE_APP.dir/__/esp32_network/port/src/platform_wrapper.c.obj
                0x807f0ad4                timerNew
                0x807f0ad8                __bss_end = .
                0x807f0ae0                . = ALIGN (0x20)
 *fill*         0x807f0ad8        0x8 
                0x60400520                . = ((LOADADDR (.corestub) + SIZEOF (.corestub)) + SIZEOF (.data))

.text           0x60400520    0x189c0
                0x60400520                __text_start = .
 *(.text .text.* .gnu.linkonce.t.* .rdata .rodata .rodata.* .gnu.linkonce.r.* .glue_7 .glue_7t .vfp11_veneer .v4_bx)
 .glue_7        0x60400520        0x0 linker stubs
 .glue_7t       0x60400520        0x0 linker stubs
 .vfp11_veneer  0x60400520        0x0 linker stubs
 .v4_bx         0x60400520        0x0 linker stubs
 .rodata.ql_init_app_thread.str1.1
                0x60400520       0x31 components/app/init/CMakeFiles/VOLITE_APP.dir/ql_init.c.obj
 *fill*         0x60400551        0x3 
 .text.ql_init_app_thread
                0x60400554       0x30 components/app/init/CMakeFiles/VOLITE_APP.dir/ql_init.c.obj
 .rodata.ql_pin_cfg_init.str1.1
                0x60400584       0x1c components/app/init/CMakeFiles/VOLITE_APP.dir/ql_init.c.obj
 .text.ql_pin_cfg_init
                0x604005a0       0x68 components/app/init/CMakeFiles/VOLITE_APP.dir/ql_init.c.obj
                0x604005a0                ql_pin_cfg_init
 .rodata.appimg_enter.str1.1
                0x60400608       0x22 components/app/init/CMakeFiles/VOLITE_APP.dir/ql_init.c.obj
 *fill*         0x6040062a        0x2 
 .text.appimg_enter
                0x6040062c       0x8c components/app/init/CMakeFiles/VOLITE_APP.dir/ql_init.c.obj
                0x6040062c                appimg_enter
 .rodata.appimg_exit.str1.1
                0x604006b8       0x1c components/app/init/CMakeFiles/VOLITE_APP.dir/ql_init.c.obj
 .text.appimg_exit
                0x604006d4       0x1c components/app/init/CMakeFiles/VOLITE_APP.dir/ql_init.c.obj
                0x604006d4                appimg_exit
 .rodata.__FUNCTION__.9418
                0x604006f0       0x10 components/app/init/CMakeFiles/VOLITE_APP.dir/ql_init.c.obj
 .rodata.__FUNCTION__.9437
                0x60400700       0x13 components/app/init/CMakeFiles/VOLITE_APP.dir/ql_init.c.obj
 .rodata.__FUNCTION__.9476
                0x60400713        0xd components/app/init/CMakeFiles/VOLITE_APP.dir/ql_init.c.obj
 .rodata.__FUNCTION__.9480
                0x60400720        0xc components/app/init/CMakeFiles/VOLITE_APP.dir/ql_init.c.obj
 .rodata._ql_gpio_cfg1
                0x6040072c       0x46 components/app/init/CMakeFiles/VOLITE_APP.dir/ql_init.c.obj
 .rodata.acm_net_output.str1.1
                0x60400772       0xdb components/app/init/CMakeFiles/VOLITE_APP.dir/__/usb_acm_netif/usb_acm_xcm.c.obj
 *fill*         0x6040084d        0x3 
 .text.acm_net_output
                0x60400850      0x13c components/app/init/CMakeFiles/VOLITE_APP.dir/__/usb_acm_netif/usb_acm_xcm.c.obj
 .rodata.usb_acm_net_thread.str1.1
                0x6040098c      0x124 components/app/init/CMakeFiles/VOLITE_APP.dir/__/usb_acm_netif/usb_acm_xcm.c.obj
 .text.usb_acm_net_thread
                0x60400ab0      0x30c components/app/init/CMakeFiles/VOLITE_APP.dir/__/usb_acm_netif/usb_acm_xcm.c.obj
                0x60400ab0                usb_acm_net_thread
 .rodata.acm_netif_init.str1.1
                0x60400dbc       0x30 components/app/init/CMakeFiles/VOLITE_APP.dir/__/usb_acm_netif/usb_acm_xcm.c.obj
 .text.acm_netif_init
                0x60400dec       0x6c components/app/init/CMakeFiles/VOLITE_APP.dir/__/usb_acm_netif/usb_acm_xcm.c.obj
                0x60400dec                acm_netif_init
 .rodata.acm_uart_notify_cb.str1.1
                0x60400e58       0x34 components/app/init/CMakeFiles/VOLITE_APP.dir/__/usb_acm_netif/usb_acm_xcm.c.obj
 .text.acm_uart_notify_cb
                0x60400e8c       0x74 components/app/init/CMakeFiles/VOLITE_APP.dir/__/usb_acm_netif/usb_acm_xcm.c.obj
                0x60400e8c                acm_uart_notify_cb
 .rodata.usb_acm_slip_init.str1.1
                0x60400f00       0x6c components/app/init/CMakeFiles/VOLITE_APP.dir/__/usb_acm_netif/usb_acm_xcm.c.obj
 .text.usb_acm_slip_init
                0x60400f6c       0x60 components/app/init/CMakeFiles/VOLITE_APP.dir/__/usb_acm_netif/usb_acm_xcm.c.obj
                0x60400f6c                usb_acm_slip_init
 .rodata        0x60400fcc        0x6 components/app/init/CMakeFiles/VOLITE_APP.dir/__/usb_acm_netif/usb_acm_xcm.c.obj
 .rodata.__FUNCTION__.15917
                0x60400fd2       0x13 components/app/init/CMakeFiles/VOLITE_APP.dir/__/usb_acm_netif/usb_acm_xcm.c.obj
 .rodata.__FUNCTION__.15927
                0x60400fe5        0xf components/app/init/CMakeFiles/VOLITE_APP.dir/__/usb_acm_netif/usb_acm_xcm.c.obj
 .rodata.__FUNCTION__.15941
                0x60400ff4        0xf components/app/init/CMakeFiles/VOLITE_APP.dir/__/usb_acm_netif/usb_acm_xcm.c.obj
 .rodata.__FUNCTION__.15955
                0x60401003       0x13 components/app/init/CMakeFiles/VOLITE_APP.dir/__/usb_acm_netif/usb_acm_xcm.c.obj
 .rodata.__FUNCTION__.15979
                0x60401016       0x12 components/app/init/CMakeFiles/VOLITE_APP.dir/__/usb_acm_netif/usb_acm_xcm.c.obj
 .rodata.eth_broadcast_mac
                0x60401028        0x6 components/app/init/CMakeFiles/VOLITE_APP.dir/__/usb_acm_netif/usb_acm_xcm.c.obj
                0x60401028                eth_broadcast_mac
 .rodata.eth_mac
                0x6040102e        0x6 components/app/init/CMakeFiles/VOLITE_APP.dir/__/usb_acm_netif/usb_acm_xcm.c.obj
                0x6040102e                eth_mac
 .rodata.ctrl_app_resp_callback.str1.1
                0x60401034      0xc03 components/app/init/CMakeFiles/VOLITE_APP.dir/__/esp32_network/app_host/control/control_utils.c.obj
 *fill*         0x60401c37        0x1 
 .text.ctrl_app_resp_callback
                0x60401c38      0x598 components/app/init/CMakeFiles/VOLITE_APP.dir/__/esp32_network/app_host/control/control_utils.c.obj
                0x60401c38                ctrl_app_resp_callback
 .rodata.get_timestamp.part.0.constprop.0.str1.1
                0x604021d0        0x5 components/app/init/CMakeFiles/VOLITE_APP.dir/__/esp32_network/app_host/control/control_utils.c.obj
 *fill*         0x604021d5        0x3 
 .text.get_timestamp.part.0.constprop.0
                0x604021d8       0x3c components/app/init/CMakeFiles/VOLITE_APP.dir/__/esp32_network/app_host/control/control_utils.c.obj
 .rodata.ctrl_app_event_callback.str1.1
                0x60402214      0x18d components/app/init/CMakeFiles/VOLITE_APP.dir/__/esp32_network/app_host/control/control_utils.c.obj
 *fill*         0x604023a1        0x3 
 .text.ctrl_app_event_callback
                0x604023a4      0x11c components/app/init/CMakeFiles/VOLITE_APP.dir/__/esp32_network/app_host/control/control_utils.c.obj
 .rodata.register_event_callbacks.str1.1
                0x604024c0       0x43 components/app/init/CMakeFiles/VOLITE_APP.dir/__/esp32_network/app_host/control/control_utils.c.obj
 *fill*         0x60402503        0x1 
 .text.register_event_callbacks
                0x60402504       0x58 components/app/init/CMakeFiles/VOLITE_APP.dir/__/esp32_network/app_host/control/control_utils.c.obj
                0x60402504                register_event_callbacks
 .text.test_set_wifi_mode
                0x6040255c       0x3a components/app/init/CMakeFiles/VOLITE_APP.dir/__/esp32_network/app_host/control/control_utils.c.obj
                0x6040255c                test_set_wifi_mode
 .text.test_set_wifi_mode_station
                0x60402596        0x6 components/app/init/CMakeFiles/VOLITE_APP.dir/__/esp32_network/app_host/control/control_utils.c.obj
                0x60402596                test_set_wifi_mode_station
 .rodata.test_get_wifi_mac_addr.str1.1
                0x6040259c       0x28 components/app/init/CMakeFiles/VOLITE_APP.dir/__/esp32_network/app_host/control/control_utils.c.obj
 .text.test_get_wifi_mac_addr
                0x604025c4       0x84 components/app/init/CMakeFiles/VOLITE_APP.dir/__/esp32_network/app_host/control/control_utils.c.obj
                0x604025c4                test_get_wifi_mac_addr
 .text.test_station_mode_get_mac_addr
                0x60402648        0x8 components/app/init/CMakeFiles/VOLITE_APP.dir/__/esp32_network/app_host/control/control_utils.c.obj
                0x60402648                test_station_mode_get_mac_addr
 .text.test_softap_mode_get_mac_addr
                0x60402650        0x8 components/app/init/CMakeFiles/VOLITE_APP.dir/__/esp32_network/app_host/control/control_utils.c.obj
                0x60402650                test_softap_mode_get_mac_addr
 .text.test_station_mode_connect
                0x60402658       0x6e components/app/init/CMakeFiles/VOLITE_APP.dir/__/esp32_network/app_host/control/control_utils.c.obj
                0x60402658                test_station_mode_connect
 .text.test_get_available_wifi
                0x604026c6        0x6 components/app/init/CMakeFiles/VOLITE_APP.dir/__/esp32_network/app_host/control/control_utils.c.obj
                0x604026c6                test_get_available_wifi
 .text.test_softap_mode_start
                0x604026cc       0x28 components/app/init/CMakeFiles/VOLITE_APP.dir/__/esp32_network/app_host/control/control_utils.c.obj
                0x604026cc                test_softap_mode_start
 .rodata        0x604026f4       0x20 components/app/init/CMakeFiles/VOLITE_APP.dir/__/esp32_network/app_host/control/control_utils.c.obj
 .rodata.__FUNCTION__.11067
                0x60402714       0x18 components/app/init/CMakeFiles/VOLITE_APP.dir/__/esp32_network/app_host/control/control_utils.c.obj
 .rodata.__FUNCTION__.11081
                0x6040272c       0x19 components/app/init/CMakeFiles/VOLITE_APP.dir/__/esp32_network/app_host/control/control_utils.c.obj
 .rodata.__FUNCTION__.11116
                0x60402745       0x19 components/app/init/CMakeFiles/VOLITE_APP.dir/__/esp32_network/app_host/control/control_utils.c.obj
 .rodata.__FUNCTION__.11124
                0x6040275e       0x17 components/app/init/CMakeFiles/VOLITE_APP.dir/__/esp32_network/app_host/control/control_utils.c.obj
 .rodata.__FUNCTION__.11199
                0x60402775       0x17 components/app/init/CMakeFiles/VOLITE_APP.dir/__/esp32_network/app_host/control/control_utils.c.obj
 .rodata.get_boolean_param.str1.1
                0x6040278c        0x4 components/app/init/CMakeFiles/VOLITE_APP.dir/__/esp32_network/app_host/control/control.c.obj
 .text.get_boolean_param
                0x60402790       0x18 components/app/init/CMakeFiles/VOLITE_APP.dir/__/esp32_network/app_host/control/control.c.obj
 .rodata.control_path_task.str1.1
                0x604027a8      0x3a8 components/app/init/CMakeFiles/VOLITE_APP.dir/__/esp32_network/app_host/control/control.c.obj
                                0x3c8 (size before relaxing)
 .text.control_path_task
                0x60402b50      0x46c components/app/init/CMakeFiles/VOLITE_APP.dir/__/esp32_network/app_host/control/control.c.obj
 .rodata.get_self_ip_station.str1.1
                0x60402fbc       0x4f components/app/init/CMakeFiles/VOLITE_APP.dir/__/esp32_network/app_host/control/control.c.obj
 *fill*         0x6040300b        0x1 
 .text.get_self_ip_station
                0x6040300c       0x34 components/app/init/CMakeFiles/VOLITE_APP.dir/__/esp32_network/app_host/control/control.c.obj
                0x6040300c                get_self_ip_station
 .rodata.get_self_ip_softap.str1.1
                0x60403040       0x4c components/app/init/CMakeFiles/VOLITE_APP.dir/__/esp32_network/app_host/control/control.c.obj
 .text.get_self_ip_softap
                0x6040308c       0x34 components/app/init/CMakeFiles/VOLITE_APP.dir/__/esp32_network/app_host/control/control.c.obj
                0x6040308c                get_self_ip_softap
 .text.get_self_mac_station
                0x604030c0        0x8 components/app/init/CMakeFiles/VOLITE_APP.dir/__/esp32_network/app_host/control/control.c.obj
                0x604030c0                get_self_mac_station
 .text.get_self_mac_softap
                0x604030c8        0x8 components/app/init/CMakeFiles/VOLITE_APP.dir/__/esp32_network/app_host/control/control.c.obj
                0x604030c8                get_self_mac_softap
 .rodata.get_arp_dst_ip_station.str1.1
                0x604030d0       0x53 components/app/init/CMakeFiles/VOLITE_APP.dir/__/esp32_network/app_host/control/control.c.obj
 *fill*         0x60403123        0x1 
 .text.get_arp_dst_ip_station
                0x60403124       0x34 components/app/init/CMakeFiles/VOLITE_APP.dir/__/esp32_network/app_host/control/control.c.obj
                0x60403124                get_arp_dst_ip_station
 .rodata.get_arp_dst_ip_softap.str1.1
                0x60403158       0x52 components/app/init/CMakeFiles/VOLITE_APP.dir/__/esp32_network/app_host/control/control.c.obj
 *fill*         0x604031aa        0x2 
 .text.get_arp_dst_ip_softap
                0x604031ac       0x34 components/app/init/CMakeFiles/VOLITE_APP.dir/__/esp32_network/app_host/control/control.c.obj
                0x604031ac                get_arp_dst_ip_softap
 .rodata.control_path_init.str1.1
                0x604031e0      0x6e4 components/app/init/CMakeFiles/VOLITE_APP.dir/__/esp32_network/app_host/control/control.c.obj
                                0x6e5 (size before relaxing)
 .text.control_path_init
                0x604038c4      0x2dc components/app/init/CMakeFiles/VOLITE_APP.dir/__/esp32_network/app_host/control/control.c.obj
                0x604038c4                control_path_init
 .rodata.__FUNCTION__.10901
                0x60403ba0       0x14 components/app/init/CMakeFiles/VOLITE_APP.dir/__/esp32_network/app_host/control/control.c.obj
 .rodata.__FUNCTION__.10905
                0x60403bb4       0x13 components/app/init/CMakeFiles/VOLITE_APP.dir/__/esp32_network/app_host/control/control.c.obj
 .rodata.__FUNCTION__.10913
                0x60403bc7       0x17 components/app/init/CMakeFiles/VOLITE_APP.dir/__/esp32_network/app_host/control/control.c.obj
 .rodata.__FUNCTION__.10917
                0x60403bde       0x16 components/app/init/CMakeFiles/VOLITE_APP.dir/__/esp32_network/app_host/control/control.c.obj
 .rodata.__FUNCTION__.10922
                0x60403bf4       0x12 components/app/init/CMakeFiles/VOLITE_APP.dir/__/esp32_network/app_host/control/control.c.obj
 .rodata.__FUNCTION__.10951
                0x60403c06       0x1f components/app/init/CMakeFiles/VOLITE_APP.dir/__/esp32_network/app_host/control/control.c.obj
 .rodata.__FUNCTION__.10963
                0x60403c25       0x10 components/app/init/CMakeFiles/VOLITE_APP.dir/__/esp32_network/app_host/control/control.c.obj
 .rodata.__FUNCTION__.10977
                0x60403c35        0xd components/app/init/CMakeFiles/VOLITE_APP.dir/__/esp32_network/app_host/control/control.c.obj
 .rodata.__FUNCTION__.10993
                0x60403c42       0x12 components/app/init/CMakeFiles/VOLITE_APP.dir/__/esp32_network/app_host/control/control.c.obj
 .rodata.arp_req_handler.str1.1
                0x60403c54       0xd5 components/app/init/CMakeFiles/VOLITE_APP.dir/__/esp32_network/app_host/data/arp_server_stub.c.obj
 *fill*         0x60403d29        0x3 
 .text.arp_req_handler
                0x60403d2c      0x20c components/app/init/CMakeFiles/VOLITE_APP.dir/__/esp32_network/app_host/data/arp_server_stub.c.obj
                0x60403d2c                arp_req_handler
 .rodata.send_arp_req.str1.1
                0x60403f38       0x28 components/app/init/CMakeFiles/VOLITE_APP.dir/__/esp32_network/app_host/data/arp_server_stub.c.obj
 .text.send_arp_req
                0x60403f60      0x108 components/app/init/CMakeFiles/VOLITE_APP.dir/__/esp32_network/app_host/data/arp_server_stub.c.obj
                0x60403f60                send_arp_req
 .rodata        0x60404068       0x28 components/app/init/CMakeFiles/VOLITE_APP.dir/__/esp32_network/app_host/data/arp_server_stub.c.obj
 .rodata.__FUNCTION__.8255
                0x60404090        0xc components/app/init/CMakeFiles/VOLITE_APP.dir/__/esp32_network/app_host/data/arp_server_stub.c.obj
 .rodata.__FUNCTION__.8270
                0x6040409c       0x10 components/app/init/CMakeFiles/VOLITE_APP.dir/__/esp32_network/app_host/data/arp_server_stub.c.obj
 .rodata.__FUNCTION__.8279
                0x604040ac        0xd components/app/init/CMakeFiles/VOLITE_APP.dir/__/esp32_network/app_host/data/arp_server_stub.c.obj
 *fill*         0x604040b9        0x1 
 .text.stream_set
                0x604040ba       0x14 components/app/init/CMakeFiles/VOLITE_APP.dir/__/esp32_network/app_host/app_main_api.c.obj
                0x604040ba                stream_set
 .rodata.stream_get.str1.1
                0x604040ce       0x62 components/app/init/CMakeFiles/VOLITE_APP.dir/__/esp32_network/app_host/app_main_api.c.obj
 .text.stream_get
                0x60404130       0x30 components/app/init/CMakeFiles/VOLITE_APP.dir/__/esp32_network/app_host/app_main_api.c.obj
                0x60404130                stream_get
 .rodata.__FUNCTION__.6954
                0x60404160        0xb components/app/init/CMakeFiles/VOLITE_APP.dir/__/esp32_network/app_host/app_main_api.c.obj
 .rodata.sta_rx_callback.str1.1
                0x6040416b       0xbc components/app/init/CMakeFiles/VOLITE_APP.dir/__/esp32_network/app_host/app_main.c.obj
 *fill*         0x60404227        0x1 
 .text.sta_rx_callback
                0x60404228       0xbc components/app/init/CMakeFiles/VOLITE_APP.dir/__/esp32_network/app_host/app_main.c.obj
 .rodata.ap_rx_callback.str1.1
                0x604042e4       0x30 components/app/init/CMakeFiles/VOLITE_APP.dir/__/esp32_network/app_host/app_main.c.obj
 .text.ap_rx_callback
                0x60404314       0xbc components/app/init/CMakeFiles/VOLITE_APP.dir/__/esp32_network/app_host/app_main.c.obj
 .rodata.arping_task.str1.1
                0x604043d0        0x7 components/app/init/CMakeFiles/VOLITE_APP.dir/__/esp32_network/app_host/app_main.c.obj
 *fill*         0x604043d7        0x1 
 .text.arping_task
                0x604043d8       0x80 components/app/init/CMakeFiles/VOLITE_APP.dir/__/esp32_network/app_host/app_main.c.obj
                0x604043d8                arping_task
 .rodata.transport_driver_event_handler.str1.1
                0x60404458       0x4f components/app/init/CMakeFiles/VOLITE_APP.dir/__/esp32_network/app_host/app_main.c.obj
 *fill*         0x604044a7        0x1 
 .text.transport_driver_event_handler
                0x604044a8       0x48 components/app/init/CMakeFiles/VOLITE_APP.dir/__/esp32_network/app_host/app_main.c.obj
 .rodata.control_path_event_handler.str1.1
                0x604044f0       0x5d components/app/init/CMakeFiles/VOLITE_APP.dir/__/esp32_network/app_host/app_main.c.obj
 *fill*         0x6040454d        0x3 
 .text.control_path_event_handler
                0x60404550       0xb0 components/app/init/CMakeFiles/VOLITE_APP.dir/__/esp32_network/app_host/app_main.c.obj
 .rodata.MX_FREERTOS_Init.str1.1
                0x60404600       0x2c components/app/init/CMakeFiles/VOLITE_APP.dir/__/esp32_network/app_host/app_main.c.obj
 .text.MX_FREERTOS_Init
                0x6040462c       0x94 components/app/init/CMakeFiles/VOLITE_APP.dir/__/esp32_network/app_host/app_main.c.obj
                0x6040462c                MX_FREERTOS_Init
 .rodata.__FUNCTION__.15936
                0x604046c0       0x1b components/app/init/CMakeFiles/VOLITE_APP.dir/__/esp32_network/app_host/app_main.c.obj
 .rodata.__FUNCTION__.15943
                0x604046db       0x1f components/app/init/CMakeFiles/VOLITE_APP.dir/__/esp32_network/app_host/app_main.c.obj
 .rodata.__FUNCTION__.15954
                0x604046fa       0x11 components/app/init/CMakeFiles/VOLITE_APP.dir/__/esp32_network/app_host/app_main.c.obj
 .rodata.__FUNCTION__.16216
                0x6040470b       0x10 components/app/init/CMakeFiles/VOLITE_APP.dir/__/esp32_network/app_host/app_main.c.obj
 .rodata.__FUNCTION__.16228
                0x6040471b        0xf components/app/init/CMakeFiles/VOLITE_APP.dir/__/esp32_network/app_host/app_main.c.obj
 .rodata.__FUNCTION__.16234
                0x6040472a        0x9 components/app/init/CMakeFiles/VOLITE_APP.dir/__/esp32_network/app_host/app_main.c.obj
 .rodata.__FUNCTION__.16239
                0x60404733        0x8 components/app/init/CMakeFiles/VOLITE_APP.dir/__/esp32_network/app_host/app_main.c.obj
 .rodata.__func__.16218
                0x6040473b       0x10 components/app/init/CMakeFiles/VOLITE_APP.dir/__/esp32_network/app_host/app_main.c.obj
 .rodata.__func__.16230
                0x6040474b        0xf components/app/init/CMakeFiles/VOLITE_APP.dir/__/esp32_network/app_host/app_main.c.obj
 .text.hton_short
                0x6040475a        0x6 components/app/init/CMakeFiles/VOLITE_APP.dir/__/esp32_network/common/common.c.obj
                0x6040475a                hton_short
 .text.hton_long
                0x60404760        0x4 components/app/init/CMakeFiles/VOLITE_APP.dir/__/esp32_network/common/common.c.obj
                0x60404760                hton_long
 .text.print_hex_dump
                0x60404764        0x2 components/app/init/CMakeFiles/VOLITE_APP.dir/__/esp32_network/common/common.c.obj
                0x60404764                print_hex_dump
 .text.min      0x60404766        0x8 components/app/init/CMakeFiles/VOLITE_APP.dir/__/esp32_network/common/common.c.obj
                0x60404766                min
 .text.hard_delay
                0x6040476e       0x1e components/app/init/CMakeFiles/VOLITE_APP.dir/__/esp32_network/common/common.c.obj
                0x6040476e                hard_delay
 .rodata.get_num_from_string.str1.1
                0x6040478c       0x66 components/app/init/CMakeFiles/VOLITE_APP.dir/__/esp32_network/common/common.c.obj
 *fill*         0x604047f2        0x2 
 .text.get_num_from_string
                0x604047f4       0x84 components/app/init/CMakeFiles/VOLITE_APP.dir/__/esp32_network/common/common.c.obj
                0x604047f4                get_num_from_string
 .rodata.__FUNCTION__.7398
                0x60404878       0x14 components/app/init/CMakeFiles/VOLITE_APP.dir/__/esp32_network/common/common.c.obj
 .text.ipv4_addr_aton
                0x6040488c       0xf8 components/app/init/CMakeFiles/VOLITE_APP.dir/__/esp32_network/common/util.c.obj
                0x6040488c                ipv4_addr_aton
 .text.ipv4_addr_ntoa
                0x60404984       0xa8 components/app/init/CMakeFiles/VOLITE_APP.dir/__/esp32_network/common/util.c.obj
                0x60404984                ipv4_addr_ntoa
 .rodata.convert_mac_to_bytes.str1.1
                0x60404a2c       0x18 components/app/init/CMakeFiles/VOLITE_APP.dir/__/esp32_network/common/util.c.obj
 .text.convert_mac_to_bytes
                0x60404a44       0x80 components/app/init/CMakeFiles/VOLITE_APP.dir/__/esp32_network/common/util.c.obj
                0x60404a44                convert_mac_to_bytes
 .text.is_same_buff
                0x60404ac4       0x2c components/app/init/CMakeFiles/VOLITE_APP.dir/__/esp32_network/common/util.c.obj
                0x60404ac4                is_same_buff
 .text.get_ipaddr_from_str
                0x60404af0       0x24 components/app/init/CMakeFiles/VOLITE_APP.dir/__/esp32_network/common/util.c.obj
                0x60404af0                get_ipaddr_from_str
 .text.create_esp_queue
                0x60404b14       0x12 components/app/init/CMakeFiles/VOLITE_APP.dir/__/esp32_network/component/src/esp_queue.c.obj
                0x60404b14                create_esp_queue
 .rodata.esp_queue_put.str1.1
                0x60404b26       0x49 components/app/init/CMakeFiles/VOLITE_APP.dir/__/esp32_network/component/src/esp_queue.c.obj
 *fill*         0x60404b6f        0x1 
 .text.esp_queue_put
                0x60404b70       0x60 components/app/init/CMakeFiles/VOLITE_APP.dir/__/esp32_network/component/src/esp_queue.c.obj
                0x60404b70                esp_queue_put
 .text.esp_queue_get
                0x60404bd0       0x26 components/app/init/CMakeFiles/VOLITE_APP.dir/__/esp32_network/component/src/esp_queue.c.obj
                0x60404bd0                esp_queue_get
 .text.esp_queue_destroy
                0x60404bf6       0x2e components/app/init/CMakeFiles/VOLITE_APP.dir/__/esp32_network/component/src/esp_queue.c.obj
                0x60404bf6                esp_queue_destroy
 .rodata.__FUNCTION__.7351
                0x60404c24        0xe components/app/init/CMakeFiles/VOLITE_APP.dir/__/esp32_network/component/src/esp_queue.c.obj
 .text.init_hosted_control_lib
                0x60404c32        0x4 components/app/init/CMakeFiles/VOLITE_APP.dir/__/esp32_network/control_lib/src/ctrl_api.c.obj
                0x60404c32                init_hosted_control_lib
 .rodata.wifi_get_mac.str1.1
                0x60404c36       0x2e components/app/init/CMakeFiles/VOLITE_APP.dir/__/esp32_network/control_lib/src/ctrl_api.c.obj
 .text.wifi_get_mac
                0x60404c64       0x64 components/app/init/CMakeFiles/VOLITE_APP.dir/__/esp32_network/control_lib/src/ctrl_api.c.obj
                0x60404c64                wifi_get_mac
 .text.wifi_set_mode
                0x60404cc8       0x64 components/app/init/CMakeFiles/VOLITE_APP.dir/__/esp32_network/control_lib/src/ctrl_api.c.obj
                0x60404cc8                wifi_set_mode
 .text.wifi_connect_ap
                0x60404d2c       0x64 components/app/init/CMakeFiles/VOLITE_APP.dir/__/esp32_network/control_lib/src/ctrl_api.c.obj
                0x60404d2c                wifi_connect_ap
 .rodata.__FUNCTION__.9214
                0x60404d90        0xd components/app/init/CMakeFiles/VOLITE_APP.dir/__/esp32_network/control_lib/src/ctrl_api.c.obj
 .rodata.__FUNCTION__.9226
                0x60404d9d        0xe components/app/init/CMakeFiles/VOLITE_APP.dir/__/esp32_network/control_lib/src/ctrl_api.c.obj
 .rodata.__FUNCTION__.9246
                0x60404dab       0x10 components/app/init/CMakeFiles/VOLITE_APP.dir/__/esp32_network/control_lib/src/ctrl_api.c.obj
 *fill*         0x60404dbb        0x1 
 .text.ctrl_rx_ind
                0x60404dbc        0xc components/app/init/CMakeFiles/VOLITE_APP.dir/__/esp32_network/control_lib/src/ctrl_core.c.obj
 .rodata.ctrl_async_timeout_handler.str1.1
                0x60404dc8       0x61 components/app/init/CMakeFiles/VOLITE_APP.dir/__/esp32_network/control_lib/src/ctrl_core.c.obj
 *fill*         0x60404e29        0x3 
 .text.ctrl_async_timeout_handler
                0x60404e2c       0x74 components/app/init/CMakeFiles/VOLITE_APP.dir/__/esp32_network/control_lib/src/ctrl_core.c.obj
 .rodata.ctrl_rx_thread.str1.1
                0x60404ea0      0x4cf components/app/init/CMakeFiles/VOLITE_APP.dir/__/esp32_network/control_lib/src/ctrl_core.c.obj
                                0x4d7 (size before relaxing)
 *fill*         0x6040536f        0x1 
 .text.ctrl_rx_thread
                0x60405370      0xb40 components/app/init/CMakeFiles/VOLITE_APP.dir/__/esp32_network/control_lib/src/ctrl_core.c.obj
 .rodata.is_async_resp_callback_registered.str1.1
                0x60405eb0       0x49 components/app/init/CMakeFiles/VOLITE_APP.dir/__/esp32_network/control_lib/src/ctrl_core.c.obj
 *fill*         0x60405ef9        0x3 
 .text.is_async_resp_callback_registered
                0x60405efc       0x50 components/app/init/CMakeFiles/VOLITE_APP.dir/__/esp32_network/control_lib/src/ctrl_core.c.obj
                0x60405efc                is_async_resp_callback_registered
 .text.set_event_callback
                0x60405f4c       0x44 components/app/init/CMakeFiles/VOLITE_APP.dir/__/esp32_network/control_lib/src/ctrl_core.c.obj
                0x60405f4c                set_event_callback
 .rodata.ctrl_wait_and_parse_sync_resp.str1.1
                0x60405f90       0xc9 components/app/init/CMakeFiles/VOLITE_APP.dir/__/esp32_network/control_lib/src/ctrl_core.c.obj
 *fill*         0x60406059        0x3 
 .text.ctrl_wait_and_parse_sync_resp
                0x6040605c       0xd8 components/app/init/CMakeFiles/VOLITE_APP.dir/__/esp32_network/control_lib/src/ctrl_core.c.obj
                0x6040605c                ctrl_wait_and_parse_sync_resp
 .rodata.ctrl_app_send_req.str1.1
                0x60406134      0x5f4 components/app/init/CMakeFiles/VOLITE_APP.dir/__/esp32_network/control_lib/src/ctrl_core.c.obj
                                0x5f7 (size before relaxing)
 .text.ctrl_app_send_req
                0x60406728      0x770 components/app/init/CMakeFiles/VOLITE_APP.dir/__/esp32_network/control_lib/src/ctrl_core.c.obj
                0x60406728                ctrl_app_send_req
 .rodata.deinit_hosted_control_lib_internal.str1.1
                0x60406e98       0xd0 components/app/init/CMakeFiles/VOLITE_APP.dir/__/esp32_network/control_lib/src/ctrl_core.c.obj
 .text.deinit_hosted_control_lib_internal
                0x60406f68       0xe4 components/app/init/CMakeFiles/VOLITE_APP.dir/__/esp32_network/control_lib/src/ctrl_core.c.obj
                0x60406f68                deinit_hosted_control_lib_internal
 .rodata.init_hosted_control_lib_internal.str1.1
                0x6040704c       0xbd components/app/init/CMakeFiles/VOLITE_APP.dir/__/esp32_network/control_lib/src/ctrl_core.c.obj
 *fill*         0x60407109        0x3 
 .text.init_hosted_control_lib_internal
                0x6040710c       0xc0 components/app/init/CMakeFiles/VOLITE_APP.dir/__/esp32_network/control_lib/src/ctrl_core.c.obj
                0x6040710c                init_hosted_control_lib_internal
 .rodata.__FUNCTION__.10462
                0x604071cc       0x15 components/app/init/CMakeFiles/VOLITE_APP.dir/__/esp32_network/control_lib/src/ctrl_core.c.obj
 .rodata.__FUNCTION__.10477
                0x604071e1       0x14 components/app/init/CMakeFiles/VOLITE_APP.dir/__/esp32_network/control_lib/src/ctrl_core.c.obj
 .rodata.__FUNCTION__.10549
                0x604071f5       0x1d components/app/init/CMakeFiles/VOLITE_APP.dir/__/esp32_network/control_lib/src/ctrl_core.c.obj
 .rodata.__FUNCTION__.10557
                0x60407212       0x14 components/app/init/CMakeFiles/VOLITE_APP.dir/__/esp32_network/control_lib/src/ctrl_core.c.obj
 .rodata.__FUNCTION__.10565
                0x60407226        0xf components/app/init/CMakeFiles/VOLITE_APP.dir/__/esp32_network/control_lib/src/ctrl_core.c.obj
 .rodata.__FUNCTION__.10575
                0x60407235       0x15 components/app/init/CMakeFiles/VOLITE_APP.dir/__/esp32_network/control_lib/src/ctrl_core.c.obj
 .rodata.__FUNCTION__.10580
                0x6040724a       0x16 components/app/init/CMakeFiles/VOLITE_APP.dir/__/esp32_network/control_lib/src/ctrl_core.c.obj
 .rodata.__FUNCTION__.10589
                0x60407260        0xd components/app/init/CMakeFiles/VOLITE_APP.dir/__/esp32_network/control_lib/src/ctrl_core.c.obj
 .rodata.__FUNCTION__.10601
                0x6040726d       0x18 components/app/init/CMakeFiles/VOLITE_APP.dir/__/esp32_network/control_lib/src/ctrl_core.c.obj
 .rodata.__FUNCTION__.10605
                0x60407285       0x31 components/app/init/CMakeFiles/VOLITE_APP.dir/__/esp32_network/control_lib/src/ctrl_core.c.obj
 .rodata.__FUNCTION__.10610
                0x604072b6       0x22 components/app/init/CMakeFiles/VOLITE_APP.dir/__/esp32_network/control_lib/src/ctrl_core.c.obj
 .rodata.__FUNCTION__.10616
                0x604072d8       0x13 components/app/init/CMakeFiles/VOLITE_APP.dir/__/esp32_network/control_lib/src/ctrl_core.c.obj
 .rodata.__FUNCTION__.10625
                0x604072eb       0x1e components/app/init/CMakeFiles/VOLITE_APP.dir/__/esp32_network/control_lib/src/ctrl_core.c.obj
 .rodata.__FUNCTION__.10630
                0x60407309       0x1b components/app/init/CMakeFiles/VOLITE_APP.dir/__/esp32_network/control_lib/src/ctrl_core.c.obj
 .rodata.__FUNCTION__.10635
                0x60407324       0x12 components/app/init/CMakeFiles/VOLITE_APP.dir/__/esp32_network/control_lib/src/ctrl_core.c.obj
 .rodata.__FUNCTION__.10698
                0x60407336       0x23 components/app/init/CMakeFiles/VOLITE_APP.dir/__/esp32_network/control_lib/src/ctrl_core.c.obj
 .rodata.__FUNCTION__.10703
                0x60407359       0x21 components/app/init/CMakeFiles/VOLITE_APP.dir/__/esp32_network/control_lib/src/ctrl_core.c.obj
 .rodata.__func__.10559
                0x6040737a       0x14 components/app/init/CMakeFiles/VOLITE_APP.dir/__/esp32_network/control_lib/src/ctrl_core.c.obj
 .rodata.__func__.10569
                0x6040738e        0xf components/app/init/CMakeFiles/VOLITE_APP.dir/__/esp32_network/control_lib/src/ctrl_core.c.obj
 *fill*         0x6040739d        0x1 
 .text.network_init
                0x6040739e        0xa components/app/init/CMakeFiles/VOLITE_APP.dir/__/esp32_network/driver/network/netdev_api.c.obj
                0x6040739e                network_init
 .rodata.network_open.str1.1
                0x604073a8       0x52 components/app/init/CMakeFiles/VOLITE_APP.dir/__/esp32_network/driver/network/netdev_api.c.obj
 *fill*         0x604073fa        0x2 
 .text.network_open
                0x604073fc       0x60 components/app/init/CMakeFiles/VOLITE_APP.dir/__/esp32_network/driver/network/netdev_api.c.obj
                0x604073fc                network_open
 .text.network_read
                0x6040745c       0x42 components/app/init/CMakeFiles/VOLITE_APP.dir/__/esp32_network/driver/network/netdev_api.c.obj
                0x6040745c                network_read
 .text.network_write
                0x6040749e       0x24 components/app/init/CMakeFiles/VOLITE_APP.dir/__/esp32_network/driver/network/netdev_api.c.obj
                0x6040749e                network_write
 .rodata.__FUNCTION__.7942
                0x604074c2        0xd components/app/init/CMakeFiles/VOLITE_APP.dir/__/esp32_network/driver/network/netdev_api.c.obj
 *fill*         0x604074cf        0x1 
 .text.netdev_init
                0x604074d0       0x10 components/app/init/CMakeFiles/VOLITE_APP.dir/__/esp32_network/driver/network/netdev_stub.c.obj
                0x604074d0                netdev_init
 .text.netdev_open
                0x604074e0       0x3a components/app/init/CMakeFiles/VOLITE_APP.dir/__/esp32_network/driver/network/netdev_stub.c.obj
                0x604074e0                netdev_open
 *fill*         0x6040751a        0x2 
 .text.netdev_get
                0x6040751c       0x3c components/app/init/CMakeFiles/VOLITE_APP.dir/__/esp32_network/driver/network/netdev_stub.c.obj
                0x6040751c                netdev_get
 .rodata.netdev_alloc.str1.1
                0x60407558       0x6f components/app/init/CMakeFiles/VOLITE_APP.dir/__/esp32_network/driver/network/netdev_stub.c.obj
 *fill*         0x604075c7        0x1 
 .text.netdev_alloc
                0x604075c8       0x70 components/app/init/CMakeFiles/VOLITE_APP.dir/__/esp32_network/driver/network/netdev_stub.c.obj
                0x604075c8                netdev_alloc
 .text.netdev_free
                0x60407638       0x26 components/app/init/CMakeFiles/VOLITE_APP.dir/__/esp32_network/driver/network/netdev_stub.c.obj
                0x60407638                netdev_free
 .text.netdev_get_priv
                0x6040765e        0x8 components/app/init/CMakeFiles/VOLITE_APP.dir/__/esp32_network/driver/network/netdev_stub.c.obj
                0x6040765e                netdev_get_priv
 .rodata.netdev_register.str1.1
                0x60407666       0x25 components/app/init/CMakeFiles/VOLITE_APP.dir/__/esp32_network/driver/network/netdev_stub.c.obj
 *fill*         0x6040768b        0x1 
 .text.netdev_register
                0x6040768c       0x48 components/app/init/CMakeFiles/VOLITE_APP.dir/__/esp32_network/driver/network/netdev_stub.c.obj
                0x6040768c                netdev_register
 .text.netdev_unregister
                0x604076d4       0x30 components/app/init/CMakeFiles/VOLITE_APP.dir/__/esp32_network/driver/network/netdev_stub.c.obj
                0x604076d4                netdev_unregister
 .rodata.netdev_rx.str1.1
                0x60407704       0x35 components/app/init/CMakeFiles/VOLITE_APP.dir/__/esp32_network/driver/network/netdev_stub.c.obj
 *fill*         0x60407739        0x3 
 .text.netdev_rx
                0x6040773c       0x94 components/app/init/CMakeFiles/VOLITE_APP.dir/__/esp32_network/driver/network/netdev_stub.c.obj
                0x6040773c                netdev_rx
 .rodata.__FUNCTION__.8924
                0x604077d0        0xd components/app/init/CMakeFiles/VOLITE_APP.dir/__/esp32_network/driver/network/netdev_stub.c.obj
 .rodata.__FUNCTION__.8938
                0x604077dd       0x10 components/app/init/CMakeFiles/VOLITE_APP.dir/__/esp32_network/driver/network/netdev_stub.c.obj
 .rodata.__FUNCTION__.8943
                0x604077ed       0x12 components/app/init/CMakeFiles/VOLITE_APP.dir/__/esp32_network/driver/network/netdev_stub.c.obj
 .rodata.__FUNCTION__.8951
                0x604077ff        0xa components/app/init/CMakeFiles/VOLITE_APP.dir/__/esp32_network/driver/network/netdev_stub.c.obj
 *fill*         0x60407809        0x3 
 .text.serial_ll_close
                0x6040780c       0x3c components/app/init/CMakeFiles/VOLITE_APP.dir/__/esp32_network/driver/serial/serial_ll_if.c.obj
 .rodata.serial_ll_write.str1.1
                0x60407848       0x38 components/app/init/CMakeFiles/VOLITE_APP.dir/__/esp32_network/driver/serial/serial_ll_if.c.obj
 .text.serial_ll_write
                0x60407880       0x38 components/app/init/CMakeFiles/VOLITE_APP.dir/__/esp32_network/driver/serial/serial_ll_if.c.obj
 .rodata.serial_ll_read.str1.1
                0x604078b8       0x5d components/app/init/CMakeFiles/VOLITE_APP.dir/__/esp32_network/driver/serial/serial_ll_if.c.obj
 *fill*         0x60407915        0x3 
 .text.serial_ll_read
                0x60407918       0x70 components/app/init/CMakeFiles/VOLITE_APP.dir/__/esp32_network/driver/serial/serial_ll_if.c.obj
 .rodata.serial_ll_open.str1.1
                0x60407988       0x28 components/app/init/CMakeFiles/VOLITE_APP.dir/__/esp32_network/driver/serial/serial_ll_if.c.obj
 .text.serial_ll_open
                0x604079b0       0x48 components/app/init/CMakeFiles/VOLITE_APP.dir/__/esp32_network/driver/serial/serial_ll_if.c.obj
 .rodata.serial_ll_rx_handler.str1.1
                0x604079f8       0xfc components/app/init/CMakeFiles/VOLITE_APP.dir/__/esp32_network/driver/serial/serial_ll_if.c.obj
 .text.serial_ll_rx_handler
                0x60407af4      0x194 components/app/init/CMakeFiles/VOLITE_APP.dir/__/esp32_network/driver/serial/serial_ll_if.c.obj
                0x60407af4                serial_ll_rx_handler
 .rodata.serial_ll_init.str1.1
                0x60407c88       0x7b components/app/init/CMakeFiles/VOLITE_APP.dir/__/esp32_network/driver/serial/serial_ll_if.c.obj
 *fill*         0x60407d03        0x1 
 .text.serial_ll_init
                0x60407d04       0x6c components/app/init/CMakeFiles/VOLITE_APP.dir/__/esp32_network/driver/serial/serial_ll_if.c.obj
                0x60407d04                serial_ll_init
 .rodata.__FUNCTION__.8733
                0x60407d70        0xf components/app/init/CMakeFiles/VOLITE_APP.dir/__/esp32_network/driver/serial/serial_ll_if.c.obj
 .rodata.__FUNCTION__.8746
                0x60407d7f        0xf components/app/init/CMakeFiles/VOLITE_APP.dir/__/esp32_network/driver/serial/serial_ll_if.c.obj
 .rodata.__FUNCTION__.8752
                0x60407d8e       0x10 components/app/init/CMakeFiles/VOLITE_APP.dir/__/esp32_network/driver/serial/serial_ll_if.c.obj
 .rodata.__FUNCTION__.8759
                0x60407d9e       0x15 components/app/init/CMakeFiles/VOLITE_APP.dir/__/esp32_network/driver/serial/serial_ll_if.c.obj
 .rodata.__FUNCTION__.8768
                0x60407db3        0xf components/app/init/CMakeFiles/VOLITE_APP.dir/__/esp32_network/driver/serial/serial_ll_if.c.obj
 .rodata.__func__.8760
                0x60407dc2       0x15 components/app/init/CMakeFiles/VOLITE_APP.dir/__/esp32_network/driver/serial/serial_ll_if.c.obj
 .rodata.compose_tlv.str1.1
                0x60407dd7        0x9 components/app/init/CMakeFiles/VOLITE_APP.dir/__/esp32_network/driver/serial/serial_if.c.obj
 .text.compose_tlv
                0x60407de0       0x40 components/app/init/CMakeFiles/VOLITE_APP.dir/__/esp32_network/driver/serial/serial_if.c.obj
                0x60407de0                compose_tlv
 .rodata.parse_tlv.str1.1
                0x60407e20      0x125 components/app/init/CMakeFiles/VOLITE_APP.dir/__/esp32_network/driver/serial/serial_if.c.obj
 *fill*         0x60407f45        0x3 
 .text.parse_tlv
                0x60407f48       0xd0 components/app/init/CMakeFiles/VOLITE_APP.dir/__/esp32_network/driver/serial/serial_if.c.obj
                0x60407f48                parse_tlv
 .rodata.transport_pserial_close.str1.1
                0x60408018       0x33 components/app/init/CMakeFiles/VOLITE_APP.dir/__/esp32_network/driver/serial/serial_if.c.obj
 *fill*         0x6040804b        0x1 
 .text.transport_pserial_close
                0x6040804c       0x34 components/app/init/CMakeFiles/VOLITE_APP.dir/__/esp32_network/driver/serial/serial_if.c.obj
                0x6040804c                transport_pserial_close
 .rodata.transport_pserial_open.str1.1
                0x60408080       0x9f components/app/init/CMakeFiles/VOLITE_APP.dir/__/esp32_network/driver/serial/serial_if.c.obj
 *fill*         0x6040811f        0x1 
 .text.transport_pserial_open
                0x60408120       0x70 components/app/init/CMakeFiles/VOLITE_APP.dir/__/esp32_network/driver/serial/serial_if.c.obj
                0x60408120                transport_pserial_open
 .rodata.transport_pserial_send.str1.1
                0x60408190       0xb2 components/app/init/CMakeFiles/VOLITE_APP.dir/__/esp32_network/driver/serial/serial_if.c.obj
 *fill*         0x60408242        0x2 
 .text.transport_pserial_send
                0x60408244       0x98 components/app/init/CMakeFiles/VOLITE_APP.dir/__/esp32_network/driver/serial/serial_if.c.obj
                0x60408244                transport_pserial_send
 .text.transport_pserial_read
                0x604082dc       0x10 components/app/init/CMakeFiles/VOLITE_APP.dir/__/esp32_network/driver/serial/serial_if.c.obj
                0x604082dc                transport_pserial_read
 .rodata.__FUNCTION__.8095
                0x604082ec        0xa components/app/init/CMakeFiles/VOLITE_APP.dir/__/esp32_network/driver/serial/serial_if.c.obj
 .rodata.__FUNCTION__.8100
                0x604082f6       0x18 components/app/init/CMakeFiles/VOLITE_APP.dir/__/esp32_network/driver/serial/serial_if.c.obj
 .rodata.__FUNCTION__.8106
                0x6040830e       0x17 components/app/init/CMakeFiles/VOLITE_APP.dir/__/esp32_network/driver/serial/serial_if.c.obj
 .rodata.__FUNCTION__.8116
                0x60408325       0x17 components/app/init/CMakeFiles/VOLITE_APP.dir/__/esp32_network/driver/serial/serial_if.c.obj
 .rodata.__func__.8117
                0x6040833c       0x17 components/app/init/CMakeFiles/VOLITE_APP.dir/__/esp32_network/driver/serial/serial_if.c.obj
 *fill*         0x60408353        0x1 
 .text.esp_netdev_open
                0x60408354        0x4 components/app/init/CMakeFiles/VOLITE_APP.dir/__/esp32_network/driver/transport/transport_drv.c.obj
                0x60408354                esp_netdev_open
 .text.esp_netdev_close
                0x60408358        0x4 components/app/init/CMakeFiles/VOLITE_APP.dir/__/esp32_network/driver/transport/transport_drv.c.obj
                0x60408358                esp_netdev_close
 .text.esp_netdev_xmit
                0x6040835c       0x30 components/app/init/CMakeFiles/VOLITE_APP.dir/__/esp32_network/driver/transport/transport_drv.c.obj
                0x6040835c                esp_netdev_xmit
 .rodata.process_capabilities.str1.1
                0x6040838c       0x29 components/app/init/CMakeFiles/VOLITE_APP.dir/__/esp32_network/driver/transport/transport_drv.c.obj
 *fill*         0x604083b5        0x3 
 .text.process_capabilities
                0x604083b8       0x24 components/app/init/CMakeFiles/VOLITE_APP.dir/__/esp32_network/driver/transport/transport_drv.c.obj
                0x604083b8                process_capabilities
 .rodata.print_capabilities.str1.1
                0x604083dc      0x13c components/app/init/CMakeFiles/VOLITE_APP.dir/__/esp32_network/driver/transport/transport_drv.c.obj
 .text.print_capabilities
                0x60408518       0xac components/app/init/CMakeFiles/VOLITE_APP.dir/__/esp32_network/driver/transport/transport_drv.c.obj
                0x60408518                print_capabilities
 .rodata.process_init_event.str1.1
                0x604085c4      0x10f components/app/init/CMakeFiles/VOLITE_APP.dir/__/esp32_network/driver/transport/transport_drv.c.obj
 *fill*         0x604086d3        0x1 
 .text.process_init_event
                0x604086d4       0xe0 components/app/init/CMakeFiles/VOLITE_APP.dir/__/esp32_network/driver/transport/transport_drv.c.obj
                0x604086d4                process_init_event
 .rodata.process_event.str1.1
                0x604087b4       0xa0 components/app/init/CMakeFiles/VOLITE_APP.dir/__/esp32_network/driver/transport/transport_drv.c.obj
 .text.process_event
                0x60408854       0x60 components/app/init/CMakeFiles/VOLITE_APP.dir/__/esp32_network/driver/transport/transport_drv.c.obj
                0x60408854                process_event
 .rodata.process_priv_communication.str1.1
                0x604088b4       0x28 components/app/init/CMakeFiles/VOLITE_APP.dir/__/esp32_network/driver/transport/transport_drv.c.obj
 .text.process_priv_communication
                0x604088dc       0x3c components/app/init/CMakeFiles/VOLITE_APP.dir/__/esp32_network/driver/transport/transport_drv.c.obj
                0x604088dc                process_priv_communication
 .rodata.__FUNCTION__.15127
                0x60408918       0x15 components/app/init/CMakeFiles/VOLITE_APP.dir/__/esp32_network/driver/transport/transport_drv.c.obj
 .rodata.__FUNCTION__.15134
                0x6040892d       0x1b components/app/init/CMakeFiles/VOLITE_APP.dir/__/esp32_network/driver/transport/transport_drv.c.obj
 .rodata.__FUNCTION__.15138
                0x60408948       0x13 components/app/init/CMakeFiles/VOLITE_APP.dir/__/esp32_network/driver/transport/transport_drv.c.obj
 .rodata.__FUNCTION__.15145
                0x6040895b        0xe components/app/init/CMakeFiles/VOLITE_APP.dir/__/esp32_network/driver/transport/transport_drv.c.obj
 .rodata.__FUNCTION__.15153
                0x60408969       0x13 components/app/init/CMakeFiles/VOLITE_APP.dir/__/esp32_network/driver/transport/transport_drv.c.obj
 .rodata.process_rx_task.str1.1
                0x6040897c      0x1f8 components/app/init/CMakeFiles/VOLITE_APP.dir/__/esp32_network/driver/transport/spi/spi_drv.c.obj
 .text.process_rx_task
                0x60408b74      0x224 components/app/init/CMakeFiles/VOLITE_APP.dir/__/esp32_network/driver/transport/spi/spi_drv.c.obj
 .rodata.ql_spi_demo_cb_handler.str1.1
                0x60408d98       0x46 components/app/init/CMakeFiles/VOLITE_APP.dir/__/esp32_network/driver/transport/spi/spi_drv.c.obj
 *fill*         0x60408dde        0x2 
 .text.ql_spi_demo_cb_handler
                0x60408de0       0x80 components/app/init/CMakeFiles/VOLITE_APP.dir/__/esp32_network/driver/transport/spi/spi_drv.c.obj
                0x60408de0                ql_spi_demo_cb_handler
 .text.deinit_netdev
                0x60408e60       0x3c components/app/init/CMakeFiles/VOLITE_APP.dir/__/esp32_network/driver/transport/spi/spi_drv.c.obj
 .rodata.spi_transaction_v2.str1.1
                0x60408e9c       0xf7 components/app/init/CMakeFiles/VOLITE_APP.dir/__/esp32_network/driver/transport/spi/spi_drv.c.obj
 *fill*         0x60408f93        0x1 
 .text.spi_transaction_v2
                0x60408f94      0x238 components/app/init/CMakeFiles/VOLITE_APP.dir/__/esp32_network/driver/transport/spi/spi_drv.c.obj
 .rodata.check_and_execute_spi_transaction.str1.1
                0x604091cc       0x64 components/app/init/CMakeFiles/VOLITE_APP.dir/__/esp32_network/driver/transport/spi/spi_drv.c.obj
 .text.check_and_execute_spi_transaction
                0x60409230      0x148 components/app/init/CMakeFiles/VOLITE_APP.dir/__/esp32_network/driver/transport/spi/spi_drv.c.obj
 .rodata.transaction_task.str1.1
                0x60409378       0xa0 components/app/init/CMakeFiles/VOLITE_APP.dir/__/esp32_network/driver/transport/spi/spi_drv.c.obj
 .text.transaction_task
                0x60409418       0xa4 components/app/init/CMakeFiles/VOLITE_APP.dir/__/esp32_network/driver/transport/spi/spi_drv.c.obj
 .rodata.spi_transaction_v1.str1.1
                0x604094bc       0x2b components/app/init/CMakeFiles/VOLITE_APP.dir/__/esp32_network/driver/transport/spi/spi_drv.c.obj
 *fill*         0x604094e7        0x1 
 .text.spi_transaction_v1
                0x604094e8      0x184 components/app/init/CMakeFiles/VOLITE_APP.dir/__/esp32_network/driver/transport/spi/spi_drv.c.obj
 .rodata.transport_init.str1.1
                0x6040966c      0x1e2 components/app/init/CMakeFiles/VOLITE_APP.dir/__/esp32_network/driver/transport/spi/spi_drv.c.obj
                                0x1f9 (size before relaxing)
 *fill*         0x6040984e        0x2 
 .text.transport_init
                0x60409850      0x2d4 components/app/init/CMakeFiles/VOLITE_APP.dir/__/esp32_network/driver/transport/spi/spi_drv.c.obj
                0x60409850                transport_init
 .text.gpio_exit_call_back
                0x60409b24       0x3c components/app/init/CMakeFiles/VOLITE_APP.dir/__/esp32_network/driver/transport/spi/spi_drv.c.obj
                0x60409b24                gpio_exit_call_back
 .rodata.gpio_exit_task.str1.1
                0x60409b60       0x1d components/app/init/CMakeFiles/VOLITE_APP.dir/__/esp32_network/driver/transport/spi/spi_drv.c.obj
 *fill*         0x60409b7d        0x3 
 .text.gpio_exit_task
                0x60409b80       0x30 components/app/init/CMakeFiles/VOLITE_APP.dir/__/esp32_network/driver/transport/spi/spi_drv.c.obj
                0x60409b80                gpio_exit_task
 .rodata.send_to_slave.str1.1
                0x60409bb0       0x7f components/app/init/CMakeFiles/VOLITE_APP.dir/__/esp32_network/driver/transport/spi/spi_drv.c.obj
 *fill*         0x60409c2f        0x1 
 .text.send_to_slave
                0x60409c30       0xac components/app/init/CMakeFiles/VOLITE_APP.dir/__/esp32_network/driver/transport/spi/spi_drv.c.obj
                0x60409c30                send_to_slave
 .rodata.spi_init.str1.1
                0x60409cdc       0x1d components/app/init/CMakeFiles/VOLITE_APP.dir/__/esp32_network/driver/transport/spi/spi_drv.c.obj
 *fill*         0x60409cf9        0x3 
 .text.spi_init
                0x60409cfc       0xa8 components/app/init/CMakeFiles/VOLITE_APP.dir/__/esp32_network/driver/transport/spi/spi_drv.c.obj
                0x60409cfc                spi_init
 .rodata.__FUNCTION__.16000
                0x60409da4        0xc components/app/init/CMakeFiles/VOLITE_APP.dir/__/esp32_network/driver/transport/spi/spi_drv.c.obj
 .rodata.__FUNCTION__.16030
                0x60409db0        0xf components/app/init/CMakeFiles/VOLITE_APP.dir/__/esp32_network/driver/transport/spi/spi_drv.c.obj
 .rodata.__FUNCTION__.16060
                0x60409dbf        0xf components/app/init/CMakeFiles/VOLITE_APP.dir/__/esp32_network/driver/transport/spi/spi_drv.c.obj
 .rodata.__FUNCTION__.16070
                0x60409dce       0x22 components/app/init/CMakeFiles/VOLITE_APP.dir/__/esp32_network/driver/transport/spi/spi_drv.c.obj
 .rodata.__FUNCTION__.16078
                0x60409df0        0xe components/app/init/CMakeFiles/VOLITE_APP.dir/__/esp32_network/driver/transport/spi/spi_drv.c.obj
 .rodata.__FUNCTION__.16092
                0x60409dfe       0x13 components/app/init/CMakeFiles/VOLITE_APP.dir/__/esp32_network/driver/transport/spi/spi_drv.c.obj
 .rodata.__FUNCTION__.16111
                0x60409e11       0x17 components/app/init/CMakeFiles/VOLITE_APP.dir/__/esp32_network/driver/transport/spi/spi_drv.c.obj
 .rodata.__FUNCTION__.16119
                0x60409e28        0xf components/app/init/CMakeFiles/VOLITE_APP.dir/__/esp32_network/driver/transport/spi/spi_drv.c.obj
 .rodata.__FUNCTION__.16132
                0x60409e37        0x9 components/app/init/CMakeFiles/VOLITE_APP.dir/__/esp32_network/driver/transport/spi/spi_drv.c.obj
 .rodata.__FUNCTION__.16146
                0x60409e40       0x13 components/app/init/CMakeFiles/VOLITE_APP.dir/__/esp32_network/driver/transport/spi/spi_drv.c.obj
 .rodata.__FUNCTION__.16163
                0x60409e53       0x11 components/app/init/CMakeFiles/VOLITE_APP.dir/__/esp32_network/driver/transport/spi/spi_drv.c.obj
 .rodata.__FUNCTION__.16169
                0x60409e64       0x10 components/app/init/CMakeFiles/VOLITE_APP.dir/__/esp32_network/driver/transport/spi/spi_drv.c.obj
 .rodata.__FUNCTION__.16190
                0x60409e74        0xe components/app/init/CMakeFiles/VOLITE_APP.dir/__/esp32_network/driver/transport/spi/spi_drv.c.obj
 *fill*         0x60409e82        0x2 
 .rodata.spi_trans_func
                0x60409e84        0x8 components/app/init/CMakeFiles/VOLITE_APP.dir/__/esp32_network/driver/transport/spi/spi_drv.c.obj
 .text.control_path_rx_indication
                0x60409e8c       0x10 components/app/init/CMakeFiles/VOLITE_APP.dir/__/esp32_network/port/src/platform_wrapper.c.obj
 .rodata.control_path_platform_init.str1.1
                0x60409e9c      0x112 components/app/init/CMakeFiles/VOLITE_APP.dir/__/esp32_network/port/src/platform_wrapper.c.obj
 *fill*         0x60409fae        0x2 
 .text.control_path_platform_init
                0x60409fb0       0xb0 components/app/init/CMakeFiles/VOLITE_APP.dir/__/esp32_network/port/src/platform_wrapper.c.obj
                0x60409fb0                control_path_platform_init
 .text.hosted_malloc
                0x6040a060        0x4 components/app/init/CMakeFiles/VOLITE_APP.dir/__/esp32_network/port/src/platform_wrapper.c.obj
                0x6040a060                hosted_malloc
 .text.hosted_calloc
                0x6040a064       0x1c components/app/init/CMakeFiles/VOLITE_APP.dir/__/esp32_network/port/src/platform_wrapper.c.obj
                0x6040a064                hosted_calloc
 .text.hosted_free
                0x6040a080        0x8 components/app/init/CMakeFiles/VOLITE_APP.dir/__/esp32_network/port/src/platform_wrapper.c.obj
                0x6040a080                hosted_free
 .text.hosted_realloc
                0x6040a088       0x32 components/app/init/CMakeFiles/VOLITE_APP.dir/__/esp32_network/port/src/platform_wrapper.c.obj
                0x6040a088                hosted_realloc
 .rodata.hosted_thread_create.str1.1
                0x6040a0ba       0xc4 components/app/init/CMakeFiles/VOLITE_APP.dir/__/esp32_network/port/src/platform_wrapper.c.obj
 *fill*         0x6040a17e        0x2 
 .text.hosted_thread_create
                0x6040a180       0x80 components/app/init/CMakeFiles/VOLITE_APP.dir/__/esp32_network/port/src/platform_wrapper.c.obj
                0x6040a180                hosted_thread_create
 .rodata.hosted_thread_cancel.str1.1
                0x6040a200       0x74 components/app/init/CMakeFiles/VOLITE_APP.dir/__/esp32_network/port/src/platform_wrapper.c.obj
 .text.hosted_thread_cancel
                0x6040a274       0x50 components/app/init/CMakeFiles/VOLITE_APP.dir/__/esp32_network/port/src/platform_wrapper.c.obj
                0x6040a274                hosted_thread_cancel
 .rodata.hosted_create_semaphore.str1.1
                0x6040a2c4       0x2e components/app/init/CMakeFiles/VOLITE_APP.dir/__/esp32_network/port/src/platform_wrapper.c.obj
 *fill*         0x6040a2f2        0x2 
 .text.hosted_create_semaphore
                0x6040a2f4       0x38 components/app/init/CMakeFiles/VOLITE_APP.dir/__/esp32_network/port/src/platform_wrapper.c.obj
                0x6040a2f4                hosted_create_semaphore
 .text.sleep    0x6040a32c       0x10 components/app/init/CMakeFiles/VOLITE_APP.dir/__/esp32_network/port/src/platform_wrapper.c.obj
                0x6040a32c                sleep
 .text.msleep   0x6040a33c        0xa components/app/init/CMakeFiles/VOLITE_APP.dir/__/esp32_network/port/src/platform_wrapper.c.obj
                0x6040a33c                msleep
 .rodata.hosted_get_semaphore.str1.1
                0x6040a346       0x60 components/app/init/CMakeFiles/VOLITE_APP.dir/__/esp32_network/port/src/platform_wrapper.c.obj
 *fill*         0x6040a3a6        0x2 
 .text.hosted_get_semaphore
                0x6040a3a8       0x54 components/app/init/CMakeFiles/VOLITE_APP.dir/__/esp32_network/port/src/platform_wrapper.c.obj
                0x6040a3a8                hosted_get_semaphore
 .rodata.hosted_post_semaphore.str1.1
                0x6040a3fc       0x2f components/app/init/CMakeFiles/VOLITE_APP.dir/__/esp32_network/port/src/platform_wrapper.c.obj
 *fill*         0x6040a42b        0x1 
 .text.hosted_post_semaphore
                0x6040a42c       0x30 components/app/init/CMakeFiles/VOLITE_APP.dir/__/esp32_network/port/src/platform_wrapper.c.obj
                0x6040a42c                hosted_post_semaphore
 .rodata.hosted_destroy_semaphore.str1.1
                0x6040a45c       0x5d components/app/init/CMakeFiles/VOLITE_APP.dir/__/esp32_network/port/src/platform_wrapper.c.obj
 *fill*         0x6040a4b9        0x3 
 .text.hosted_destroy_semaphore
                0x6040a4bc       0x4c components/app/init/CMakeFiles/VOLITE_APP.dir/__/esp32_network/port/src/platform_wrapper.c.obj
                0x6040a4bc                hosted_destroy_semaphore
 .rodata.hosted_timer_stop.str1.1
                0x6040a508       0x5c components/app/init/CMakeFiles/VOLITE_APP.dir/__/esp32_network/port/src/platform_wrapper.c.obj
 .text.hosted_timer_stop
                0x6040a564       0x54 components/app/init/CMakeFiles/VOLITE_APP.dir/__/esp32_network/port/src/platform_wrapper.c.obj
                0x6040a564                hosted_timer_stop
 .rodata.hosted_timer_start.str1.1
                0x6040a5b8       0x3b components/app/init/CMakeFiles/VOLITE_APP.dir/__/esp32_network/port/src/platform_wrapper.c.obj
 *fill*         0x6040a5f3        0x1 
 .text.hosted_timer_start
                0x6040a5f4       0x3c components/app/init/CMakeFiles/VOLITE_APP.dir/__/esp32_network/port/src/platform_wrapper.c.obj
                0x6040a5f4                hosted_timer_start
 .rodata.serial_drv_open.str1.1
                0x6040a630       0x67 components/app/init/CMakeFiles/VOLITE_APP.dir/__/esp32_network/port/src/platform_wrapper.c.obj
 *fill*         0x6040a697        0x1 
 .text.serial_drv_open
                0x6040a698       0x40 components/app/init/CMakeFiles/VOLITE_APP.dir/__/esp32_network/port/src/platform_wrapper.c.obj
                0x6040a698                serial_drv_open
 .rodata.serial_drv_write.str1.1
                0x6040a6d8       0x97 components/app/init/CMakeFiles/VOLITE_APP.dir/__/esp32_network/port/src/platform_wrapper.c.obj
 *fill*         0x6040a76f        0x1 
 .text.serial_drv_write
                0x6040a770       0x6c components/app/init/CMakeFiles/VOLITE_APP.dir/__/esp32_network/port/src/platform_wrapper.c.obj
                0x6040a770                serial_drv_write
 .rodata.serial_drv_read.str1.1
                0x6040a7dc      0x1fb components/app/init/CMakeFiles/VOLITE_APP.dir/__/esp32_network/port/src/platform_wrapper.c.obj
 *fill*         0x6040a9d7        0x1 
 .text.serial_drv_read
                0x6040a9d8      0x18c components/app/init/CMakeFiles/VOLITE_APP.dir/__/esp32_network/port/src/platform_wrapper.c.obj
                0x6040a9d8                serial_drv_read
 .rodata.serial_drv_close.str1.1
                0x6040ab64       0x35 components/app/init/CMakeFiles/VOLITE_APP.dir/__/esp32_network/port/src/platform_wrapper.c.obj
 *fill*         0x6040ab99        0x3 
 .text.serial_drv_close
                0x6040ab9c       0x3c components/app/init/CMakeFiles/VOLITE_APP.dir/__/esp32_network/port/src/platform_wrapper.c.obj
                0x6040ab9c                serial_drv_close
 .rodata.__FUNCTION__.8730
                0x6040abd8       0x1b components/app/init/CMakeFiles/VOLITE_APP.dir/__/esp32_network/port/src/platform_wrapper.c.obj
 .rodata.__FUNCTION__.8761
                0x6040abf3       0x15 components/app/init/CMakeFiles/VOLITE_APP.dir/__/esp32_network/port/src/platform_wrapper.c.obj
 .rodata.__FUNCTION__.8768
                0x6040ac08       0x15 components/app/init/CMakeFiles/VOLITE_APP.dir/__/esp32_network/port/src/platform_wrapper.c.obj
 .rodata.__FUNCTION__.8773
                0x6040ac1d       0x18 components/app/init/CMakeFiles/VOLITE_APP.dir/__/esp32_network/port/src/platform_wrapper.c.obj
 .rodata.__FUNCTION__.8786
                0x6040ac35       0x15 components/app/init/CMakeFiles/VOLITE_APP.dir/__/esp32_network/port/src/platform_wrapper.c.obj
 .rodata.__FUNCTION__.8791
                0x6040ac4a       0x16 components/app/init/CMakeFiles/VOLITE_APP.dir/__/esp32_network/port/src/platform_wrapper.c.obj
 .rodata.__FUNCTION__.8797
                0x6040ac60       0x19 components/app/init/CMakeFiles/VOLITE_APP.dir/__/esp32_network/port/src/platform_wrapper.c.obj
 .rodata.__FUNCTION__.8802
                0x6040ac79       0x12 components/app/init/CMakeFiles/VOLITE_APP.dir/__/esp32_network/port/src/platform_wrapper.c.obj
 .rodata.__FUNCTION__.8814
                0x6040ac8b       0x13 components/app/init/CMakeFiles/VOLITE_APP.dir/__/esp32_network/port/src/platform_wrapper.c.obj
 .rodata.__FUNCTION__.8824
                0x6040ac9e       0x10 components/app/init/CMakeFiles/VOLITE_APP.dir/__/esp32_network/port/src/platform_wrapper.c.obj
 .rodata.__FUNCTION__.8832
                0x6040acae       0x11 components/app/init/CMakeFiles/VOLITE_APP.dir/__/esp32_network/port/src/platform_wrapper.c.obj
 .rodata.__FUNCTION__.8844
                0x6040acbf       0x10 components/app/init/CMakeFiles/VOLITE_APP.dir/__/esp32_network/port/src/platform_wrapper.c.obj
 .rodata.__FUNCTION__.8850
                0x6040accf       0x11 components/app/init/CMakeFiles/VOLITE_APP.dir/__/esp32_network/port/src/platform_wrapper.c.obj
 .rodata.__func__.8845
                0x6040ace0       0x10 components/app/init/CMakeFiles/VOLITE_APP.dir/__/esp32_network/port/src/platform_wrapper.c.obj
 .text.scan_result__init
                0x6040acf0       0x18 components/app/init/CMakeFiles/VOLITE_APP.dir/__/esp32_network/common_based/esp_hosted_config.pb-c.c.obj
                0x6040acf0                scan_result__init
 .text.connected_stalist__init
                0x6040ad08       0x18 components/app/init/CMakeFiles/VOLITE_APP.dir/__/esp32_network/common_based/esp_hosted_config.pb-c.c.obj
                0x6040ad08                connected_stalist__init
 .text.ctrl_msg__req__get_mac_address__init
                0x6040ad20       0x14 components/app/init/CMakeFiles/VOLITE_APP.dir/__/esp32_network/common_based/esp_hosted_config.pb-c.c.obj
                0x6040ad20                ctrl_msg__req__get_mac_address__init
 .text.ctrl_msg__resp__get_mac_address__init
                0x6040ad34       0x18 components/app/init/CMakeFiles/VOLITE_APP.dir/__/esp32_network/common_based/esp_hosted_config.pb-c.c.obj
                0x6040ad34                ctrl_msg__resp__get_mac_address__init
 .text.ctrl_msg__req__get_mode__init
                0x6040ad4c       0x10 components/app/init/CMakeFiles/VOLITE_APP.dir/__/esp32_network/common_based/esp_hosted_config.pb-c.c.obj
                0x6040ad4c                ctrl_msg__req__get_mode__init
 .text.ctrl_msg__resp__get_mode__init
                0x6040ad5c       0x14 components/app/init/CMakeFiles/VOLITE_APP.dir/__/esp32_network/common_based/esp_hosted_config.pb-c.c.obj
                0x6040ad5c                ctrl_msg__resp__get_mode__init
 .text.ctrl_msg__req__set_mode__init
                0x6040ad70       0x14 components/app/init/CMakeFiles/VOLITE_APP.dir/__/esp32_network/common_based/esp_hosted_config.pb-c.c.obj
                0x6040ad70                ctrl_msg__req__set_mode__init
 .text.ctrl_msg__resp__set_mode__init
                0x6040ad84       0x14 components/app/init/CMakeFiles/VOLITE_APP.dir/__/esp32_network/common_based/esp_hosted_config.pb-c.c.obj
                0x6040ad84                ctrl_msg__resp__set_mode__init
 .text.ctrl_msg__req__get_status__init
                0x6040ad98       0x10 components/app/init/CMakeFiles/VOLITE_APP.dir/__/esp32_network/common_based/esp_hosted_config.pb-c.c.obj
                0x6040ad98                ctrl_msg__req__get_status__init
 .text.ctrl_msg__resp__get_status__init
                0x6040ada8       0x14 components/app/init/CMakeFiles/VOLITE_APP.dir/__/esp32_network/common_based/esp_hosted_config.pb-c.c.obj
                0x6040ada8                ctrl_msg__resp__get_status__init
 .text.ctrl_msg__req__set_mac_address__init
                0x6040adbc       0x18 components/app/init/CMakeFiles/VOLITE_APP.dir/__/esp32_network/common_based/esp_hosted_config.pb-c.c.obj
                0x6040adbc                ctrl_msg__req__set_mac_address__init
 .text.ctrl_msg__resp__set_mac_address__init
                0x6040add4       0x14 components/app/init/CMakeFiles/VOLITE_APP.dir/__/esp32_network/common_based/esp_hosted_config.pb-c.c.obj
                0x6040add4                ctrl_msg__resp__set_mac_address__init
 .text.ctrl_msg__req__get_apconfig__init
                0x6040ade8       0x10 components/app/init/CMakeFiles/VOLITE_APP.dir/__/esp32_network/common_based/esp_hosted_config.pb-c.c.obj
                0x6040ade8                ctrl_msg__req__get_apconfig__init
 .text.ctrl_msg__resp__get_apconfig__init
                0x6040adf8       0x18 components/app/init/CMakeFiles/VOLITE_APP.dir/__/esp32_network/common_based/esp_hosted_config.pb-c.c.obj
                0x6040adf8                ctrl_msg__resp__get_apconfig__init
 .text.ctrl_msg__req__connect_ap__init
                0x6040ae10       0x18 components/app/init/CMakeFiles/VOLITE_APP.dir/__/esp32_network/common_based/esp_hosted_config.pb-c.c.obj
                0x6040ae10                ctrl_msg__req__connect_ap__init
 .text.ctrl_msg__resp__connect_ap__init
                0x6040ae28       0x18 components/app/init/CMakeFiles/VOLITE_APP.dir/__/esp32_network/common_based/esp_hosted_config.pb-c.c.obj
                0x6040ae28                ctrl_msg__resp__connect_ap__init
 .text.ctrl_msg__req__get_soft_apconfig__init
                0x6040ae40       0x10 components/app/init/CMakeFiles/VOLITE_APP.dir/__/esp32_network/common_based/esp_hosted_config.pb-c.c.obj
                0x6040ae40                ctrl_msg__req__get_soft_apconfig__init
 .text.ctrl_msg__resp__get_soft_apconfig__init
                0x6040ae50       0x18 components/app/init/CMakeFiles/VOLITE_APP.dir/__/esp32_network/common_based/esp_hosted_config.pb-c.c.obj
                0x6040ae50                ctrl_msg__resp__get_soft_apconfig__init
 .text.ctrl_msg__req__start_soft_ap__init
                0x6040ae68       0x1c components/app/init/CMakeFiles/VOLITE_APP.dir/__/esp32_network/common_based/esp_hosted_config.pb-c.c.obj
                0x6040ae68                ctrl_msg__req__start_soft_ap__init
 .text.ctrl_msg__resp__start_soft_ap__init
                0x6040ae84       0x18 components/app/init/CMakeFiles/VOLITE_APP.dir/__/esp32_network/common_based/esp_hosted_config.pb-c.c.obj
                0x6040ae84                ctrl_msg__resp__start_soft_ap__init
 .text.ctrl_msg__req__scan_result__init
                0x6040ae9c       0x10 components/app/init/CMakeFiles/VOLITE_APP.dir/__/esp32_network/common_based/esp_hosted_config.pb-c.c.obj
                0x6040ae9c                ctrl_msg__req__scan_result__init
 .text.ctrl_msg__resp__scan_result__init
                0x6040aeac       0x18 components/app/init/CMakeFiles/VOLITE_APP.dir/__/esp32_network/common_based/esp_hosted_config.pb-c.c.obj
                0x6040aeac                ctrl_msg__resp__scan_result__init
 .text.ctrl_msg__req__soft_apconnected_sta__init
                0x6040aec4       0x10 components/app/init/CMakeFiles/VOLITE_APP.dir/__/esp32_network/common_based/esp_hosted_config.pb-c.c.obj
                0x6040aec4                ctrl_msg__req__soft_apconnected_sta__init
 .text.ctrl_msg__resp__soft_apconnected_sta__init
                0x6040aed4       0x18 components/app/init/CMakeFiles/VOLITE_APP.dir/__/esp32_network/common_based/esp_hosted_config.pb-c.c.obj