<html>
<body>
<pre>
<h1>礦ision Build Log</h1>
<h2>Tool Versions:</h2>
IDE-Version: μVision V5.24.2.86
Copyright (C) 2017 ARM Ltd and ARM Germany GmbH. All rights reserved.
License Information: 1 李文秀, 1, LIC=76F5U-S6GXH-Z9XG9-48KYH-NM03P-CZ9ZT
 
Tool Versions:
Toolchain:       MDK-ARM Plus  Version: 5.24.1
Toolchain Path:  D:\keil\ARM\ARMCLANG\Bin
C Compiler:      ArmClang.exe V6.7
Assembler:       Armasm.exe V6.7
Linker/Locator:  ArmLink.exe V6.7
Library Manager: ArmAr.exe V6.7
Hex Converter:   FromElf.exe V6.7
CPU DLL:         SARMCM3.DLL V5.24.1
Dialog DLL:      DCM.DLL V1.16.0.0
Target DLL:      UL2CM3.DLL V1.160.3.0
Dialog DLL:      TCM.DLL V1.32.0.0
 
<h2>Project:</h2>
D:\系统默认\桌面\FSV9563开发资料（外发）\FSV9563开发资料（外发）\FSV9563demo20307\FSV9563demo\test.uvprojx
Project File Date:  04/13/2025

<h2>Output:</h2>
*** Using Compiler 'V6.7', folder: 'D:\keil\ARM\ARMCLANG\Bin'
Build target 'Target 1'
compiling main.c...
compiling FSV9563.C...
linking...
Program Size: Code=5820 RO-data=312 RW-data=48 ZI-data=1032  
FromELF: creating hex file...
".\Objects\test.axf" - 0 Error(s), 0 Warning(s).

<h2>Software Packages used:</h2>

Package Vendor: ARM
                http://www.keil.com/pack/ARM.CMSIS.5.0.1.pack
                ARM.CMSIS.5.0.1
                CMSIS (Cortex Microcontroller Software Interface Standard)
   * Component: CORE Version: 5.0.1

Package Vendor: Keil
                http://www.keil.com/pack/Keil.STM32F1xx_DFP.2.2.0.pack
                Keil.STM32F1xx_DFP.2.2.0
                STMicroelectronics STM32F1 Series Device Support, Drivers and Examples
   * Component: USART Version: 3.5.0
   * Component: SPI Version: 3.5.0
   * Component: RCC Version: 3.5.0
   * Component: GPIO Version: 3.5.0
   * Component: Framework Version: 3.5.1
   * Component: EXTI Version: 3.5.0
   * Component: ADC Version: 3.5.0
   * Component: Startup Version: 1.0.0

<h2>Collection of Component include folders:</h2>
  .\RTE\Device\STM32F103C8
  .\RTE\_Target_1
  D:\keil\ARM\PACK\ARM\CMSIS\5.0.1\CMSIS\Include
  D:\keil\ARM\PACK\Keil\STM32F1xx_DFP\2.2.0\Device\Include
  D:\keil\ARM\PACK\Keil\STM32F1xx_DFP\2.2.0\Device\StdPeriph_Driver\inc

<h2>Collection of Component Files used:</h2>

   * Component: Keil::Device:StdPeriph Drivers:USART:3.5.0
      Include file:  Device\StdPeriph_Driver\inc\stm32f10x_usart.h
      Source file:   Device\StdPeriph_Driver\src\stm32f10x_usart.c

   * Component: Keil::Device:StdPeriph Drivers:SPI:3.5.0
      Source file:   Device\StdPeriph_Driver\src\stm32f10x_spi.c
      Include file:  Device\StdPeriph_Driver\inc\stm32f10x_spi.h

   * Component: Keil::Device:StdPeriph Drivers:RCC:3.5.0
      Include file:  Device\StdPeriph_Driver\inc\stm32f10x_rcc.h
      Source file:   Device\StdPeriph_Driver\src\stm32f10x_rcc.c

   * Component: Keil::Device:StdPeriph Drivers:GPIO:3.5.0
      Source file:   Device\StdPeriph_Driver\src\stm32f10x_gpio.c
      Include file:  Device\StdPeriph_Driver\inc\stm32f10x_gpio.h

   * Component: Keil::Device:StdPeriph Drivers:Framework:3.5.1
      Source file:   Device\StdPeriph_Driver\src\misc.c
      Source file:   Device\StdPeriph_Driver\templates\stm32f10x_conf.h
      Include file:  Device\StdPeriph_Driver\templates\stm32f10x_it.h
      Source file:   Device\StdPeriph_Driver\templates\stm32f10x_it.c
      Include file:  Device\StdPeriph_Driver\inc\misc.h

   * Component: Keil::Device:StdPeriph Drivers:EXTI:3.5.0
      Include file:  Device\StdPeriph_Driver\inc\stm32f10x_exti.h
      Source file:   Device\StdPeriph_Driver\src\stm32f10x_exti.c

   * Component: Keil::Device:StdPeriph Drivers:ADC:3.5.0
      Include file:  Device\StdPeriph_Driver\inc\stm32f10x_adc.h
      Source file:   Device\StdPeriph_Driver\src\stm32f10x_adc.c

   * Component: Keil::Device:Startup:1.0.0
      Source file:   Device\Source\ARM\STM32F1xx_OPT.s
      Source file:   Device\Source\ARM\startup_stm32f10x_md.s
      Source file:   Device\Source\system_stm32f10x.c
      Include file:  RTE_Driver\Config\RTE_Device.h

   * Component: ARM::CMSIS:CORE:5.0.1
Build Time Elapsed:  00:00:05
</pre>
</body>
</html>
